Component: ARM Compiler 5.05 update 1 (build 106) Tool: armlink [4d0efa]

==============================================================================

Section Cross References

    cppforstm32.o(.text) refers to stm32f4xx_usart.o(.text) for USART_GetFlagStatus
    cppforstm32.o(.ARM.exidx) refers to cppforstm32.o(.text) for .text
    main.o(.text) refers to bsp.o(.text) for BSPinit()
    main.o(.text) refers to printfa.o(i.__0printf) for __2printf
    main.o(.text) refers to dji_api.o(.text) for DJI::onboardSDK::CoreAPI::getSDKVersion(void(*)(DJI::onboardSDK::CoreAPI*, DJI::onboardSDK::Header*, void*), void*)
    main.o(.text) refers to receive.o(.text) for Rx_buff_Handler()
    main.o(.text) refers to new.o(i._Znwj) for operator new(unsigned)
    main.o(.text) refers to dji_flight.o(.text) for DJI::onboardSDK::Flight::Flight(DJI::onboardSDK::CoreAPI*)
    main.o(.text) refers to dji_virtualrc.o(.text) for DJI::onboardSDK::VirtualRC::VirtualRC(DJI::onboardSDK::CoreAPI*)
    main.o(.text) refers to main.o(.data) for coreApi
    main.o(.text) refers to receive.o(.data) for Rx_Handle_Flag
    main.o(.text) refers to dji_harddriver.o(.constdata__ZTVN3DJI10onboardSDK10HardDriverE) for vtable for DJI::onboardSDK::HardDriver
    main.o(.text) refers to main.o(.constdata__ZTV7STM32F4) for vtable for STM32F4
    main.o(.text) refers to main.o(.bss) for defaultAPI
    main.o(.ARM.exidx) refers to main.o(.text) for .text
    main.o(.data) refers to main.o(.bss) for defaultAPI
    main.o(.init_array) refers to main.o(.text) for __sti___8_main_cpp_driver
    main.o(.init_array) refers to cpp_init.o(.text) for __cpp_initialize__aeabi_
    activate.o(.text) refers to dji_api.o(.text) for DJI::onboardSDK::CoreAPI::activate(ActivateData*, void(*)(DJI::onboardSDK::CoreAPI*, DJI::onboardSDK::Header*, void*), void*)
    activate.o(.text) refers to activate.o(.data) for key_buf
    activate.o(.text) refers to main.o(.data) for coreApi
    activate.o(.ARM.exidx) refers to activate.o(.text) for .text
    virtualrc.o(.text) refers to dji_virtualrc.o(.text) for DJI::onboardSDK::VirtualRC::setControl(bool, DJI::onboardSDK::VirtualRC::CutOff)
    virtualrc.o(.text) refers to memmovea.o(.text) for __aeabi_memcpy
    virtualrc.o(.text) refers to main.o(.bss) for virtualrc
    virtualrc.o(.text) refers to virtualrc.o(.data) for VRCdataTurnF
    virtualrc.o(.text) refers to main.o(.data) for myVRCdata
    virtualrc.o(.ARM.exidx) refers to virtualrc.o(.text) for .text
    hotpoint.o(.text) refers to dji_app.o(.text) for DJI::onboardSDK::CoreAPI::getBroadcastData() const
    hotpoint.o(.text) refers to memmovea.o(.text) for __aeabi_memcpy4
    hotpoint.o(.text) refers to dji_hotpoint.o(.text) for DJI::onboardSDK::HotPoint::setHotPoint(DJI::onboardSDK::GPSPositionData)
    hotpoint.o(.text) refers to hotpoint.o(.bss) for myGPSData
    hotpoint.o(.text) refers to main.o(.data) for coreApi
    hotpoint.o(.ARM.exidx) refers to hotpoint.o(.text) for .text
    hotpoint.o(.init_array) refers to hotpoint.o(.text) for __sti___12_HotPoint_cpp_hotpoint
    hotpoint.o(.init_array) refers to cpp_init.o(.text) for __cpp_initialize__aeabi_
    receive.o(.text) refers to dji_api.o(.text) for DJI::onboardSDK::CoreAPI::getSDKVersion(void(*)(DJI::onboardSDK::CoreAPI*, DJI::onboardSDK::Header*, void*), void*)
    receive.o(.text) refers to activate.o(.text) for User_Activate()
    receive.o(.text) refers to dji_flight.o(.text) for DJI::onboardSDK::Flight::setArm(bool, void(*)(DJI::onboardSDK::CoreAPI*, DJI::onboardSDK::Header*, void*), void*)
    receive.o(.text) refers to stm32f4xx_tim.o(.text) for TIM_Cmd
    receive.o(.text) refers to f2d.o(.text) for __aeabi_f2d
    receive.o(.text) refers to printfa.o(i.__0printf) for __2printf
    receive.o(.text) refers to virtualrc.o(.text) for VRCResetData()
    receive.o(.text) refers to hotpoint.o(.text) for tryHotpoint()
    receive.o(.text) refers to dji_app.o(.text) for DJI::onboardSDK::CoreAPI::getBroadcastData() const
    receive.o(.text) refers to memmovea.o(.text) for __aeabi_memcpy
    receive.o(.text) refers to receive.o(.bss) for Rx_buff
    receive.o(.text) refers to main.o(.data) for coreApi
    receive.o(.text) refers to main.o(.bss) for flight
    receive.o(.ARM.exidx) refers to receive.o(.text) for .text
    bspusart.o(.text) refers to stm32f4xx_rcc.o(.text) for RCC_AHB1PeriphClockCmd
    bspusart.o(.text) refers to stm32f4xx_gpio.o(.text) for GPIO_Init
    bspusart.o(.text) refers to stm32f4xx_usart.o(.text) for USART_Init
    bspusart.o(.text) refers to misc.o(.text) for NVIC_PriorityGroupConfig
    bspusart.o(.text) refers to dji_codec.o(.text) for DJI::onboardSDK::CoreAPI::byteHandler(unsigned char)
    bspusart.o(.text) refers to main.o(.data) for coreApi
    bspusart.o(.text) refers to receive.o(.data) for come_data
    bspusart.o(.text) refers to receive.o(.bss) for Rx_buff
    bspusart.o(.ARM.exidx) refers to bspusart.o(.text) for .text
[...]
    _printf_truncate_signed                  0x00000000   Number         0  stubs.o ABSOLUTE
    _printf_truncate_unsigned                0x00000000   Number         0  stubs.o ABSOLUTE
    _printf_u                                0x00000000   Number         0  stubs.o ABSOLUTE
    _printf_wc                               0x00000000   Number         0  stubs.o ABSOLUTE
    _printf_wctomb                           0x00000000   Number         0  stubs.o ABSOLUTE
    _printf_widthprec                        0x00000000   Number         0  stubs.o ABSOLUTE
    _printf_x                                0x00000000   Number         0  stubs.o ABSOLUTE
    __ARM::default_unexpected_handler()       - Undefined Weak Reference
    __ARM_exceptions_buffer_required          - Undefined Weak Reference
    __cxa_finalize                            - Undefined Weak Reference
    _clock_init                               - Undefined Weak Reference
    _microlib_exit                            - Undefined Weak Reference
    _scanf_longlong                           - Undefined Weak Reference
    _scanf_real                               - Undefined Weak Reference
    _scanf_string                             - Undefined Weak Reference
    __Vectors_Size                           0x00000188   Number         0  startup_stm32f40_41xxx.o ABSOLUTE
    __Vectors                                0x08000000   Data           4  startup_stm32f40_41xxx.o(RESET)
    __Vectors_End                            0x08000188   Data           0  startup_stm32f40_41xxx.o(RESET)
    __main                                   0x08000189   Thumb Code     0  entry.o(.ARM.Collect$$$$00000000)
    _main_stk                                0x08000189   Thumb Code     0  entry2.o(.ARM.Collect$$$$00000001)
    _main_scatterload                        0x0800018d   Thumb Code     0  entry5.o(.ARM.Collect$$$$00000004)
    __main_after_scatterload                 0x08000191   Thumb Code     0  entry5.o(.ARM.Collect$$$$00000004)
    _main_clock                              0x08000191   Thumb Code     0  entry7b.o(.ARM.Collect$$$$00000008)
    _main_cpp_init$empty                     0x08000191   Thumb Code     0  entry8a.o(.ARM.Collect$$$$00000009)
    _main_cpp_init                           0x08000195   Thumb Code     0  entry8b.o(.ARM.Collect$$$$0000000A)
    _main_init                               0x08000195   Thumb Code     0  entry9a.o(.ARM.Collect$$$$0000000B)
    __rt_final_cpp                           0x0800019d   Thumb Code     0  entry10a.o(.ARM.Collect$$$$0000000D)
    __rt_final_exit                          0x0800019d   Thumb Code     0  entry11a.o(.ARM.Collect$$$$0000000F)
    fputc                                    0x080001a1   Thumb Code    32  cppforstm32.o(.text)
    delay_nms(unsigned short)                0x080001c5   Thumb Code    30  main.o(.text)
    main                                     0x080001e3   Thumb Code    76  main.o(.text)
    User_Activate()                          0x080002b1   Thumb Code    34  activate.o(.text)
    VRC_TakeControl()                        0x080002e1   Thumb Code    24  virtualrc.o(.text)
    VRCResetData()                           0x080002f9   Thumb Code    52  virtualrc.o(.text)
    tryHotpoint()                            0x08000339   Thumb Code   160  hotpoint.o(.text)
    Hex2int(char, char)                      0x08000405   Thumb Code    56  receive.o(.text)
    Rx_buff_Handler()                        0x0800043d   Thumb Code   854  receive.o(.text)
    USART2_Gpio_Config()                     0x08000825   Thumb Code    66  bspusart.o(.text)
    USART3_Gpio_Config()                     0x08000867   Thumb Code    68  bspusart.o(.text)
    USART2_Config()                          0x080008ab   Thumb Code    88  bspusart.o(.text)
    USART3_Config()                          0x08000903   Thumb Code    88  bspusart.o(.text)
    USARTxNVIC_Config()                      0x0800095b   Thumb Code    72  bspusart.o(.text)
    UsartConfig()                            0x080009a3   Thumb Code    16  bspusart.o(.text)
    USART3_IRQHandler                        0x080009b3   Thumb Code    34  bspusart.o(.text)
    USART2_IRQHandler                        0x080009d5   Thumb Code   118  bspusart.o(.text)
    Timer1Config()                           0x08000a75   Thumb Code   110  timer.o(.text)
    Timer2Config()                           0x08000ae3   Thumb Code   116  timer.o(.text)
    SystickConfig()                          0x08000b57   Thumb Code    92  timer.o(.text)
    SysTick_Handler                          0x08000bb3   Thumb Code    34  timer.o(.text)
    TIM1_UP_TIM10_IRQHandler                 0x08000bd5   Thumb Code    60  timer.o(.text)
    TIM2_IRQHandler                          0x08000c11   Thumb Code    60  timer.o(.text)
    BSPinit()                                0x08000c79   Thumb Code    20  bsp.o(.text)
    NVIC_PriorityGroupConfig                 0x08000c8d   Thumb Code    10  misc.o(.text)
    NVIC_Init                                0x08000c97   Thumb Code   106  misc.o(.text)
    NVIC_SetVectorTable                      0x08000d01   Thumb Code    14  misc.o(.text)
    NVIC_SystemLPConfig                      0x08000d0f   Thumb Code    34  misc.o(.text)
    SysTick_CLKSourceConfig                  0x08000d31   Thumb Code    40  misc.o(.text)
    GPIO_DeInit                              0x08000d6d   Thumb Code   220  stm32f4xx_gpio.o(.text)
    GPIO_Init                                0x08000e49   Thumb Code   144  stm32f4xx_gpio.o(.text)
    GPIO_StructInit                          0x08000ed9   Thumb Code    18  stm32f4xx_gpio.o(.text)
    GPIO_PinLockConfig                       0x08000eeb   Thumb Code    34  stm32f4xx_gpio.o(.text)
    GPIO_ReadInputDataBit                    0x08000f0d   Thumb Code    18  stm32f4xx_gpio.o(.text)
    GPIO_ReadInputData                       0x08000f1f   Thumb Code     8  stm32f4xx_gpio.o(.text)
    GPIO_ReadOutputDataBit                   0x08000f27   Thumb Code    18  stm32f4xx_gpio.o(.text)
    GPIO_ReadOutputData                      0x08000f39   Thumb Code     8  stm32f4xx_gpio.o(.text)
    GPIO_SetBits                             0x08000f41   Thumb Code     4  stm32f4xx_gpio.o(.text)
    GPIO_ResetBits                           0x08000f45   Thumb Code     4  stm32f4xx_gpio.o(.text)
    GPIO_WriteBit                            0x08000f49   Thumb Code    10  stm32f4xx_gpio.o(.text)
    GPIO_Write                               0x08000f53   Thumb Code     4  stm32f4xx_gpio.o(.text)
    GPIO_ToggleBits                          0x08000f57   Thumb Code     8  stm32f4xx_gpio.o(.text)
    GPIO_PinAFConfig                         0x08000f5f   Thumb Code    70  stm32f4xx_gpio.o(.text)
    RCC_DeInit                               0x08000fc9   Thumb Code    68  stm32f4xx_rcc.o(.text)
    RCC_HSEConfig                            0x0800100d   Thumb Code    14  stm32f4xx_rcc.o(.text)
    RCC_GetFlagStatus                        0x0800101b   Thumb Code    60  stm32f4xx_rcc.o(.text)
    RCC_WaitForHSEStartUp                    0x08001057   Thumb Code    56  stm32f4xx_rcc.o(.text)
    RCC_AdjustHSICalibrationValue            0x0800108f   Thumb Code    20  stm32f4xx_rcc.o(.text)
    RCC_HSICmd                               0x080010a3   Thumb Code     6  stm32f4xx_rcc.o(.text)
    RCC_LSEConfig                            0x080010a9   Thumb Code    46  stm32f4xx_rcc.o(.text)
    RCC_LSICmd                               0x080010d7   Thumb Code     6  stm32f4xx_rcc.o(.text)
    RCC_PLLConfig                            0x080010dd   Thumb Code    32  stm32f4xx_rcc.o(.text)
    RCC_PLLCmd                               0x080010fd   Thumb Code     6  stm32f4xx_rcc.o(.text)
    RCC_PLLI2SConfig                         0x08001103   Thumb Code    14  stm32f4xx_rcc.o(.text)
    RCC_PLLI2SCmd                            0x08001111   Thumb Code     6  stm32f4xx_rcc.o(.text)
    RCC_ClockSecuritySystemCmd               0x08001117   Thumb Code     6  stm32f4xx_rcc.o(.text)
    RCC_MCO1Config                           0x0800111d   Thumb Code    28  stm32f4xx_rcc.o(.text)
    RCC_MCO2Config                           0x08001139   Thumb Code    28  stm32f4xx_rcc.o(.text)
    RCC_SYSCLKConfig                         0x08001155   Thumb Code    20  stm32f4xx_rcc.o(.text)
    RCC_GetSYSCLKSource                      0x08001169   Thumb Code    12  stm32f4xx_rcc.o(.text)
    RCC_HCLKConfig                           0x08001175   Thumb Code    20  stm32f4xx_rcc.o(.text)
    RCC_PCLK1Config                          0x08001189   Thumb Code    20  stm32f4xx_rcc.o(.text)
    RCC_PCLK2Config                          0x0800119d   Thumb Code    22  stm32f4xx_rcc.o(.text)
    RCC_GetClocksFreq                        0x080011b3   Thumb Code   222  stm32f4xx_rcc.o(.text)
    RCC_RTCCLKConfig                         0x08001291   Thumb Code    54  stm32f4xx_rcc.o(.text)
    RCC_RTCCLKCmd                            0x080012c7   Thumb Code     8  stm32f4xx_rcc.o(.text)
    RCC_BackupResetCmd                       0x080012cf   Thumb Code     8  stm32f4xx_rcc.o(.text)
    RCC_I2SCLKConfig                         0x080012d7   Thumb Code     6  stm32f4xx_rcc.o(.text)
    RCC_TIMCLKPresConfig                     0x080012dd   Thumb Code     6  stm32f4xx_rcc.o(.text)
    RCC_AHB1PeriphClockCmd                   0x080012e3   Thumb Code    34  stm32f4xx_rcc.o(.text)
    RCC_AHB2PeriphClockCmd                   0x08001305   Thumb Code    34  stm32f4xx_rcc.o(.text)
    RCC_AHB3PeriphClockCmd                   0x08001327   Thumb Code    34  stm32f4xx_rcc.o(.text)
    RCC_APB1PeriphClockCmd                   0x08001349   Thumb Code    34  stm32f4xx_rcc.o(.text)
    RCC_APB2PeriphClockCmd                   0x0800136b   Thumb Code    34  stm32f4xx_rcc.o(.text)
    RCC_AHB1PeriphResetCmd                   0x0800138d   Thumb Code    84  stm32f4xx_rcc.o(.text)
    RCC_AHB2PeriphResetCmd                   0x080013e1   Thumb Code    26  stm32f4xx_rcc.o(.text)
    RCC_AHB3PeriphResetCmd                   0x080013fb   Thumb Code    34  stm32f4xx_rcc.o(.text)
    RCC_APB1PeriphResetCmd                   0x0800141d   Thumb Code    34  stm32f4xx_rcc.o(.text)
    RCC_APB2PeriphResetCmd                   0x0800143f   Thumb Code    34  stm32f4xx_rcc.o(.text)
    RCC_AHB1PeriphClockLPModeCmd             0x08001461   Thumb Code    34  stm32f4xx_rcc.o(.text)
    RCC_AHB2PeriphClockLPModeCmd             0x08001483   Thumb Code    34  stm32f4xx_rcc.o(.text)
    RCC_AHB3PeriphClockLPModeCmd             0x080014a5   Thumb Code    34  stm32f4xx_rcc.o(.text)
    RCC_APB1PeriphClockLPModeCmd             0x080014c7   Thumb Code    34  stm32f4xx_rcc.o(.text)
    RCC_APB2PeriphClockLPModeCmd             0x080014e9   Thumb Code    34  stm32f4xx_rcc.o(.text)
    RCC_ITConfig                             0x0800150b   Thumb Code    34  stm32f4xx_rcc.o(.text)
    RCC_ClearFlag                            0x0800152d   Thumb Code    18  stm32f4xx_rcc.o(.text)
    RCC_GetITStatus                          0x0800153f   Thumb Code    22  stm32f4xx_rcc.o(.text)
    RCC_ClearITPendingBit                    0x08001555   Thumb Code     8  stm32f4xx_rcc.o(.text)
    TIM_DeInit                               0x08001561   Thumb Code   346  stm32f4xx_tim.o(.text)
    TIM_TimeBaseInit                         0x080016bb   Thumb Code   104  stm32f4xx_tim.o(.text)
    TIM_TimeBaseStructInit                   0x08001723   Thumb Code    18  stm32f4xx_tim.o(.text)
    TIM_PrescalerConfig                      0x08001735   Thumb Code     6  stm32f4xx_tim.o(.text)
    TIM_CounterModeConfig                    0x0800173b   Thumb Code    18  stm32f4xx_tim.o(.text)
    TIM_SetCounter                           0x0800174d   Thumb Code     4  stm32f4xx_tim.o(.text)
    TIM_SetAutoreload                        0x08001751   Thumb Code     4  stm32f4xx_tim.o(.text)
    TIM_GetCounter                           0x08001755   Thumb Code     6  stm32f4xx_tim.o(.text)
    TIM_GetPrescaler                         0x0800175b   Thumb Code     6  stm32f4xx_tim.o(.text)
    TIM_UpdateDisableConfig                  0x08001761   Thumb Code    24  stm32f4xx_tim.o(.text)
    TIM_UpdateRequestConfig                  0x08001779   Thumb Code    24  stm32f4xx_tim.o(.text)
    TIM_ARRPreloadConfig                     0x08001791   Thumb Code    24  stm32f4xx_tim.o(.text)
    TIM_SelectOnePulseMode                   0x080017a9   Thumb Code    18  stm32f4xx_tim.o(.text)
    TIM_SetClockDivision                     0x080017bb   Thumb Code    18  stm32f4xx_tim.o(.text)
    TIM_Cmd                                  0x080017cd   Thumb Code    24  stm32f4xx_tim.o(.text)
    TIM_OC1Init                              0x080017e5   Thumb Code   114  stm32f4xx_tim.o(.text)
    TIM_OC2Init                              0x08001857   Thumb Code   154  stm32f4xx_tim.o(.text)
    TIM_OC3Init                              0x080018f1   Thumb Code   204  stm32f4xx_tim.o(.text)
    TIM_OC4Init                              0x080019bd   Thumb Code   112  stm32f4xx_tim.o(.text)
    TIM_OCStructInit                         0x08001a2d   Thumb Code    20  stm32f4xx_tim.o(.text)
    TIM_SelectOCxM                           0x08001a41   Thumb Code    86  stm32f4xx_tim.o(.text)
    TIM_SetCompare1                          0x08001a97   Thumb Code     4  stm32f4xx_tim.o(.text)
    TIM_SetCompare2                          0x08001a9b   Thumb Code     4  stm32f4xx_tim.o(.text)
    TIM_SetCompare3                          0x08001a9f   Thumb Code     4  stm32f4xx_tim.o(.text)
    TIM_SetCompare4                          0x08001aa3   Thumb Code     4  stm32f4xx_tim.o(.text)
    TIM_ForcedOC1Config                      0x08001aa7   Thumb Code    18  stm32f4xx_tim.o(.text)
    TIM_ForcedOC2Config                      0x08001ab9   Thumb Code    26  stm32f4xx_tim.o(.text)
    TIM_ForcedOC3Config                      0x08001ad3   Thumb Code    18  stm32f4xx_tim.o(.text)
    TIM_ForcedOC4Config                      0x08001ae5   Thumb Code    26  stm32f4xx_tim.o(.text)
    TIM_OC1PreloadConfig                     0x08001aff   Thumb Code    18  stm32f4xx_tim.o(.text)
    TIM_OC2PreloadConfig                     0x08001b11   Thumb Code    26  stm32f4xx_tim.o(.text)
    TIM_OC3PreloadConfig                     0x08001b2b   Thumb Code    18  stm32f4xx_tim.o(.text)
    TIM_OC4PreloadConfig                     0x08001b3d   Thumb Code    26  stm32f4xx_tim.o(.text)
    TIM_OC1FastConfig                        0x08001b57   Thumb Code    18  stm32f4xx_tim.o(.text)
    TIM_OC2FastConfig                        0x08001b69   Thumb Code    26  stm32f4xx_tim.o(.text)
    TIM_OC3FastConfig                        0x08001b83   Thumb Code    18  stm32f4xx_tim.o(.text)
    TIM_OC4FastConfig                        0x08001b95   Thumb Code    26  stm32f4xx_tim.o(.text)
    TIM_ClearOC1Ref                          0x08001baf   Thumb Code    18  stm32f4xx_tim.o(.text)
    TIM_ClearOC2Ref                          0x08001bc1   Thumb Code    24  stm32f4xx_tim.o(.text)
    TIM_ClearOC3Ref                          0x08001bd9   Thumb Code    18  stm32f4xx_tim.o(.text)
    TIM_ClearOC4Ref                          0x08001beb   Thumb Code    24  stm32f4xx_tim.o(.text)
    TIM_OC1PolarityConfig                    0x08001c03   Thumb Code    18  stm32f4xx_tim.o(.text)
    TIM_OC1NPolarityConfig                   0x08001c15   Thumb Code    18  stm32f4xx_tim.o(.text)
    TIM_OC2PolarityConfig                    0x08001c27   Thumb Code    26  stm32f4xx_tim.o(.text)
    TIM_OC2NPolarityConfig                   0x08001c41   Thumb Code    26  stm32f4xx_tim.o(.text)
    TIM_OC3PolarityConfig                    0x08001c5b   Thumb Code    26  stm32f4xx_tim.o(.text)
    TIM_OC3NPolarityConfig                   0x08001c75   Thumb Code    26  stm32f4xx_tim.o(.text)
    TIM_OC4PolarityConfig                    0x08001c8f   Thumb Code    26  stm32f4xx_tim.o(.text)
    TIM_CCxCmd                               0x08001ca9   Thumb Code    30  stm32f4xx_tim.o(.text)
    TIM_CCxNCmd                              0x08001cc7   Thumb Code    30  stm32f4xx_tim.o(.text)
    TIM_SetIC4Prescaler                      0x08001ce5   Thumb Code    26  stm32f4xx_tim.o(.text)
    TIM_SetIC3Prescaler                      0x08001d4f   Thumb Code    18  stm32f4xx_tim.o(.text)
    TIM_SetIC2Prescaler                      0x08001da9   Thumb Code    26  stm32f4xx_tim.o(.text)
    TIM_SetIC1Prescaler                      0x08001e1d   Thumb Code    18  stm32f4xx_tim.o(.text)
    TIM_ICInit                               0x08001e69   Thumb Code   110  stm32f4xx_tim.o(.text)
    TIM_ICStructInit                         0x08001ed7   Thumb Code    18  stm32f4xx_tim.o(.text)
    TIM_PWMIConfig                           0x08001ee9   Thumb Code   124  stm32f4xx_tim.o(.text)
    TIM_GetCapture1                          0x08001f65   Thumb Code     6  stm32f4xx_tim.o(.text)
    TIM_GetCapture2                          0x08001f6b   Thumb Code     6  stm32f4xx_tim.o(.text)
    TIM_GetCapture3                          0x08001f71   Thumb Code     6  stm32f4xx_tim.o(.text)
    TIM_GetCapture4                          0x08001f77   Thumb Code     6  stm32f4xx_tim.o(.text)
    TIM_BDTRConfig                           0x08001f7d   Thumb Code    32  stm32f4xx_tim.o(.text)
    TIM_BDTRStructInit                       0x08001f9d   Thumb Code    18  stm32f4xx_tim.o(.text)
    TIM_CtrlPWMOutputs                       0x08001faf   Thumb Code    30  stm32f4xx_tim.o(.text)
    TIM_SelectCOM                            0x08001fcd   Thumb Code    24  stm32f4xx_tim.o(.text)
    TIM_CCPreloadControl                     0x08001fe5   Thumb Code    24  stm32f4xx_tim.o(.text)
    TIM_ITConfig                             0x08001ffd   Thumb Code    18  stm32f4xx_tim.o(.text)
    TIM_GenerateEvent                        0x0800200f   Thumb Code     4  stm32f4xx_tim.o(.text)
    TIM_GetFlagStatus                        0x08002013   Thumb Code    18  stm32f4xx_tim.o(.text)
    TIM_ClearFlag                            0x08002025   Thumb Code     6  stm32f4xx_tim.o(.text)
    TIM_GetITStatus                          0x0800202b   Thumb Code    34  stm32f4xx_tim.o(.text)
    TIM_ClearITPendingBit                    0x0800204d   Thumb Code     6  stm32f4xx_tim.o(.text)
    TIM_DMAConfig                            0x08002053   Thumb Code    10  stm32f4xx_tim.o(.text)
    TIM_DMACmd                               0x0800205d   Thumb Code    18  stm32f4xx_tim.o(.text)
    TIM_SelectCCDMA                          0x0800206f   Thumb Code    24  stm32f4xx_tim.o(.text)
    TIM_InternalClockConfig                  0x08002087   Thumb Code    12  stm32f4xx_tim.o(.text)
    TIM_SelectInputTrigger                   0x08002093   Thumb Code    18  stm32f4xx_tim.o(.text)
    TIM_ITRxExternalClockConfig              0x080020a5   Thumb Code    24  stm32f4xx_tim.o(.text)
    TIM_TIxExternalClockConfig               0x080020bd   Thumb Code    62  stm32f4xx_tim.o(.text)
    TIM_ETRConfig                            0x080020fb   Thumb Code    28  stm32f4xx_tim.o(.text)
    TIM_ETRClockMode1Config                  0x08002117   Thumb Code    54  stm32f4xx_tim.o(.text)
    TIM_ETRClockMode2Config                  0x0800214d   Thumb Code    32  stm32f4xx_tim.o(.text)
    TIM_SelectOutputTrigger                  0x0800216d   Thumb Code    18  stm32f4xx_tim.o(.text)
    TIM_SelectSlaveMode                      0x0800217f   Thumb Code    18  stm32f4xx_tim.o(.text)
    TIM_SelectMasterSlaveMode                0x08002191   Thumb Code    18  stm32f4xx_tim.o(.text)
    TIM_EncoderInterfaceConfig               0x080021a3   Thumb Code    66  stm32f4xx_tim.o(.text)
    TIM_SelectHallSensor                     0x080021e5   Thumb Code    24  stm32f4xx_tim.o(.text)
    TIM_RemapConfig                          0x080021fd   Thumb Code     6  stm32f4xx_tim.o(.text)
    USART_DeInit                             0x08002205   Thumb Code   206  stm32f4xx_usart.o(.text)
    USART_Init                               0x080022d3   Thumb Code   204  stm32f4xx_usart.o(.text)
    USART_StructInit                         0x0800239f   Thumb Code    24  stm32f4xx_usart.o(.text)
    USART_ClockInit                          0x080023b7   Thumb Code    32  stm32f4xx_usart.o(.text)
    USART_ClockStructInit                    0x080023d7   Thumb Code    12  stm32f4xx_usart.o(.text)
    USART_Cmd                                0x080023e3   Thumb Code    24  stm32f4xx_usart.o(.text)
    USART_SetPrescaler                       0x080023fb   Thumb Code    16  stm32f4xx_usart.o(.text)
    USART_OverSampling8Cmd                   0x0800240b   Thumb Code    22  stm32f4xx_usart.o(.text)
    USART_OneBitMethodCmd                    0x08002421   Thumb Code    24  stm32f4xx_usart.o(.text)
    USART_SendData                           0x08002439   Thumb Code     8  stm32f4xx_usart.o(.text)
    USART_ReceiveData                        0x08002441   Thumb Code    10  stm32f4xx_usart.o(.text)
    USART_SetAddress                         0x0800244b   Thumb Code    18  stm32f4xx_usart.o(.text)
    USART_ReceiverWakeUpCmd                  0x0800245d   Thumb Code    24  stm32f4xx_usart.o(.text)
    USART_WakeUpConfig                       0x08002475   Thumb Code    18  stm32f4xx_usart.o(.text)
    USART_LINBreakDetectLengthConfig         0x08002487   Thumb Code    18  stm32f4xx_usart.o(.text)
    USART_LINCmd                             0x08002499   Thumb Code    24  stm32f4xx_usart.o(.text)
    USART_SendBreak                          0x080024b1   Thumb Code    10  stm32f4xx_usart.o(.text)
    USART_HalfDuplexCmd                      0x080024bb   Thumb Code    24  stm32f4xx_usart.o(.text)
    USART_SetGuardTime                       0x080024d3   Thumb Code    16  stm32f4xx_usart.o(.text)
    USART_SmartCardCmd                       0x080024e3   Thumb Code    24  stm32f4xx_usart.o(.text)
    USART_SmartCardNACKCmd                   0x080024fb   Thumb Code    24  stm32f4xx_usart.o(.text)
    USART_IrDAConfig                         0x08002513   Thumb Code    18  stm32f4xx_usart.o(.text)
    USART_IrDACmd                            0x08002525   Thumb Code    24  stm32f4xx_usart.o(.text)
    USART_DMACmd                             0x0800253d   Thumb Code    18  stm32f4xx_usart.o(.text)
    USART_ITConfig                           0x0800254f   Thumb Code    74  stm32f4xx_usart.o(.text)
    USART_GetFlagStatus                      0x08002599   Thumb Code    26  stm32f4xx_usart.o(.text)
    USART_ClearFlag                          0x080025b3   Thumb Code    18  stm32f4xx_usart.o(.text)
    USART_GetITStatus                        0x080025c5   Thumb Code   118  stm32f4xx_usart.o(.text)
    USART_ClearITPendingBit                  0x0800263b   Thumb Code    30  stm32f4xx_usart.o(.text)
    SystemInit                               0x08002735   Thumb Code    88  system_stm32f4xx.o(.text)
    SystemCoreClockUpdate                    0x0800278d   Thumb Code   174  system_stm32f4xx.o(.text)
    Reset_Handler                            0x08002869   Thumb Code     8  startup_stm32f40_41xxx.o(.text)
    NMI_Handler                              0x08002871   Thumb Code     2  startup_stm32f40_41xxx.o(.text)
    HardFault_Handler                        0x08002873   Thumb Code     2  startup_stm32f40_41xxx.o(.text)
    MemManage_Handler                        0x08002875   Thumb Code     2  startup_stm32f40_41xxx.o(.text)
    BusFault_Handler                         0x08002877   Thumb Code     2  startup_stm32f40_41xxx.o(.text)
    UsageFault_Handler                       0x08002879   Thumb Code     2  startup_stm32f40_41xxx.o(.text)
    SVC_Handler                              0x0800287b   Thumb Code     2  startup_stm32f40_41xxx.o(.text)
    DebugMon_Handler                         0x0800287d   Thumb Code     2  startup_stm32f40_41xxx.o(.text)
    PendSV_Handler                           0x0800287f   Thumb Code     2  startup_stm32f40_41xxx.o(.text)
    ADC_IRQHandler                           0x08002883   Thumb Code     0  startup_stm32f40_41xxx.o(.text)
    CAN1_RX0_IRQHandler                      0x08002883   Thumb Code     0  startup_stm32f40_41xxx.o(.text)
    CAN1_RX1_IRQHandler                      0x08002883   Thumb Code     0  startup_stm32f40_41xxx.o(.text)
    CAN1_SCE_IRQHandler                      0x08002883   Thumb Code     0  startup_stm32f40_41xxx.o(.text)
    CAN1_TX_IRQHandler                       0x08002883   Thumb Code     0  startup_stm32f40_41xxx.o(.text)
    CAN2_RX0_IRQHandler                      0x08002883   Thumb Code     0  startup_stm32f40_41xxx.o(.text)
    CAN2_RX1_IRQHandler                      0x08002883   Thumb Code     0  startup_stm32f40_41xxx.o(.text)
    CAN2_SCE_IRQHandler                      0x08002883   Thumb Code     0  startup_stm32f40_41xxx.o(.text)
    CAN2_TX_IRQHandler                       0x08002883   Thumb Code     0  startup_stm32f40_41xxx.o(.text)
    CRYP_IRQHandler                          0x08002883   Thumb Code     0  startup_stm32f40_41xxx.o(.text)
    DCMI_IRQHandler                          0x08002883   Thumb Code     0  startup_stm32f40_41xxx.o(.text)
    DMA1_Stream0_IRQHandler                  0x08002883   Thumb Code     0  startup_stm32f40_41xxx.o(.text)
    DMA1_Stream1_IRQHandler                  0x08002883   Thumb Code     0  startup_stm32f40_41xxx.o(.text)
    DMA1_Stream2_IRQHandler                  0x08002883   Thumb Code     0  startup_stm32f40_41xxx.o(.text)
    DMA1_Stream3_IRQHandler                  0x08002883   Thumb Code     0  startup_stm32f40_41xxx.o(.text)
    DMA1_Stream4_IRQHandler                  0x08002883   Thumb Code     0  startup_stm32f40_41xxx.o(.text)
    DMA1_Stream5_IRQHandler                  0x08002883   Thumb Code     0  startup_stm32f40_41xxx.o(.text)
    DMA1_Stream6_IRQHandler                  0x08002883   Thumb Code     0  startup_stm32f40_41xxx.o(.text)
    DMA1_Stream7_IRQHandler                  0x08002883   Thumb Code     0  startup_stm32f40_41xxx.o(.text)
    DMA2_Stream0_IRQHandler                  0x08002883   Thumb Code     0  startup_stm32f40_41xxx.o(.text)
    DMA2_Stream1_IRQHandler                  0x08002883   Thumb Code     0  startup_stm32f40_41xxx.o(.text)
    DMA2_Stream2_IRQHandler                  0x08002883   Thumb Code     0  startup_stm32f40_41xxx.o(.text)
    DMA2_Stream3_IRQHandler                  0x08002883   Thumb Code     0  startup_stm32f40_41xxx.o(.text)
    DMA2_Stream4_IRQHandler                  0x08002883   Thumb Code     0  startup_stm32f40_41xxx.o(.text)
    DMA2_Stream5_IRQHandler                  0x08002883   Thumb Code     0  startup_stm32f40_41xxx.o(.text)
    DMA2_Stream6_IRQHandler                  0x08002883   Thumb Code     0  startup_stm32f40_41xxx.o(.text)
    DMA2_Stream7_IRQHandler                  0x08002883   Thumb Code     0  startup_stm32f40_41xxx.o(.text)
    ETH_IRQHandler                           0x08002883   Thumb Code     0  startup_stm32f40_41xxx.o(.text)
    ETH_WKUP_IRQHandler                      0x08002883   Thumb Code     0  startup_stm32f40_41xxx.o(.text)
    EXTI0_IRQHandler                         0x08002883   Thumb Code     0  startup_stm32f40_41xxx.o(.text)
    EXTI15_10_IRQHandler                     0x08002883   Thumb Code     0  startup_stm32f40_41xxx.o(.text)
    EXTI1_IRQHandler                         0x08002883   Thumb Code     0  startup_stm32f40_41xxx.o(.text)
    EXTI2_IRQHandler                         0x08002883   Thumb Code     0  startup_stm32f40_41xxx.o(.text)
    EXTI3_IRQHandler                         0x08002883   Thumb Code     0  startup_stm32f40_41xxx.o(.text)
    EXTI4_IRQHandler                         0x08002883   Thumb Code     0  startup_stm32f40_41xxx.o(.text)
    EXTI9_5_IRQHandler                       0x08002883   Thumb Code     0  startup_stm32f40_41xxx.o(.text)
    FLASH_IRQHandler                         0x08002883   Thumb Code     0  startup_stm32f40_41xxx.o(.text)
    FPU_IRQHandler                           0x08002883   Thumb Code     0  startup_stm32f40_41xxx.o(.text)
    FSMC_IRQHandler                          0x08002883   Thumb Code     0  startup_stm32f40_41xxx.o(.text)
    HASH_RNG_IRQHandler                      0x08002883   Thumb Code     0  startup_stm32f40_41xxx.o(.text)
    I2C1_ER_IRQHandler                       0x08002883   Thumb Code     0  startup_stm32f40_41xxx.o(.text)
    I2C1_EV_IRQHandler                       0x08002883   Thumb Code     0  startup_stm32f40_41xxx.o(.text)
    I2C2_ER_IRQHandler                       0x08002883   Thumb Code     0  startup_stm32f40_41xxx.o(.text)
    I2C2_EV_IRQHandler                       0x08002883   Thumb Code     0  startup_stm32f40_41xxx.o(.text)
    I2C3_ER_IRQHandler                       0x08002883   Thumb Code     0  startup_stm32f40_41xxx.o(.text)
    I2C3_EV_IRQHandler                       0x08002883   Thumb Code     0  startup_stm32f40_41xxx.o(.text)
    OTG_FS_IRQHandler                        0x08002883   Thumb Code     0  startup_stm32f40_41xxx.o(.text)
    OTG_FS_WKUP_IRQHandler                   0x08002883   Thumb Code     0  startup_stm32f40_41xxx.o(.text)
    OTG_HS_EP1_IN_IRQHandler                 0x08002883   Thumb Code     0  startup_stm32f40_41xxx.o(.text)
    OTG_HS_EP1_OUT_IRQHandler                0x08002883   Thumb Code     0  startup_stm32f40_41xxx.o(.text)
    OTG_HS_IRQHandler                        0x08002883   Thumb Code     0  startup_stm32f40_41xxx.o(.text)
    OTG_HS_WKUP_IRQHandler                   0x08002883   Thumb Code     0  startup_stm32f40_41xxx.o(.text)
    PVD_IRQHandler                           0x08002883   Thumb Code     0  startup_stm32f40_41xxx.o(.text)
    RCC_IRQHandler                           0x08002883   Thumb Code     0  startup_stm32f40_41xxx.o(.text)
    RTC_Alarm_IRQHandler                     0x08002883   Thumb Code     0  startup_stm32f40_41xxx.o(.text)
    RTC_WKUP_IRQHandler                      0x08002883   Thumb Code     0  startup_stm32f40_41xxx.o(.text)
    SDIO_IRQHandler                          0x08002883   Thumb Code     0  startup_stm32f40_41xxx.o(.text)
    SPI1_IRQHandler                          0x08002883   Thumb Code     0  startup_stm32f40_41xxx.o(.text)
    SPI2_IRQHandler                          0x08002883   Thumb Code     0  startup_stm32f40_41xxx.o(.text)
    SPI3_IRQHandler                          0x08002883   Thumb Code     0  startup_stm32f40_41xxx.o(.text)
    TAMP_STAMP_IRQHandler                    0x08002883   Thumb Code     0  startup_stm32f40_41xxx.o(.text)
    TIM1_BRK_TIM9_IRQHandler                 0x08002883   Thumb Code     0  startup_stm32f40_41xxx.o(.text)
    TIM1_CC_IRQHandler                       0x08002883   Thumb Code     0  startup_stm32f40_41xxx.o(.text)
    TIM1_TRG_COM_TIM11_IRQHandler            0x08002883   Thumb Code     0  startup_stm32f40_41xxx.o(.text)
    TIM3_IRQHandler                          0x08002883   Thumb Code     0  startup_stm32f40_41xxx.o(.text)
    TIM4_IRQHandler                          0x08002883   Thumb Code     0  startup_stm32f40_41xxx.o(.text)
    TIM5_IRQHandler                          0x08002883   Thumb Code     0  startup_stm32f40_41xxx.o(.text)
    TIM6_DAC_IRQHandler                      0x08002883   Thumb Code     0  startup_stm32f40_41xxx.o(.text)
    TIM7_IRQHandler                          0x08002883   Thumb Code     0  startup_stm32f40_41xxx.o(.text)
    TIM8_BRK_TIM12_IRQHandler                0x08002883   Thumb Code     0  startup_stm32f40_41xxx.o(.text)
    TIM8_CC_IRQHandler                       0x08002883   Thumb Code     0  startup_stm32f40_41xxx.o(.text)
    TIM8_TRG_COM_TIM14_IRQHandler            0x08002883   Thumb Code     0  startup_stm32f40_41xxx.o(.text)
    TIM8_UP_TIM13_IRQHandler                 0x08002883   Thumb Code     0  startup_stm32f40_41xxx.o(.text)
    UART4_IRQHandler                         0x08002883   Thumb Code     0  startup_stm32f40_41xxx.o(.text)
    UART5_IRQHandler                         0x08002883   Thumb Code     0  startup_stm32f40_41xxx.o(.text)
    USART1_IRQHandler                        0x08002883   Thumb Code     0  startup_stm32f40_41xxx.o(.text)
    USART6_IRQHandler                        0x08002883   Thumb Code     0  startup_stm32f40_41xxx.o(.text)
    WWDG_IRQHandler                          0x08002883   Thumb Code     0  startup_stm32f40_41xxx.o(.text)
    DJI::onboardSDK::CoreAPI::init(DJI::onboardSDK::HardDriver*, DJI::onboardSDK::CallBackHandler, bool) 0x0800288d   Thumb Code   190  dji_api.o(.text)
    DJI::onboardSDK::CoreAPI::CoreAPI(DJI::onboardSDK::HardDriver*, bool, void(*)(DJI::onboardSDK::CoreAPI*, DJI::onboardSDK::Header*, void*), void*) 0x0800294b   Thumb Code    42  dji_api.o(.text)
    DJI::onboardSDK::CoreAPI::CoreAPI__sub_object(DJI::onboardSDK::HardDriver*, bool, void(*)(DJI::onboardSDK::CoreAPI*, DJI::onboardSDK::Header*, void*), void*) 0x0800294b   Thumb Code     0  dji_api.o(.text)
    DJI::onboardSDK::CoreAPI::getSDKVersionCallback(DJI::onboardSDK::CoreAPI*, DJI::onboardSDK::Header*, void*) 0x08002975   Thumb Code   370  dji_api.o(.text)
    DJI::onboardSDK::CoreAPI::send(unsigned char, bool, DJI::onboardSDK::CMD_SET, unsigned char, void*, unsigned, int, int, void(*)(DJI::onboardSDK::CoreAPI*, DJI::onboardSDK::Header*, void*), void*) 0x08002ae7   Thumb Code   128  dji_api.o(.text)
    DJI::onboardSDK::CoreAPI::getSDKVersion(void(*)(DJI::onboardSDK::CoreAPI*, DJI::onboardSDK::Header*, void*), void*) 0x08002b67   Thumb Code    88  dji_api.o(.text)
    DJI::onboardSDK::CoreAPI::CoreAPI(DJI::onboardSDK::HardDriver*, DJI::onboardSDK::CallBackHandler, bool) 0x08002bbf   Thumb Code    40  dji_api.o(.text)
    DJI::onboardSDK::CoreAPI::CoreAPI__sub_object(DJI::onboardSDK::HardDriver*, DJI::onboardSDK::CallBackHandler, bool) 0x08002bbf   Thumb Code     0  dji_api.o(.text)
    DJI::onboardSDK::CoreAPI::ack(req_id_t, unsigned char*, int) 0x08002be7   Thumb Code    90  dji_api.o(.text)
    DJI::onboardSDK::CoreAPI::send(unsigned char, unsigned char, DJI::onboardSDK::CMD_SET, unsigned char, void*, int, void(*)(DJI::onboardSDK::CoreAPI*, DJI::onboardSDK::Header*, void*), int, int) 0x08002c41   Thumb Code   128  dji_api.o(.text)
    DJI::onboardSDK::CoreAPI::send(DJI::onboardSDK::Command*) 0x08002cc1   Thumb Code    16  dji_api.o(.text)
    DJI::onboardSDK::CoreAPI::getDriver() const 0x08002cd1   Thumb Code    10  dji_api.o(.text)
    DJI::onboardSDK::CoreAPI::activateCallback(DJI::onboardSDK::CoreAPI*, DJI::onboardSDK::Header*, void*) 0x08002cdb   Thumb Code  1192  dji_api.o(.text)
    DJI::onboardSDK::CoreAPI::activate(ActivateData*, void(*)(DJI::onboardSDK::CoreAPI*, DJI::onboardSDK::Header*, void*), void*) 0x08003183   Thumb Code   574  dji_api.o(.text)
    DJI::onboardSDK::CoreAPI::setControlCallback(DJI::onboardSDK::CoreAPI*, DJI::onboardSDK::Header*, void*) 0x080033c1   Thumb Code   804  dji_api.o(.text)
    DJI::onboardSDK::CoreAPI::setControl(bool, void(*)(DJI::onboardSDK::CoreAPI*, DJI::onboardSDK::Header*, void*), void*) 0x080036e5   Thumb Code    78  dji_api.o(.text)
    DJI::onboardSDK::CoreAPI::sendToMobileCallback(DJI::onboardSDK::CoreAPI*, DJI::onboardSDK::Header*, void*) 0x08003733   Thumb Code   474  dji_api.o(.text)
    DJI::onboardSDK::CoreAPI::sendToMobile(unsigned char*, unsigned char, void(*)(DJI::onboardSDK::CoreAPI*, DJI::onboardSDK::Header*, void*), void*) 0x0800390d   Thumb Code   142  dji_api.o(.text)
    DJI::onboardSDK::CoreAPI::setFrequencyCallback(DJI::onboardSDK::CoreAPI*, DJI::onboardSDK::Header*, void*) 0x0800399b   Thumb Code   294  dji_api.o(.text)
    DJI::onboardSDK::CoreAPI::setBroadcastFreq(unsigned char*, void(*)(DJI::onboardSDK::CoreAPI*, DJI::onboardSDK::Header*, void*), void*) 0x08003ac1   Thumb Code    92  dji_api.o(.text)
    DJI::onboardSDK::CoreAPI::getTime() const 0x08003b1d   Thumb Code    18  dji_api.o(.text)
    DJI::onboardSDK::CoreAPI::getFlightStatus() const 0x08003b2f   Thumb Code     8  dji_api.o(.text)
    DJI::onboardSDK::CoreAPI::setFromMobileCallback(DJI::onboardSDK::CallBackHandler) 0x08003b37   Thumb Code    16  dji_api.o(.text)
    DJI::onboardSDK::CoreAPI::getAccountData() const 0x08003b47   Thumb Code    20  dji_api.o(.text)
    DJI::onboardSDK::CoreAPI::getSDKVersion() const 0x08003b5b   Thumb Code     8  dji_api.o(.text)
    DJI::onboardSDK::CoreAPI::getFilter() const 0x08003b63   Thumb Code    22  dji_api.o(.text)
    DJI::onboardSDK::CoreAPI::getHotPointData() const 0x08003b79   Thumb Code    10  dji_api.o(.text)
    DJI::onboardSDK::CoreAPI::getWayPointData() const 0x08003b83   Thumb Code    10  dji_api.o(.text)
    DJI::onboardSDK::CoreAPI::getFollowData() const 0x08003b8d   Thumb Code    10  dji_api.o(.text)
    DJI::onboardSDK::CoreAPI::setHotPointData(bool) 0x08003b97   Thumb Code     8  dji_api.o(.text)
    DJI::onboardSDK::CoreAPI::setWayPointData(bool) 0x08003b9f   Thumb Code     8  dji_api.o(.text)
    DJI::onboardSDK::CoreAPI::setFollowData(bool) 0x08003ba7   Thumb Code     8  dji_api.o(.text)
    DJI::onboardSDK::CoreAPI::setDriver(DJI::onboardSDK::HardDriver*) 0x08003baf   Thumb Code     8  dji_api.o(.text)
    DJI::onboardSDK::CoreAPI::setAccountData(const ActivateData&) 0x08003bb7   Thumb Code    20  dji_api.o(.text)
    DJI::onboardSDK::CoreAPI::setVersion(const unsigned&) 0x08003bcb   Thumb Code     8  dji_api.o(.text)
    getCmdSet(DJI::onboardSDK::Header*)      0x08003c5d   Thumb Code    10  dji_app.o(.text)
    getCmdCode(DJI::onboardSDK::Header*)     0x08003c67   Thumb Code    12  dji_app.o(.text)
    DJI::onboardSDK::CoreAPI::getBroadcastData() const 0x08003c73   Thumb Code    18  dji_app.o(.text)
    DJI::onboardSDK::CoreAPI::getCtrlInfo() const 0x08003c85   Thumb Code    18  dji_app.o(.text)
    DJI::onboardSDK::CoreAPI::getBatteryCapacity() const 0x08003c97   Thumb Code     8  dji_app.o(.text)
    DJI::onboardSDK::CoreAPI::setBroadcastCallback(void(*)(DJI::onboardSDK::CoreAPI*, DJI::onboardSDK::Header*, void*), void*) 0x08003c9f   Thumb Code    12  dji_app.o(.text)
    DJI::onboardSDK::CoreAPI::broadcast(DJI::onboardSDK::Header*) 0x08003cab   Thumb Code   338  dji_app.o(.text)
    DJI::onboardSDK::CoreAPI::recvReqData(DJI::onboardSDK::Header*) 0x08003dfd   Thumb Code   954  dji_app.o(.text)
    rj_xtime(unsigned char)                  0x08004341   Thumb Code    22  dji_codec.o(.text)
    aes_subBytes(unsigned char*)             0x08004357   Thumb Code    24  dji_codec.o(.text)
    aes_subBytes_inv(unsigned char*)         0x0800436f   Thumb Code    24  dji_codec.o(.text)
    aes_addRoundKey(unsigned char*, unsigned char*) 0x08004387   Thumb Code    28  dji_codec.o(.text)
    aes_addRoundKey_cpy(unsigned char*, unsigned char*, unsigned char*) 0x080043a3   Thumb Code    38  dji_codec.o(.text)
    aes_shiftRows(unsigned char*)            0x080043c9   Thumb Code    50  dji_codec.o(.text)
    aes_shiftRows_inv(unsigned char*)        0x080043fb   Thumb Code    50  dji_codec.o(.text)
    aes_mixColumns(unsigned char*)           0x0800442d   Thumb Code   124  dji_codec.o(.text)
    aes_mixColumns_inv(unsigned char*)       0x080044a9   Thumb Code   182  dji_codec.o(.text)
    aes_expandEncKey(unsigned char*, unsigned char*) 0x0800455f   Thumb Code   244  dji_codec.o(.text)
    aes_expandDecKey(unsigned char*, unsigned char*) 0x08004653   Thumb Code   254  dji_codec.o(.text)
    aes256_init(tagAES256Context*, unsigned char*) 0x08004751   Thumb Code    58  dji_codec.o(.text)
    aes256_done(tagAES256Context*)           0x0800478b   Thumb Code    30  dji_codec.o(.text)
    aes256_encrypt_ecb(tagAES256Context*, unsigned char*) 0x080047a9   Thumb Code   116  dji_codec.o(.text)
    aes256_decrypt_ecb(tagAES256Context*, unsigned char*) 0x0800481d   Thumb Code   108  dji_codec.o(.text)
    crc16_update(unsigned short, unsigned char) 0x08004889   Thumb Code    22  dji_codec.o(.text)
    crc32_update(unsigned, unsigned char)    0x0800489f   Thumb Code    22  dji_codec.o(.text)
    sdk_stream_crc16_calc(const unsigned char*, unsigned) 0x080048b5   Thumb Code    34  dji_codec.o(.text)
    sdk_stream_crc32_calc(const unsigned char*, unsigned) 0x080048d7   Thumb Code    34  dji_codec.o(.text)
    sdk_stream_prepare_lambda(DJI::onboardSDK::SDKFilter*) 0x080048f9   Thumb Code    34  dji_codec.o(.text)
    encodeData(DJI::onboardSDK::SDKFilter*, DJI::onboardSDK::Header*, void(*)(tagAES256Context*, unsigned char*)) 0x0800491b   Thumb Code   136  dji_codec.o(.text)
    sdk_stream_shift_data_lambda(DJI::onboardSDK::SDKFilter*) 0x080049a3   Thumb Code    30  dji_codec.o(.text)
    sdk_stream_update_reuse_part_lambda(DJI::onboardSDK::SDKFilter*) 0x080049c1   Thumb Code    60  dji_codec.o(.text)
    calculateCRC(void*)                      0x080049fd   Thumb Code   110  dji_codec.o(.text)
    transformTwoByte(const char*, unsigned char*) 0x08004a6b   Thumb Code    60  dji_codec.o(.text)
    DJI::onboardSDK::CoreAPI::callApp(DJI::onboardSDK::SDKFilter*) 0x08004aa7   Thumb Code    36  dji_codec.o(.text)
    DJI::onboardSDK::CoreAPI::verifyData(DJI::onboardSDK::SDKFilter*) 0x08004acb   Thumb Code    40  dji_codec.o(.text)
    DJI::onboardSDK::CoreAPI::verifyHead(DJI::onboardSDK::SDKFilter*) 0x08004af3   Thumb Code    84  dji_codec.o(.text)
    DJI::onboardSDK::CoreAPI::checkStream(DJI::onboardSDK::SDKFilter*) 0x08004b47   Thumb Code    56  dji_codec.o(.text)
    DJI::onboardSDK::CoreAPI::storeData(DJI::onboardSDK::SDKFilter*, unsigned char) 0x08004b7f   Thumb Code   108  dji_codec.o(.text)
    DJI::onboardSDK::CoreAPI::streamHandler(DJI::onboardSDK::SDKFilter*, unsigned char) 0x08004beb   Thumb Code    28  dji_codec.o(.text)
    DJI::onboardSDK::CoreAPI::byteHandler(unsigned char) 0x08004c07   Thumb Code    88  dji_codec.o(.text)
    DJI::onboardSDK::CoreAPI::byteStreamHandler(unsigned char*, unsigned) 0x08004c5f   Thumb Code     2  dji_codec.o(.text)
    DJI::onboardSDK::CoreAPI::encrypt(unsigned char*, const unsigned char*, unsigned short, unsigned char, unsigned char, unsigned char, unsigned short) 0x08004c61   Thumb Code   440  dji_codec.o(.text)
    DJI::onboardSDK::CoreAPI::decodeACKStatus(unsigned short) 0x08004e19   Thumb Code   474  dji_codec.o(.text)
    DJI::onboardSDK::Flight::Flight(DJI::onboardSDK::CoreAPI*) 0x08005119   Thumb Code     8  dji_flight.o(.text)
    DJI::onboardSDK::Flight::Flight__sub_object(DJI::onboardSDK::CoreAPI*) 0x08005119   Thumb Code     0  dji_flight.o(.text)
    DJI::onboardSDK::Flight::taskCallback(DJI::onboardSDK::CoreAPI*, DJI::onboardSDK::Header*, void*) 0x08005121   Thumb Code   202  dji_flight.o(.text)
    DJI::onboardSDK::Flight::task(DJI::onboardSDK::Flight::TASK, void(*)(DJI::onboardSDK::CoreAPI*, DJI::onboardSDK::Header*, void*), void*) 0x080051eb   Thumb Code    82  dji_flight.o(.text)
    DJI::onboardSDK::Flight::armCallback(DJI::onboardSDK::CoreAPI*, DJI::onboardSDK::Header*, void*) 0x0800523d   Thumb Code   202  dji_flight.o(.text)
    DJI::onboardSDK::Flight::setArm(bool, void(*)(DJI::onboardSDK::CoreAPI*, DJI::onboardSDK::Header*, void*), void*) 0x08005307   Thumb Code    76  dji_flight.o(.text)
    DJI::onboardSDK::Flight::setFlight(DJI::onboardSDK::FlightData*) 0x08005353   Thumb Code    58  dji_flight.o(.text)
    DJI::onboardSDK::Flight::getQuaternion() const 0x0800538d   Thumb Code    78  dji_flight.o(.text)
    DJI::onboardSDK::Flight::getPosition() const 0x080053db   Thumb Code    40  dji_flight.o(.text)
    DJI::onboardSDK::Flight::getVelocity() const 0x08005403   Thumb Code    42  dji_flight.o(.text)
    DJI::onboardSDK::Flight::getAcceleration() const 0x0800542d   Thumb Code    58  dji_flight.o(.text)
    DJI::onboardSDK::Flight::getPalstance() const 0x08005467   Thumb Code    40  dji_flight.o(.text)
    DJI::onboardSDK::Flight::getMagnet() const 0x0800548f   Thumb Code    42  dji_flight.o(.text)
    DJI::onboardSDK::Flight::getControlDevice() const 0x080054b9   Thumb Code    42  dji_flight.o(.text)
    DJI::onboardSDK::Flight::getStatus() const 0x080054e3   Thumb Code   238  dji_flight.o(.text)
    DJI::onboardSDK::Flight::getControlMode() const 0x080055d1   Thumb Code    38  dji_flight.o(.text)
    DJI::onboardSDK::Flight::toEulerianAngle(DJI::onboardSDK::QuaternionData) 0x080055f7   Thumb Code   488  dji_flight.o(.text)
    DJI::onboardSDK::Flight::getYaw() const  0x080057df   Thumb Code    86  dji_flight.o(.text)
    DJI::onboardSDK::Flight::getRoll() const 0x08005835   Thumb Code    86  dji_flight.o(.text)
    DJI::onboardSDK::Flight::getPitch() const 0x0800588b   Thumb Code    86  dji_flight.o(.text)
    DJI::onboardSDK::Flight::toQuaternion(DJI::EulerianAngle) 0x080058e1   Thumb Code   746  dji_flight.o(.text)
    DJI::onboardSDK::Flight::getApi() const  0x08005bcb   Thumb Code     6  dji_flight.o(.text)
    DJI::onboardSDK::Flight::setApi(DJI::onboardSDK::CoreAPI*) 0x08005bd1   Thumb Code     4  dji_flight.o(.text)
    DJI::onboardSDK::Flight::isSimulating() const 0x08005bd5   Thumb Code     6  dji_flight.o(.text)
    DJI::onboardSDK::Flight::setSimulating(bool) 0x08005bdb   Thumb Code     4  dji_flight.o(.text)
    DJI::onboardSDK::FlightUnitTest::FlightUnitTest() 0x08005bdf   Thumb Code     2  dji_flight.o(.text)
    DJI::onboardSDK::FlightUnitTest::FlightUnitTest__sub_object() 0x08005bdf   Thumb Code     0  dji_flight.o(.text)
    DJI::onboardSDK::FlightUnitTest::mathematicalMethod() 0x08005be1   Thumb Code     6  dji_flight.o(.text)
    DJI::onboardSDK::HardDriver::displayLog(const char*) 0x08005be9   Thumb Code    28  dji_harddriver.o(.text)
    DJI::onboardSDK::HotPoint::initData()    0x08005c0d   Thumb Code   190  dji_hotpoint.o(.text)
    DJI::onboardSDK::HotPoint::HotPoint(DJI::onboardSDK::CoreAPI*) 0x08005ccb   Thumb Code    18  dji_hotpoint.o(.text)
    DJI::onboardSDK::HotPoint::HotPoint__sub_object(DJI::onboardSDK::CoreAPI*) 0x08005ccb   Thumb Code     0  dji_hotpoint.o(.text)
    DJI::onboardSDK::HotPoint::startCallback(DJI::onboardSDK::CoreAPI*, DJI::onboardSDK::Header*, void*) 0x08005cdd   Thumb Code   318  dji_hotpoint.o(.text)
    DJI::onboardSDK::HotPoint::start(void(*)(DJI::onboardSDK::CoreAPI*, DJI::onboardSDK::Header*, void*), void*) 0x08005e1b   Thumb Code    74  dji_hotpoint.o(.text)
    DJI::onboardSDK::HotPoint::stop(void(*)(DJI::onboardSDK::CoreAPI*, DJI::onboardSDK::Header*, void*), void*) 0x08005e65   Thumb Code    76  dji_hotpoint.o(.text)
    DJI::onboardSDK::HotPoint::pause(bool, void(*)(DJI::onboardSDK::CoreAPI*, DJI::onboardSDK::Header*, void*), void*) 0x08005eb1   Thumb Code    80  dji_hotpoint.o(.text)
    DJI::onboardSDK::HotPoint::updatePalstance(DJI::onboardSDK::HotPoint::Palstance&, void(*)(DJI::onboardSDK::CoreAPI*, DJI::onboardSDK::Header*, void*), void*) 0x08005f01   Thumb Code    94  dji_hotpoint.o(.text)
    DJI::onboardSDK::HotPoint::updatePalstance(float, bool, void(*)(DJI::onboardSDK::CoreAPI*, DJI::onboardSDK::Header*, void*), void*) 0x08005f5f   Thumb Code    52  dji_hotpoint.o(.text)
    DJI::onboardSDK::HotPoint::updateRadius(float, void(*)(DJI::onboardSDK::CoreAPI*, DJI::onboardSDK::Header*, void*), void*) 0x08005f93   Thumb Code    76  dji_hotpoint.o(.text)
    DJI::onboardSDK::HotPoint::resetYaw(void(*)(DJI::onboardSDK::CoreAPI*, DJI::onboardSDK::Header*, void*), void*) 0x08005fdf   Thumb Code    76  dji_hotpoint.o(.text)
    DJI::onboardSDK::HotPoint::readData(void(*)(DJI::onboardSDK::CoreAPI*, DJI::onboardSDK::Header*, void*), void*) 0x0800602b   Thumb Code   306  dji_hotpoint.o(.text)
    DJI::onboardSDK::HotPoint::setData(const DJI::onboardSDK::HotPointData&) 0x0800615d   Thumb Code    22  dji_hotpoint.o(.text)
    DJI::onboardSDK::HotPoint::setHotPoint(double, double, double) 0x08006173   Thumb Code    50  dji_hotpoint.o(.text)
    DJI::onboardSDK::HotPoint::setHotPoint(DJI::onboardSDK::GPSPositionData) 0x080061a5   Thumb Code    46  dji_hotpoint.o(.text)
    DJI::onboardSDK::HotPoint::setRadius(double) 0x080061d3   Thumb Code    18  dji_hotpoint.o(.text)
    DJI::onboardSDK::HotPoint::setPalstance(float) 0x080061e5   Thumb Code    10  dji_hotpoint.o(.text)
    DJI::onboardSDK::HotPoint::setClockwise(bool) 0x080061ef   Thumb Code     6  dji_hotpoint.o(.text)
    DJI::onboardSDK::HotPoint::setCameraView(DJI::onboardSDK::HotPoint::View) 0x080061f5   Thumb Code     6  dji_hotpoint.o(.text)
    DJI::onboardSDK::HotPoint::setYawMode(DJI::onboardSDK::HotPoint::YawMode) 0x080061fb   Thumb Code     6  dji_hotpoint.o(.text)
    DJI::onboardSDK::HotPoint::getData() const 0x08006201   Thumb Code    18  dji_hotpoint.o(.text)
    DJI::onboardSDK::HotPoint::readCallback(DJI::onboardSDK::CoreAPI*, DJI::onboardSDK::Header*, void*) 0x08006213   Thumb Code   250  dji_hotpoint.o(.text)
    calculateLength(unsigned short, unsigned short) 0x08006315   Thumb Code    46  dji_link.o(.text)
    DJI::onboardSDK::CoreAPI::sendData(unsigned char*) 0x08006343   Thumb Code   178  dji_link.o(.text)
    DJI::onboardSDK::CoreAPI::sendPoll()     0x080063f5   Thumb Code   302  dji_link.o(.text)
    DJI::onboardSDK::CoreAPI::readPoll()     0x08006523   Thumb Code    56  dji_link.o(.text)
    DJI::onboardSDK::CoreAPI::callbackPoll() 0x0800655b   Thumb Code     2  dji_link.o(.text)
    DJI::onboardSDK::CoreAPI::setActivation(bool) 0x0800655d   Thumb Code    18  dji_link.o(.text)
    DJI::onboardSDK::CoreAPI::setSyncFreq(unsigned) 0x0800656f   Thumb Code    46  dji_link.o(.text)
    DJI::onboardSDK::CoreAPI::setKey(const char*) 0x0800659d   Thumb Code    24  dji_link.o(.text)
    DJI::onboardSDK::CoreAPI::appHandler(DJI::onboardSDK::Header*) 0x080065b5   Thumb Code   748  dji_link.o(.text)
    DJI::onboardSDK::CoreAPI::sendInterface(DJI::onboardSDK::Command*) 0x080068a1   Thumb Code  2450  dji_link.o(.text)
    DJI::onboardSDK::CoreAPI::ackInterface(DJI::onboardSDK::Ack*) 0x08007233   Thumb Code   362  dji_link.o(.text)
    DJI::onboardSDK::CoreAPI::setup()        0x0800739d   Thumb Code    18  dji_link.o(.text)
    freeMemory(DJI::onboardSDK::MMU_Tab*)    0x08007405   Thumb Code    28  dji_memory.o(.text)
    DJI::onboardSDK::CoreAPI::setupMMU()     0x08007421   Thumb Code   150  dji_memory.o(.text)
    DJI::onboardSDK::CoreAPI::setupSession() 0x080074b7   Thumb Code   130  dji_memory.o(.text)
    DJI::onboardSDK::CoreAPI::allocMemory(unsigned short) 0x08007539   Thumb Code   872  dji_memory.o(.text)
    DJI::onboardSDK::CoreAPI::freeSession(DJI::onboardSDK::CMDSession*) 0x080078a1   Thumb Code    30  dji_memory.o(.text)
    DJI::onboardSDK::CoreAPI::allocSession(unsigned short, unsigned short) 0x080078bf   Thumb Code   348  dji_memory.o(.text)
    DJI::onboardSDK::CoreAPI::freeACK(DJI::onboardSDK::ACKSession*) 0x08007a1b   Thumb Code    14  dji_memory.o(.text)
    DJI::onboardSDK::CoreAPI::allocACK(unsigned short, unsigned short) 0x08007a29   Thumb Code   232  dji_memory.o(.text)
    DJI::onboardSDK::CoreAPI::setWayPointEventCallback(DJI::onboardSDK::CallBackHandler) 0x08007b71   Thumb Code    18  dji_mission.o(.text)
    DJI::onboardSDK::CoreAPI::setMisssionCallback(void(*)(DJI::onboardSDK::CoreAPI*, DJI::onboardSDK::Header*, void*), void*) 0x08007b83   Thumb Code    12  dji_mission.o(.text)
    DJI::onboardSDK::CoreAPI::setHotPointCallback(void(*)(DJI::onboardSDK::CoreAPI*, DJI::onboardSDK::Header*, void*), void*) 0x08007b8f   Thumb Code    12  dji_mission.o(.text)
    DJI::onboardSDK::CoreAPI::setWayPointCallback(void(*)(DJI::onboardSDK::CoreAPI*, DJI::onboardSDK::Header*, void*), void*) 0x08007b9b   Thumb Code    12  dji_mission.o(.text)
    DJI::onboardSDK::CoreAPI::setFollowCallback(void(*)(DJI::onboardSDK::CoreAPI*, DJI::onboardSDK::Header*, void*), void*) 0x08007ba7   Thumb Code    12  dji_mission.o(.text)
    DJI::onboardSDK::CoreAPI::setWayPointEventCallback(void(*)(DJI::onboardSDK::CoreAPI*, DJI::onboardSDK::Header*, void*), void*) 0x08007bb3   Thumb Code    12  dji_mission.o(.text)
    DJI::onboardSDK::CoreAPI::decodeMissionStatus(unsigned char) 0x08007bbf   Thumb Code   118  dji_mission.o(.text)
    DJI::onboardSDK::missionCallback(DJI::onboardSDK::CoreAPI*, DJI::onboardSDK::Header*, void*) 0x08007c35   Thumb Code   216  dji_mission.o(.text)
    DJI::onboardSDK::VirtualRC::resetData()  0x08007dc9   Thumb Code    40  dji_virtualrc.o(.text)
    DJI::onboardSDK::VirtualRC::VirtualRC(DJI::onboardSDK::CoreAPI*) 0x08007df1   Thumb Code    18  dji_virtualrc.o(.text)
    DJI::onboardSDK::VirtualRC::VirtualRC__sub_object(DJI::onboardSDK::CoreAPI*) 0x08007df1   Thumb Code     0  dji_virtualrc.o(.text)
    DJI::onboardSDK::VirtualRC::setControl(bool, DJI::onboardSDK::VirtualRC::CutOff) 0x08007e03   Thumb Code    82  dji_virtualrc.o(.text)
    DJI::onboardSDK::VirtualRC::sendData()   0x08007e55   Thumb Code    56  dji_virtualrc.o(.text)
    DJI::onboardSDK::VirtualRC::sendData(DJI::onboardSDK::VirtualRCData) 0x08007e8d   Thumb Code    28  dji_virtualrc.o(.text)
    DJI::onboardSDK::VirtualRC::sendSafeModeData() 0x08007ea9   Thumb Code    18  dji_virtualrc.o(.text)
    DJI::onboardSDK::VirtualRC::getVRCData() const 0x08007ebb   Thumb Code    18  dji_virtualrc.o(.text)
    DJI::onboardSDK::VirtualRC::getRCData() const 0x08007ecd   Thumb Code    48  dji_virtualrc.o(.text)
    DJI::onboardSDK::VirtualRC::setVRCData(const DJI::onboardSDK::VirtualRCData&) 0x08007efd   Thumb Code    18  dji_virtualrc.o(.text)
    DJI::onboardSDK::VirtualRC::isVirtualRC() const 0x08007f0f   Thumb Code    42  dji_virtualrc.o(.text)
    DJI::onboardSDK::VirtualRC::toRadioData(DJI::onboardSDK::VirtualRCData&) 0x08007f39   Thumb Code   166  dji_virtualrc.o(.text)
    DJI::onboardSDK::VirtualRC::toVirtualRCData(DJI::onboardSDK::RadioData&) 0x08007fdf   Thumb Code   192  dji_virtualrc.o(.text)
    DJI::onboardSDK::VirtualRC::getApi() const 0x0800809f   Thumb Code     6  dji_virtualrc.o(.text)
    DJI::onboardSDK::VirtualRC::setApi(DJI::onboardSDK::CoreAPI*) 0x080080a5   Thumb Code     4  dji_virtualrc.o(.text)
    ___aeabi_memcpy8$move                    0x080080b5   Thumb Code     0  memmovea.o(.text)
    __aeabi_memcpy                           0x080080b5   Thumb Code    64  memmovea.o(.text)
    __aeabi_memcpy4                          0x080080b5   Thumb Code     0  memmovea.o(.text)
    __aeabi_memmove                          0x080080b5   Thumb Code     0  memmovea.o(.text)
    __aeabi_memmove4                         0x080080b5   Thumb Code     0  memmovea.o(.text)
    __aeabi_memmove8                         0x080080b5   Thumb Code     0  memmovea.o(.text)
    __aeabi_memset                           0x080080f5   Thumb Code    14  memseta.o(.text)
    __aeabi_memset4                          0x080080f5   Thumb Code     0  memseta.o(.text)
    __aeabi_memset8                          0x080080f5   Thumb Code     0  memseta.o(.text)
    __aeabi_memclr                           0x08008103   Thumb Code     4  memseta.o(.text)
    __aeabi_memclr4                          0x08008103   Thumb Code     0  memseta.o(.text)
    __aeabi_memclr8                          0x08008103   Thumb Code     0  memseta.o(.text)
    _memset$wrapper                          0x08008107   Thumb Code    18  memseta.o(.text)
    __0sscanf                                0x08008119   Thumb Code    48  __0sscanf.o(.text)
    _scanf_int                               0x08008151   Thumb Code   332  _scanf_int.o(.text)
    __cpp_initialize__aeabi_                 0x0800829d   Thumb Code    22  cpp_init.o(.text)
    __aeabi_dadd                             0x080082bd   Thumb Code   322  dadd.o(.text)
    __aeabi_dsub                             0x080083ff   Thumb Code     6  dadd.o(.text)
    __aeabi_drsub                            0x08008405   Thumb Code     6  dadd.o(.text)
    __aeabi_dmul                             0x0800840b   Thumb Code   228  dmul.o(.text)
    __aeabi_f2d                              0x080084ef   Thumb Code    38  f2d.o(.text)
    __aeabi_cdcmpeq                          0x08008515   Thumb Code     0  cdcmple.o(.text)
    __aeabi_cdcmple                          0x08008515   Thumb Code    48  cdcmple.o(.text)
    __aeabi_cdrcmple                         0x08008545   Thumb Code    48  cdrcmple.o(.text)
    __aeabi_d2f                              0x08008575   Thumb Code    56  d2f.o(.text)
    __default_new_handler()                  0x080085ad   Thumb Code     4  arm_newhandler_noexceptions.o(.text)
    __aeabi_uidiv                            0x080085b1   Thumb Code     0  uidiv.o(.text)
    __aeabi_uidivmod                         0x080085b1   Thumb Code    44  uidiv.o(.text)
    __aeabi_uldivmod                         0x080085dd   Thumb Code    98  uldiv.o(.text)
    __aeabi_llsl                             0x0800863f   Thumb Code    30  llshl.o(.text)
    _ll_shift_l                              0x0800863f   Thumb Code     0  llshl.o(.text)
    __aeabi_lasr                             0x0800865d   Thumb Code    36  llsshr.o(.text)
    _ll_sshift_r                             0x0800865d   Thumb Code     0  llsshr.o(.text)
    _chval                                   0x08008681   Thumb Code    28  _chval.o(.text)
    __vfscanf_char                           0x080086a9   Thumb Code    20  scanf_char.o(.text)
    _sgetc                                   0x080086c5   Thumb Code    30  _sgetc.o(.text)
    _sbackspace                              0x080086e3   Thumb Code    34  _sgetc.o(.text)
    __I$use$fp                               0x08008705   Thumb Code     0  iusefp.o(.text)
    __rt_new_handler_addr                    0x08008705   Thumb Code     4  cpp_memory.o(.text)
    __rt_SIGPVFN                             0x0800870d   Thumb Code     2  cpp_signal.o(.text)
    __aeabi_unwind_cpp_pr0                   0x08008711   Thumb Code     4  cpp_unwinder.o(.text)
    __aeabi_unwind_cpp_pr1                   0x08008715   Thumb Code     4  cpp_unwinder.o(.text)
    _Unwind_DeleteException                  0x08008719   Thumb Code     2  cpp_unwinder.o(.text)
    _Unwind_Activity                         0x0800871b   Thumb Code     2  cpp_unwinder.o(.text)
    _Unwind_RaiseException                   0x0800871d   Thumb Code     4  cpp_unwinder.o(.text)
    __rt_eh_globals_addr                     0x08008721   Thumb Code    10  cpp_unwinder.o(.text)
    _float_round                             0x08008731   Thumb Code    18  fepilogue.o(.text)
    _float_epilogue                          0x08008743   Thumb Code    92  fepilogue.o(.text)
    _double_round                            0x0800879f   Thumb Code    30  depilogue.o(.text)
    _double_epilogue                         0x080087bd   Thumb Code   156  depilogue.o(.text)
    __aeabi_ddiv                             0x08008859   Thumb Code   222  ddiv.o(.text)
    __aeabi_d2ulz                            0x08008937   Thumb Code    48  dfixul.o(.text)
    std::terminate()                         0x08008967   Thumb Code    26  arm_exceptions_terminate.o(.text)
    __cxa_get_globals                        0x08008987   Thumb Code    62  arm_exceptions_globs.o(.text)
    __scatterload                            0x080089d1   Thumb Code    28  init.o(.text)
    __scatterload_rt2                        0x080089d1   Thumb Code     0  init.o(.text)
    __aeabi_llsr                             0x080089f5   Thumb Code    32  llushr.o(.text)
    _ll_ushift_r                             0x080089f5   Thumb Code     0  llushr.o(.text)
    isspace                                  0x08008a15   Thumb Code    10  isspace_c.o(.text)
    __vfscanf                                0x08008a21   Thumb Code   808  _scanf.o(.text)
    _dsqrt                                   0x08008d4d   Thumb Code   162  dsqrt.o(.text)
    __aeabi_i2d                              0x08008def   Thumb Code    34  dflti.o(.text)
    __aeabi_ui2d                             0x08008e11   Thumb Code    26  dfltui.o(.text)
    __aeabi_d2iz                             0x08008e2b   Thumb Code    62  dfixi.o(.text)
    __ARM_exceptions_buffer_init             0x08008e69   Thumb Code    18  arm_exceptions_mem.o(.text)
    __ARM_exceptions_buffer_allocate         0x08008e7b   Thumb Code    22  arm_exceptions_mem.o(.text)
    __ARM_exceptions_buffer_free             0x08008e91   Thumb Code    20  arm_exceptions_mem.o(.text)
    __ctype_lookup                           0x08008ea5   Thumb Code    34  ctype_c.o(.text)
    __decompress                             0x08008ecd   Thumb Code     0  __dczerorl2.o(.text)
    __decompress1                            0x08008ecd   Thumb Code    86  __dczerorl2.o(.text)
    passData(unsigned short, unsigned short, void*, unsigned char*, unsigned, unsigned&) 0x08008f23   Thumb Code    46  dji_app.o(i._Z8passDatattPvPhjRj)
    STM32F4::freeMemory()                    0x08008f51   Thumb Code     2  main.o(i._ZN7STM32F410freeMemoryEv)
    STM32F4::lockMemory()                    0x08008f53   Thumb Code     2  main.o(i._ZN7STM32F410lockMemoryEv)
    STM32F4::getTimeStamp()                  0x08008f55   Thumb Code    10  main.o(i._ZN7STM32F412getTimeStampEv)
    STM32F4::send(const unsigned char*, unsigned) 0x08008f65   Thumb Code    58  main.o(i._ZN7STM32F44sendEPKhj)
    STM32F4::freeMSG()                       0x08008fa5   Thumb Code     2  main.o(i._ZN7STM32F47freeMSGEv)
    STM32F4::lockMSG()                       0x08008fa7   Thumb Code     2  main.o(i._ZN7STM32F47lockMSGEv)
    STM32F4::readall(unsigned char*, unsigned) 0x08008fa9   Thumb Code     6  main.o(i._ZN7STM32F47readallEPhj)
    operator new(unsigned)                   0x08008fb1   Thumb Code    34  new.o(i._Znwj)
    __0printf                                0x08008fd9   Thumb Code    22  printfa.o(i.__0printf)
    __1printf                                0x08008fd9   Thumb Code     0  printfa.o(i.__0printf)
    __2printf                                0x08008fd9   Thumb Code     0  printfa.o(i.__0printf)
    __c89printf                              0x08008fd9   Thumb Code     0  printfa.o(i.__0printf)
    printf                                   0x08008fd9   Thumb Code     0  printfa.o(i.__0printf)
    __0sprintf                               0x08008ff9   Thumb Code    34  printfa.o(i.__0sprintf)
    __1sprintf                               0x08008ff9   Thumb Code     0  printfa.o(i.__0sprintf)
    __2sprintf                               0x08008ff9   Thumb Code     0  printfa.o(i.__0sprintf)
    __c89sprintf                             0x08008ff9   Thumb Code     0  printfa.o(i.__0sprintf)
    sprintf                                  0x08008ff9   Thumb Code     0  printfa.o(i.__0sprintf)
    __ARM_fpclassify                         0x08009021   Thumb Code    48  fpclassify.o(i.__ARM_fpclassify)
    __cxa_pure_virtual                       0x08009051   Thumb Code     6  pure_virt.o(i.__cxa_pure_virtual)
    __hardfp_asin                            0x08009059   Thumb Code   770  asin.o(i.__hardfp_asin)
    __hardfp_atan                            0x080093b9   Thumb Code   622  atan.o(i.__hardfp_atan)
    __hardfp_atan2                           0x08009691   Thumb Code   432  atan2.o(i.__hardfp_atan2)
    __hardfp_cos                             0x08009881   Thumb Code   180  cos.o(i.__hardfp_cos)
    __hardfp_sin                             0x08009949   Thumb Code   180  sin.o(i.__hardfp_sin)
    __ieee754_rem_pio2                       0x08009a11   Thumb Code   938  rred.o(i.__ieee754_rem_pio2)
    __kernel_cos                             0x08009e49   Thumb Code   322  cos_i.o(i.__kernel_cos)
    __kernel_poly                            0x08009fb9   Thumb Code   248  poly.o(i.__kernel_poly)
    __kernel_sin                             0x0800a0b1   Thumb Code   280  sin_i.o(i.__kernel_sin)
    __mathlib_dbl_infnan                     0x0800a1e1   Thumb Code    20  dunder.o(i.__mathlib_dbl_infnan)
    __mathlib_dbl_infnan2                    0x0800a1f5   Thumb Code    20  dunder.o(i.__mathlib_dbl_infnan2)
    __mathlib_dbl_invalid                    0x0800a209   Thumb Code    24  dunder.o(i.__mathlib_dbl_invalid)
    __mathlib_dbl_underflow                  0x0800a229   Thumb Code    24  dunder.o(i.__mathlib_dbl_underflow)
    __scatterload_copy                       0x0800a249   Thumb Code    14  handlers.o(i.__scatterload_copy)
    __scatterload_null                       0x0800a257   Thumb Code     2  handlers.o(i.__scatterload_null)
    __scatterload_zeroinit                   0x0800a259   Thumb Code    14  handlers.o(i.__scatterload_zeroinit)
    __set_errno                              0x0800a269   Thumb Code     6  errno.o(i.__set_errno)
    atan                                     0x0800ab11   Thumb Code    16  atan.o(i.atan)
    fabs                                     0x0800ab21   Thumb Code    24  fabs.o(i.fabs)
    malloc                                   0x0800ab39   Thumb Code    92  malloc.o(i.malloc)
    sqrt                                     0x0800aba5   Thumb Code   110  sqrt.o(i.sqrt)
    __mathlib_zero                           0x0800b090   Data           8  qnan.o(.constdata)
    __ctype_categories                       0x0800b188   Data          64  ctype_c.o(.constdata)
    vtable for STM32F4                       0x0800b1c8   Data          44  main.o(.constdata__ZTV7STM32F4)
    vtable for DJI::onboardSDK::HardDriver   0x0800b1f4   Data          44  dji_harddriver.o(.constdata__ZTVN3DJI10onboardSDK10HardDriverE)
    Region$$Table$$Base                      0x0800b9e8   Number         0  anon$$obj.o(Region$$Table)
    Region$$Table$$Limit                     0x0800ba08   Number         0  anon$$obj.o(Region$$Table)
    SHT$$INIT_ARRAY$$Base                    0x0800ba08   Number         0  main.o(.init_array)
    SHT$$INIT_ARRAY$$Limit                   0x0800ba10   Number         0  cpp_init.o(.init_array)
    driver                                   0x20000000   Data           4  main.o(.data)
    coreApi                                  0x20000004   Data           4  main.o(.data)
    myVRCdata                                0x20000008   Data          64  main.o(.data)
    VRCdataTurnF                             0x20000089   Data          64  virtualrc.o(.data)
    come_data                                0x200000cc   Data           1  receive.o(.data)
    Rx_length                                0x200000cd   Data           1  receive.o(.data)
    Rx_adr                                   0x200000d0   Data           4  receive.o(.data)
    Rx_Handle_Flag                           0x200000d4   Data           4  receive.o(.data)
    tick                                     0x200000d8   Data           4  timer.o(.data)
    SystemCoreClock                          0x200000ec   Data           4  system_stm32f4xx.o(.data)
    AHBPrescTable                            0x200000f0   Data          16  system_stm32f4xx.o(.data)
    DJI::onboardSDK::encrypt                 0x20000100   Data           1  dji_api.o(.data)
    crc_tab16                                0x20000104   Data         512  dji_codec.o(.data)
    crc_tab32                                0x20000304   Data        1024  dji_codec.o(.data)
    DJI::onboardSDK::missionACK              0x20000704   Data         480  dji_mission.o(.data)
    __stdout                                 0x200008e4   Data           4  stdout.o(.data)
    __microlib_freelist                      0x200008f8   Data           4  mvars.o(.data)
    __microlib_freelist_initialised          0x200008fc   Data           4  mvars.o(.data)
    defaultAPI                               0x20000900   Data        5040  main.o(.bss)
    flight                                   0x20001cb0   Data          80  main.o(.bss)
    flightData                               0x20001d00   Data          17  main.o(.bss)
    virtualrc                                0x20001d14   Data          68  main.o(.bss)
    hotpoint                                 0x20001d58   Data          56  hotpoint.o(.bss)
    myGPSData                                0x20001d90   Data          24  hotpoint.o(.bss)
    myHotPointData                           0x20001da8   Data          51  hotpoint.o(.bss)
    Rx_buff                                  0x20001ddb   Data          50  receive.o(.bss)
    broadcastdata                            0x20001e0d   Data         126  receive.o(.bss)
    DJI::onboardSDK::buffer                  0x20001e8b   Data        1024  dji_harddriver.o(.bss)
    __heap_base                              0x20002290   Data           0  startup_stm32f40_41xxx.o(HEAP)
    __heap_limit                             0x20006290   Data           0  startup_stm32f40_41xxx.o(HEAP)
    __initial_sp                             0x20006690   Data           0  startup_stm32f40_41xxx.o(STACK)



==============================================================================

Memory Map of the image

  Image Entry point : 0x08000189

  Load Region LR_IROM1 (Base: 0x08000000, Size: 0x0000c310, Max: 0x00080000, ABSOLUTE, COMPRESSED[0x0000c194])

    Execution Region ER_IROM1 (Base: 0x08000000, Size: 0x0000ba10, Max: 0x00080000, ABSOLUTE)

    Base Addr    Size         Type   Attr      Idx    E Section Name        Object

    0x08000000   0x00000188   Data   RO         1106    RESET               startup_stm32f40_41xxx.o
    0x08000188   0x00000000   Code   RO         1644  * .ARM.Collect$$$$00000000  mc_w.l(entry.o)
    0x08000188   0x00000004   Code   RO         2033    .ARM.Collect$$$$00000001  mc_w.l(entry2.o)
    0x0800018c   0x00000004   Code   RO         2036    .ARM.Collect$$$$00000004  mc_w.l(entry5.o)
    0x08000190   0x00000000   Code   RO         2038    .ARM.Collect$$$$00000008  mc_w.l(entry7b.o)
    0x08000190   0x00000004   Code   RO         2039    .ARM.Collect$$$$00000009  mc_w.l(entry8a.o)
    0x08000194   0x00000000   Code   RO         2040    .ARM.Collect$$$$0000000A  mc_w.l(entry8b.o)
    0x08000194   0x00000008   Code   RO         2041    .ARM.Collect$$$$0000000B  mc_w.l(entry9a.o)
    0x0800019c   0x00000000   Code   RO         2043    .ARM.Collect$$$$0000000D  mc_w.l(entry10a.o)
    0x0800019c   0x00000000   Code   RO         2045    .ARM.Collect$$$$0000000F  mc_w.l(entry11a.o)
    0x0800019c   0x00000004   Code   RO         2034    .ARM.Collect$$$$00002712  mc_w.l(entry2.o)
    0x080001a0   0x00000024   Code   RO            3    .text               cppforstm32.o
    0x080001c4   0x000000ec   Code   RO           98    .text               main.o
    0x080002b0   0x00000030   Code   RO          251    .text               activate.o
    0x080002e0   0x00000058   Code   RO          297    .text               virtualrc.o
    0x08000338   0x000000cc   Code   RO          331    .text               hotpoint.o
    0x08000404   0x00000420   Code   RO          379    .text               receive.o
    0x08000824   0x00000250   Code   RO          417    .text               bspusart.o
    0x08000a74   0x00000204   Code   RO          451    .text               timer.o
    0x08000c78   0x00000014   Code   RO          501    .text               bsp.o
    0x08000c8c   0x000000e0   Code   RO          522    .text               misc.o
    0x08000d6c   0x0000025c   Code   RO          797    .text               stm32f4xx_gpio.o
    0x08000fc8   0x00000598   Code   RO          883    .text               stm32f4xx_rcc.o
    0x08001560   0x00000ca2   Code   RO         1017    .text               stm32f4xx_tim.o
    0x08002202   0x00000002   PAD
    0x08002204   0x00000454   Code   RO         1037    .text               stm32f4xx_usart.o
    0x08002658   0x00000210   Code   RO         1080    .text               system_stm32f4xx.o
    0x08002868   0x00000024   Code   RO         1107    .text               startup_stm32f40_41xxx.o
    0x0800288c   0x000013d0   Code   RO         1111    .text               dji_api.o
    0x08003c5c   0x000006e4   Code   RO         1134    .text               dji_app.o
    0x08004340   0x00000dd8   Code   RO         1186    .text               dji_codec.o
    0x08005118   0x00000ace   Code   RO         1277    .text               dji_flight.o
    0x08005be6   0x00000002   PAD
    0x08005be8   0x00000024   Code   RO         1321    .text               dji_harddriver.o
    0x08005c0c   0x00000708   Code   RO         1357    .text               dji_hotpoint.o
    0x08006314   0x000010f0   Code   RO         1380    .text               dji_link.o
    0x08007404   0x0000076c   Code   RO         1410    .text               dji_memory.o
    0x08007b70   0x00000258   Code   RO         1428    .text               dji_mission.o
    0x08007dc8   0x000002ec   Code   RO         1445    .text               dji_virtualrc.o
    0x080080b4   0x00000040   Code   RO         1649    .text               mc_w.l(memmovea.o)
    0x080080f4   0x00000024   Code   RO         1651    .text               mc_w.l(memseta.o)
    0x08008118   0x00000038   Code   RO         1918    .text               mc_w.l(__0sscanf.o)
    0x08008150   0x0000014c   Code   RO         1920    .text               mc_w.l(_scanf_int.o)
    0x0800829c   0x00000020   Code   RO         1925    .text               mc_w.l(cpp_init.o)
    0x080082bc   0x0000014e   Code   RO         1927    .text               mf_w.l(dadd.o)
    0x0800840a   0x000000e4   Code   RO         1929    .text               mf_w.l(dmul.o)
    0x080084ee   0x00000026   Code   RO         1931    .text               mf_w.l(f2d.o)
    0x08008514   0x00000030   Code   RO         1933    .text               mf_w.l(cdcmple.o)
    0x08008544   0x00000030   Code   RO         1935    .text               mf_w.l(cdrcmple.o)
    0x08008574   0x00000038   Code   RO         1937    .text               mf_w.l(d2f.o)
    0x080085ac   0x00000004   Code   RO         1942    .text               cpprt_w.l(arm_newhandler_noexceptions.o)
    0x080085b0   0x0000002c   Code   RO         2048    .text               mc_w.l(uidiv.o)
    0x080085dc   0x00000062   Code   RO         2050    .text               mc_w.l(uldiv.o)
    0x0800863e   0x0000001e   Code   RO         2052    .text               mc_w.l(llshl.o)
    0x0800865c   0x00000024   Code   RO         2054    .text               mc_w.l(llsshr.o)
    0x08008680   0x0000001c   Code   RO         2091    .text               mc_w.l(_chval.o)
    0x0800869c   0x00000028   Code   RO         2093    .text               mc_w.l(scanf_char.o)
    0x080086c4   0x00000040   Code   RO         2095    .text               mc_w.l(_sgetc.o)
    0x08008704   0x00000000   Code   RO         2097    .text               mc_w.l(iusefp.o)
    0x08008704   0x00000008   Code   RO         2098    .text               mc_w.l(cpp_memory.o)
    0x0800870c   0x00000002   Code   RO         2101    .text               mc_w.l(cpp_signal.o)
    0x0800870e   0x00000002   PAD
    0x08008710   0x00000020   Code   RO         2103    .text               mc_w.l(cpp_unwinder.o)
    0x08008730   0x0000006e   Code   RO         2106    .text               mf_w.l(fepilogue.o)
    0x0800879e   0x000000ba   Code   RO         2108    .text               mf_w.l(depilogue.o)
    0x08008858   0x000000de   Code   RO         2110    .text               mf_w.l(ddiv.o)
    0x08008936   0x00000030   Code   RO         2114    .text               mf_w.l(dfixul.o)
    0x08008966   0x0000001a   Code   RO         2136    .text               cpprt_w.l(arm_exceptions_terminate.o)
    0x08008980   0x00000050   Code   RO         2139    .text               cpprt_w.l(arm_exceptions_globs.o)
    0x080089d0   0x00000024   Code   RO         2142    .text               mc_w.l(init.o)
    0x080089f4   0x00000020   Code   RO         2144    .text               mc_w.l(llushr.o)
    0x08008a14   0x0000000a   Code   RO         2146    .text               mc_w.l(isspace_c.o)
    0x08008a1e   0x00000002   PAD
    0x08008a20   0x0000032c   Code   RO         2150    .text               mc_w.l(_scanf.o)
    0x08008d4c   0x000000a2   Code   RO         2152    .text               mf_w.l(dsqrt.o)
    0x08008dee   0x00000022   Code   RO         2154    .text               mf_w.l(dflti.o)
    0x08008e10   0x0000001a   Code   RO         2156    .text               mf_w.l(dfltui.o)
    0x08008e2a   0x0000003e   Code   RO         2158    .text               mf_w.l(dfixi.o)
    0x08008e68   0x0000003c   Code   RO         2163    .text               cpprt_w.l(arm_exceptions_mem.o)
    0x08008ea4   0x00000028   Code   RO         2166    .text               mc_w.l(ctype_c.o)
    0x08008ecc   0x00000056   Code   RO         2179    .text               mc_w.l(__dczerorl2.o)
    0x08008f22   0x0000002e   Code   RO         1146    i._Z8passDatattPvPhjRj  dji_app.o
    0x08008f50   0x00000002   Code   RO          153    i._ZN7STM32F410freeMemoryEv  main.o
    0x08008f52   0x00000002   Code   RO          147    i._ZN7STM32F410lockMemoryEv  main.o
    0x08008f54   0x00000010   Code   RO          129    i._ZN7STM32F412getTimeStampEv  main.o
    0x08008f64   0x00000040   Code   RO          123    i._ZN7STM32F44sendEPKhj  main.o
    0x08008fa4   0x00000002   Code   RO          165    i._ZN7STM32F47freeMSGEv  main.o
    0x08008fa6   0x00000002   Code   RO          159    i._ZN7STM32F47lockMSGEv  main.o
    0x08008fa8   0x00000006   Code   RO          141    i._ZN7STM32F47readallEPhj  main.o
    0x08008fae   0x00000002   PAD
    0x08008fb0   0x00000028   Code   RO         1481    i._Znwj             cpprt_w.l(new.o)
    0x08008fd8   0x00000020   Code   RO         1890    i.__0printf         mc_w.l(printfa.o)
    0x08008ff8   0x00000028   Code   RO         1892    i.__0sprintf        mc_w.l(printfa.o)
    0x08009020   0x00000030   Code   RO         2005    i.__ARM_fpclassify  m_wm.l(fpclassify.o)
    0x08009050   0x00000006   Code   RO         1485    i.__cxa_pure_virtual  cpprt_w.l(pure_virt.o)
    0x08009056   0x00000002   PAD
    0x08009058   0x00000360   Code   RO         1594    i.__hardfp_asin     m_wm.l(asin.o)
    0x080093b8   0x000002d8   Code   RO         1968    i.__hardfp_atan     m_wm.l(atan.o)
    0x08009690   0x000001f0   Code   RO         1608    i.__hardfp_atan2    m_wm.l(atan2.o)
    0x08009880   0x000000c8   Code   RO         1620    i.__hardfp_cos      m_wm.l(cos.o)
    0x08009948   0x000000c8   Code   RO         1632    i.__hardfp_sin      m_wm.l(sin.o)
    0x08009a10   0x00000438   Code   RO         2010    i.__ieee754_rem_pio2  m_wm.l(rred.o)
    0x08009e48   0x00000170   Code   RO         1982    i.__kernel_cos      m_wm.l(cos_i.o)
    0x08009fb8   0x000000f8   Code   RO         2007    i.__kernel_poly     m_wm.l(poly.o)
    0x0800a0b0   0x00000130   Code   RO         2015    i.__kernel_sin      m_wm.l(sin_i.o)
    0x0800a1e0   0x00000014   Code   RO         1986    i.__mathlib_dbl_infnan  m_wm.l(dunder.o)
    0x0800a1f4   0x00000014   Code   RO         1987    i.__mathlib_dbl_infnan2  m_wm.l(dunder.o)
    0x0800a208   0x00000020   Code   RO         1988    i.__mathlib_dbl_invalid  m_wm.l(dunder.o)
    0x0800a228   0x00000020   Code   RO         1991    i.__mathlib_dbl_underflow  m_wm.l(dunder.o)
    0x0800a248   0x0000000e   Code   RO         2173    i.__scatterload_copy  mc_w.l(handlers.o)
    0x0800a256   0x00000002   Code   RO         2174    i.__scatterload_null  mc_w.l(handlers.o)
    0x0800a258   0x0000000e   Code   RO         2175    i.__scatterload_zeroinit  mc_w.l(handlers.o)
    0x0800a266   0x00000002   PAD
    0x0800a268   0x0000000c   Code   RO         2086    i.__set_errno       mc_w.l(errno.o)
    0x0800a274   0x00000164   Code   RO         1897    i._fp_digits        mc_w.l(printfa.o)
    0x0800a3d8   0x000006dc   Code   RO         1898    i._printf_core      mc_w.l(printfa.o)
    0x0800aab4   0x00000024   Code   RO         1899    i._printf_post_padding  mc_w.l(printfa.o)
    0x0800aad8   0x0000002e   Code   RO         1900    i._printf_pre_padding  mc_w.l(printfa.o)
    0x0800ab06   0x0000000a   Code   RO         1902    i._sputc            mc_w.l(printfa.o)
    0x0800ab10   0x00000010   Code   RO         1970    i.atan              m_wm.l(atan.o)
    0x0800ab20   0x00000018   Code   RO         2001    i.fabs              m_wm.l(fabs.o)
    0x0800ab38   0x0000006c   Code   RO         2057    i.malloc            mc_w.l(malloc.o)
    0x0800aba4   0x0000006e   Code   RO         2023    i.sqrt              m_wm.l(sqrt.o)
    0x0800ac12   0x0000007a   Data   RO         1114    .constdata          dji_api.o
    0x0800ac8c   0x0000000c   Data   RO         1137    .constdata          dji_app.o
    0x0800ac98   0x00000222   Data   RO         1189    .constdata          dji_codec.o
    0x0800aeba   0x00000019   Data   RO         1280    .constdata          dji_flight.o
    0x0800aed3   0x0000001b   Data   RO         1360    .constdata          dji_hotpoint.o
    0x0800aeee   0x00000038   Data   RO         1383    .constdata          dji_link.o
    0x0800af26   0x00000002   PAD
    0x0800af28   0x0000002a   Data   RO         1413    .constdata          dji_memory.o
    0x0800af52   0x00000024   Data   RO         1431    .constdata          dji_mission.o
    0x0800af76   0x00000002   PAD
    0x0800af78   0x00000050   Data   RO         1597    .constdata          m_wm.l(asin.o)
    0x0800afc8   0x00000098   Data   RO         1971    .constdata          m_wm.l(atan.o)
    0x0800b060   0x00000030   Data   RO         1983    .constdata          m_wm.l(cos_i.o)
    0x0800b090   0x00000008   Data   RO         2009    .constdata          m_wm.l(qnan.o)
    0x0800b098   0x000000c8   Data   RO         2012    .constdata          m_wm.l(rred.o)
    0x0800b160   0x00000028   Data   RO         2016    .constdata          m_wm.l(sin_i.o)
    0x0800b188   0x00000040   Data   RO         2167    .constdata          mc_w.l(ctype_c.o)
    0x0800b1c8   0x0000002c   Data   RO          120    .constdata__ZTV7STM32F4  main.o
    0x0800b1f4   0x0000002c   Data   RO         1333    .constdata__ZTVN3DJI10onboardSDK10HardDriverE  dji_harddriver.o
    0x0800b220   0x000000f3   Data   RO         1115    .conststring        dji_api.o
    0x0800b313   0x00000001   PAD
    0x0800b314   0x0000005c   Data   RO         1190    .conststring        dji_codec.o
    0x0800b370   0x00000677   Data   RO         1432    .conststring        dji_mission.o
    0x0800b9e7   0x00000001   PAD
    0x0800b9e8   0x00000020   Data   RO         2171    Region$$Table       anon$$obj.o
    0x0800ba08   0x00000004   Data   RO          102    .init_array         main.o
    0x0800ba0c   0x00000004   Data   RO          334    .init_array         hotpoint.o
    0x0800ba10   0x00000000   Data   RO         1923    .init_array         mc_w.l(cpp_init.o)


    Execution Region RW_IRAM1 (Base: 0x20000000, Size: 0x00006690, Max: 0x00020000, ABSOLUTE, COMPRESSED[0x00000784])

    Base Addr    Size         Type   Attr      Idx    E Section Name        Object

    0x20000000   0x00000048   Data   RW          101    .data               main.o
    0x20000048   0x00000041   Data   RW          253    .data               activate.o
    0x20000089   0x00000040   Data   RW          299    .data               virtualrc.o
    0x200000c9   0x00000003   PAD
    0x200000cc   0x0000000c   Data   RW          382    .data               receive.o
    0x200000d8   0x00000004   Data   RW          453    .data               timer.o
    0x200000dc   0x00000010   Data   RW          884    .data               stm32f4xx_rcc.o
    0x200000ec   0x00000014   Data   RW         1081    .data               system_stm32f4xx.o
    0x20000100   0x00000001   Data   RW         1116    .data               dji_api.o
    0x20000101   0x00000003   PAD
    0x20000104   0x00000600   Data   RW         1191    .data               dji_codec.o
    0x20000704   0x000001e0   Data   RW         1433    .data               dji_mission.o
    0x200008e4   0x00000004   Data   RW         2047    .data               mc_w.l(stdout.o)
    0x200008e8   0x00000004   Data   RW         2087    .data               mc_w.l(errno.o)
    0x200008ec   0x00000004   Data   RW         2099    .data               mc_w.l(cpp_memory.o)
    0x200008f0   0x00000008   Data   RW         2104    .data               mc_w.l(cpp_unwinder.o)
    0x200008f8   0x00000004   Data   RW         2148    .data               mc_w.l(mvars.o)
    0x200008fc   0x00000004   Data   RW         2149    .data               mc_w.l(mvars.o)
    0x20000900   0x00001458   Zero   RW          100    .bss                main.o
    0x20001d58   0x00000083   Zero   RW          333    .bss                hotpoint.o
    0x20001ddb   0x000000b0   Zero   RW          381    .bss                receive.o
    0x20001e8b   0x00000400   Zero   RW         1323    .bss                dji_harddriver.o
    0x2000228b   0x00000005   PAD
    0x20002290   0x00004000   Zero   RW         1105    HEAP                startup_stm32f40_41xxx.o
    0x20006290   0x00000400   Zero   RW         1104    STACK               startup_stm32f40_41xxx.o


==============================================================================

Image component sizes


      Code (inc. data)   RO Data    RW Data    ZI Data      Debug   Object Name

        48         14          0         65          0      19456   activate.o
        20          0          0          0          0        478   bsp.o
       592         42          0          0          0       1822   bspusart.o
        36          4          0          0          0     250980   cppforstm32.o
      5072       1062        365          1          0      23776   dji_api.o
      1810        406         12          0          0      17314   dji_app.o
      3544        396        638       1536          0      26836   dji_codec.o
      2766        248         25          0          0       7968   dji_flight.o
         0          0          0          0          0      12128   dji_follow.o
        36          8         44          0       1024       5556   dji_harddriver.o
      1800        238         27          0          0      20384   dji_hotpoint.o
      4336        458         56          0          0       6494   dji_link.o
      1900        186         42          0          0       4761   dji_memory.o
       600        188       1691        480          0       3736   dji_mission.o
       748         12          0          0          0       4352   dji_virtualrc.o
       204         30          4          0        131      17666   hotpoint.o
       330         78         48         72       5208      25591   main.o
       224         20          0          0          0     264773   misc.o
      1056        146          0         12        176       2848   receive.o
        36          8        392          0      17408        860   startup_stm32f40_41xxx.o
       604         36          0          0          0       4213   stm32f4xx_gpio.o
      1432         54          0         16          0      11432   stm32f4xx_rcc.o
      3234         60          0          0          0      22448   stm32f4xx_tim.o
      1108         34          0          0          0       7944   stm32f4xx_usart.o
       528         46          0         20          0       1907   system_stm32f4xx.o
       516         44          0          4          0      28365   timer.o
        88         12          0         64          0      14730   virtualrc.o

    ----------------------------------------------------------------------
     32674       3830       3382       2276      23952     808818   Object Totals
         0          0         32          0          0          0   (incl. Generated)
         6          0          6          6          5          0   (incl. Padding)

    ----------------------------------------------------------------------

      Code (inc. data)   RO Data    RW Data    ZI Data      Debug   Library Member Name

        80         12          0          0          0        104   arm_exceptions_globs.o
        60          0          0          0          0        108   arm_exceptions_mem.o
        26          0          0          0          0         76   arm_exceptions_terminate.o
         4          0          0          0          0         68   arm_newhandler_noexceptions.o
        40          6          0          0          0         76   new.o
         6          0          0          0          0         68   pure_virt.o
       864         94         80          0          0        280   asin.o
       744        106        152          0          0        352   atan.o
       496         64          0          0          0        192   atan2.o
       200         20          0          0          0        164   cos.o
       368         46         48          0          0        200   cos_i.o
       104         16          0          0          0        496   dunder.o
        24          0          0          0          0        124   fabs.o
        48          0          0          0          0        124   fpclassify.o
       248          0          0          0          0        152   poly.o
         0          0          8          0          0          0   qnan.o
      1080        142        200          0          0        188   rred.o
       200         20          0          0          0        164   sin.o
       304         24         40          0          0        208   sin_i.o
       110          0          0          0          0        148   sqrt.o
        56          8          0          0          0         84   __0sscanf.o
        86          0          0          0          0          0   __dczerorl2.o
        28          0          0          0          0         68   _chval.o
       812          4          0          0          0        112   _scanf.o
       332          0          0          0          0         96   _scanf_int.o
        64          0          0          0          0         84   _sgetc.o
        32         10          0          0          0         80   cpp_init.o
         8          4          0          4          0         68   cpp_memory.o
         2          0          0          0          0         68   cpp_signal.o
        32          6          0          8          0        252   cpp_unwinder.o
        40          6         64          0          0         68   ctype_c.o
         0          0          0          0          0          0   entry.o
         0          0          0          0          0          0   entry10a.o
         0          0          0          0          0          0   entry11a.o
         8          4          0          0          0          0   entry2.o
         4          0          0          0          0          0   entry5.o
         0          0          0          0          0          0   entry7b.o
         4          0          0          0          0          0   entry8a.o
         0          0          0          0          0          0   entry8b.o
         8          4          0          0          0          0   entry9a.o
        12          6          0          4          0         68   errno.o
        30          0          0          0          0          0   handlers.o
        36          8          0          0          0         68   init.o
        10          0          0          0          0         68   isspace_c.o
         0          0          0          0          0          0   iusefp.o
        30          0          0          0          0         68   llshl.o
        36          0          0          0          0         68   llsshr.o
        32          0          0          0          0         68   llushr.o
       108         16          0          0          0         84   malloc.o
        64          0          0          0          0         76   memmovea.o
        36          0          0          0          0        108   memseta.o
         0          0          0          8          0          0   mvars.o
      2276         96          0          0          0        596   printfa.o
        40          8          0          0          0         84   scanf_char.o
         0          0          0          4          0          0   stdout.o
        44          0          0          0          0         80   uidiv.o
        98          0          0          0          0         92   uldiv.o
        48          0          0          0          0         68   cdcmple.o
        48          0          0          0          0         68   cdrcmple.o
        56          0          0          0          0         88   d2f.o
       334          0          0          0          0        148   dadd.o
       222          0          0          0          0        100   ddiv.o
       186          0          0          0          0        176   depilogue.o
        62          0          0          0          0         80   dfixi.o
        48          0          0          0          0         68   dfixul.o
        34          0          0          0          0         76   dflti.o
        26          0          0          0          0         76   dfltui.o
       228          0          0          0          0         96   dmul.o
       162          0          0          0          0        100   dsqrt.o
        38          0          0          0          0         68   f2d.o
       110          0          0          0          0        168   fepilogue.o

    ----------------------------------------------------------------------
     10984        730        592         28          0       7180   Library Totals
         8          0          0          0          0          0   (incl. Padding)

    ----------------------------------------------------------------------

      Code (inc. data)   RO Data    RW Data    ZI Data      Debug   Library Name

       216         18          0          0          0        500   cpprt_w.l
      4790        532        528          0          0       2792   m_wm.l
      4368        180         64         28          0       2508   mc_w.l
      1602          0          0          0          0       1380   mf_w.l

    ----------------------------------------------------------------------
     10984        730        592         28          0       7180   Library Totals

    ----------------------------------------------------------------------

==============================================================================


      Code (inc. data)   RO Data    RW Data    ZI Data      Debug   

     43658       4560       3974       2304      23952     805438   Grand Totals
     43658       4560       3974       1924      23952     805438   ELF Image Totals (compressed)
     43658       4560       3974       1924          0          0   ROM Totals

==============================================================================

    Total RO  Size (Code + RO Data)                47632 (  46.52kB)
    Total RW  Size (RW Data + ZI Data)             26256 (  25.64kB)
    Total ROM Size (Code + RO Data + RW Data)      49556 (  48.39kB)

==============================================================================

