Component: ARM Compiler 5.05 update 1 (build 106) Tool: armlink [4d0efa]

==============================================================================

Section Cross References

    cppforstm32.o(.text) refers to stm32f4xx_usart.o(.text) for USART_GetFlagStatus
    cppforstm32.o(.ARM.exidx) refers to cppforstm32.o(.text) for .text
    main.o(.text) refers to bsp.o(.text) for BSPinit()
    main.o(.text) refers to printfa.o(i.__0printf) for __2printf
    main.o(.text) refers to dji_api.o(.text) for DJI::onboardSDK::CoreAPI::getSDKVersion(void(*)(DJI::onboardSDK::CoreAPI*, DJI::onboardSDK::Header*, void*), void*)
    main.o(.text) refers to receive.o(.text) for Rx_buff_Handler()
    main.o(.text) refers to new.o(i._Znwj) for operator new(unsigned)
    main.o(.text) refers to dji_flight.o(.text) for DJI::onboardSDK::Flight::Flight(DJI::onboardSDK::CoreAPI*)
    main.o(.text) refers to dji_virtualrc.o(.text) for DJI::onboardSDK::VirtualRC::VirtualRC(DJI::onboardSDK::CoreAPI*)
    main.o(.text) refers to main.o(.data) for coreApi
    main.o(.text) refers to receive.o(.data) for Rx_Handle_Flag
    main.o(.text) refers to dji_harddriver.o(.constdata__ZTVN3DJI10onboardSDK10HardDriverE) for vtable for DJI::onboardSDK::HardDriver
    main.o(.text) refers to main.o(.constdata__ZTV7STM32F4) for vtable for STM32F4
    main.o(.text) refers to main.o(.bss) for defaultAPI
    main.o(.ARM.exidx) refers to main.o(.text) for .text
    main.o(.data) refers to main.o(.bss) for defaultAPI
    main.o(.init_array) refers to main.o(.text) for __sti___8_main_cpp_driver
    main.o(.init_array) refers to cpp_init.o(.text) for __cpp_initialize__aeabi_
    activate.o(.text) refers to dji_api.o(.text) for DJI::onboardSDK::CoreAPI::activate(ActivateData*, void(*)(DJI::onboardSDK::CoreAPI*, DJI::onboardSDK::Header*, void*), void*)
    activate.o(.text) refers to activate.o(.data) for key_buf
    activate.o(.text) refers to main.o(.data) for coreApi
    activate.o(.ARM.exidx) refers to activate.o(.text) for .text
    virtualrc.o(.text) refers to dji_virtualrc.o(.text) for DJI::onboardSDK::VirtualRC::setControl(bool, DJI::onboardSDK::VirtualRC::CutOff)
    virtualrc.o(.text) refers to memmovea.o(.text) for __aeabi_memcpy
    virtualrc.o(.text) refers to main.o(.bss) for virtualrc
    virtualrc.o(.text) refers to virtualrc.o(.data) for VRCdataTurnF
    virtualrc.o(.text) refers to main.o(.data) for myVRCdata
    virtualrc.o(.ARM.exidx) refers to virtualrc.o(.text) for .text
    hotpoint.o(.text) refers to dji_app.o(.text) for DJI::onboardSDK::CoreAPI::getBroadcastData() const
    hotpoint.o(.text) refers to memmovea.o(.text) for __aeabi_memcpy4
    hotpoint.o(.text) refers to dji_hotpoint.o(.text) for DJI::onboardSDK::HotPoint::setHotPoint(DJI::onboardSDK::GPSData)
    hotpoint.o(.text) refers to hotpoint.o(.bss) for myGPSData
    hotpoint.o(.text) refers to main.o(.data) for coreApi
    hotpoint.o(.ARM.exidx) refers to hotpoint.o(.text) for .text
    hotpoint.o(.init_array) refers to hotpoint.o(.text) for __sti___12_HotPoint_cpp_hotpoint
    hotpoint.o(.init_array) refers to cpp_init.o(.text) for __cpp_initialize__aeabi_
    receive.o(.text) refers to dji_api.o(.text) for DJI::onboardSDK::CoreAPI::getSDKVersion(void(*)(DJI::onboardSDK::CoreAPI*, DJI::onboardSDK::Header*, void*), void*)
    receive.o(.text) refers to activate.o(.text) for User_Activate()
    receive.o(.text) refers to dji_flight.o(.text) for DJI::onboardSDK::Flight::setArm(bool, void(*)(DJI::onboardSDK::CoreAPI*, DJI::onboardSDK::Header*, void*), void*)
    receive.o(.text) refers to stm32f4xx_tim.o(.text) for TIM_Cmd
    receive.o(.text) refers to f2d.o(.text) for __aeabi_f2d
    receive.o(.text) refers to printfa.o(i.__0printf) for __2printf
    receive.o(.text) refers to virtualrc.o(.text) for VRCResetData()
    receive.o(.text) refers to hotpoint.o(.text) for tryHotpoint()
    receive.o(.text) refers to dji_app.o(.text) for DJI::onboardSDK::CoreAPI::getBroadcastData() const
    receive.o(.text) refers to memmovea.o(.text) for __aeabi_memcpy
    receive.o(.text) refers to receive.o(.bss) for Rx_buff
    receive.o(.text) refers to main.o(.data) for coreApi
    receive.o(.text) refers to main.o(.bss) for flightData
    receive.o(.ARM.exidx) refers to receive.o(.text) for .text
    bspusart.o(.text) refers to stm32f4xx_rcc.o(.text) for RCC_AHB1PeriphClockCmd
    bspusart.o(.text) refers to stm32f4xx_gpio.o(.text) for GPIO_Init
    bspusart.o(.text) refers to stm32f4xx_usart.o(.text) for USART_Init
    bspusart.o(.text) refers to misc.o(.text) for NVIC_PriorityGroupConfig
    bspusart.o(.text) refers to dji_codec.o(.text) for DJI::onboardSDK::CoreAPI::byteHandler(unsigned char)
    bspusart.o(.text) refers to main.o(.data) for coreApi
    bspusart.o(.text) refers to receive.o(.data) for come_data
    bspusart.o(.text) refers to receive.o(.bss) for Rx_buff
    bspusart.o(.ARM.exidx) refers to bspusart.o(.text) for .text
[...]
    __func__                                 0x080081a1   Data          13  dji_api.o(.constdata)
    __func__                                 0x080081ae   Data          17  dji_api.o(.constdata)
    __func__                                 0x080081bf   Data          19  dji_api.o(.constdata)
    __func__                                 0x080081d2   Data          19  dji_api.o(.constdata)
    __func__                                 0x080081e5   Data          21  dji_api.o(.constdata)
    __func__                                 0x080081fa   Data          21  dji_api.o(.constdata)
    .constdata                               0x0800820f   Section       12  dji_app.o(.constdata)
    __func__                                 0x0800820f   Data          12  dji_app.o(.constdata)
    .constdata                               0x0800821b   Section      546  dji_codec.o(.constdata)
    sbox                                     0x0800821b   Data         256  dji_codec.o(.constdata)
    sboxinv                                  0x0800831b   Data         256  dji_codec.o(.constdata)
    __func__                                 0x0800841b   Data           8  dji_codec.o(.constdata)
    __func__                                 0x08008423   Data          10  dji_codec.o(.constdata)
    __func__                                 0x0800842d   Data          16  dji_codec.o(.constdata)
    .constdata                               0x0800843d   Section       25  dji_flight.o(.constdata)
    __func__                                 0x0800843d   Data          12  dji_flight.o(.constdata)
    __func__                                 0x08008449   Data          13  dji_flight.o(.constdata)
    .constdata                               0x08008456   Section       27  dji_hotpoint.o(.constdata)
    __func__                                 0x08008456   Data          14  dji_hotpoint.o(.constdata)
    __func__                                 0x08008464   Data          13  dji_hotpoint.o(.constdata)
    .constdata                               0x08008471   Section       56  dji_link.o(.constdata)
    __func__                                 0x08008471   Data           9  dji_link.o(.constdata)
    __func__                                 0x0800847a   Data          11  dji_link.o(.constdata)
    __func__                                 0x08008485   Data          14  dji_link.o(.constdata)
    __func__                                 0x08008493   Data          13  dji_link.o(.constdata)
    __func__                                 0x080084a0   Data           9  dji_link.o(.constdata)
    .constdata                               0x080084ac   Section       33  dji_memory.o(.constdata)
    __func__                                 0x080084b4   Data          12  dji_memory.o(.constdata)
    __func__                                 0x080084c0   Data          13  dji_memory.o(.constdata)
    .constdata                               0x080084cd   Section       36  dji_mission.o(.constdata)
    __func__                                 0x080084cd   Data          20  dji_mission.o(.constdata)
    __func__                                 0x080084e1   Data          16  dji_mission.o(.constdata)
    .constdata                               0x080084f1   Section       64  ctype_c.o(.constdata)
    .constdata__ZTV7STM32F4                  0x08008534   Section       44  main.o(.constdata__ZTV7STM32F4)
    .constdata__ZTVN3DJI10onboardSDK10HardDriverE 0x08008560   Section       44  dji_harddriver.o(.constdata__ZTVN3DJI10onboardSDK10HardDriverE)
    .conststring                             0x0800858c   Section      243  dji_api.o(.conststring)
    .conststring                             0x08008680   Section     1655  dji_mission.o(.conststring)
    .init_array                              0x08008d18   Section        4  main.o(.init_array)
    .init_array                              0x08008d1c   Section        4  hotpoint.o(.init_array)
    .init_array                              0x08008d20   Section        0  cpp_init.o(.init_array)
    .data                                    0x20000000   Section       80  main.o(.data)
    .data                                    0x20000050   Section       65  activate.o(.data)
    key_buf                                  0x20000050   Data          65  activate.o(.data)
    .data                                    0x20000091   Section       64  virtualrc.o(.data)
    .data                                    0x200000d4   Section       12  receive.o(.data)
    .data                                    0x200000e0   Section        4  timer.o(.data)
    .data                                    0x200000e4   Section       16  stm32f4xx_rcc.o(.data)
    APBAHBPrescTable                         0x200000e4   Data          16  stm32f4xx_rcc.o(.data)
    .data                                    0x200000f4   Section       20  system_stm32f4xx.o(.data)
    .data                                    0x20000108   Section        1  dji_api.o(.data)
    .data                                    0x2000010c   Section     1536  dji_codec.o(.data)
    .data                                    0x2000070c   Section      480  dji_mission.o(.data)
    .data                                    0x200008ec   Section        4  stdout.o(.data)
    .data                                    0x200008f0   Section        4  cpp_memory.o(.data)
    handler_pointer                          0x200008f0   Data           4  cpp_memory.o(.data)
    .data                                    0x200008f4   Section        8  cpp_unwinder.o(.data)
    eh                                       0x200008f4   Data           4  cpp_unwinder.o(.data)
    eh_p                                     0x200008f8   Data           4  cpp_unwinder.o(.data)
    .data                                    0x200008fc   Section        4  mvars.o(.data)
    .data                                    0x20000900   Section        4  mvars.o(.data)
    .bss                                     0x20000908   Section     5112  main.o(.bss)
    .bss                                     0x20001d00   Section      131  hotpoint.o(.bss)
    .bss                                     0x20001d83   Section      176  receive.o(.bss)
    .bss                                     0x20001e33   Section     1024  dji_harddriver.o(.bss)
    HEAP                                     0x20002238   Section    16384  startup_stm32f40_41xxx.o(HEAP)
    STACK                                    0x20006238   Section     1024  startup_stm32f40_41xxx.o(STACK)

    Global Symbols

    Symbol Name                              Value     Ov Type        Size  Object(Section)

    BuildAttributes$$THM_ISAv4$E$P$D$K$B$S$7EM$VFPi3$EXTD16$VFPS$VFMA$PE$A:L22UL41UL21$X:L11$S22US41US21$IEEE1$IW$USESV6$~STKCKD$USESV7$~SHL$OSPACE$ROPI$EBA8$UX$MICROLIB$REQ8$PRES8$EABIv2 0x00000000   Number         0  anon$$obj.o ABSOLUTE
    __ARM_use_no_argv                        0x00000000   Number         0  main.o ABSOLUTE
    _printf_a                                0x00000000   Number         0  stubs.o ABSOLUTE
    _printf_c                                0x00000000   Number         0  stubs.o ABSOLUTE
    _printf_charcount                        0x00000000   Number         0  stubs.o ABSOLUTE
    _printf_d                                0x00000000   Number         0  stubs.o ABSOLUTE
    _printf_e                                0x00000000   Number         0  stubs.o ABSOLUTE
    _printf_f                                0x00000000   Number         0  stubs.o ABSOLUTE
    _printf_flags                            0x00000000   Number         0  stubs.o ABSOLUTE
    _printf_fp_dec                           0x00000000   Number         0  stubs.o ABSOLUTE
    _printf_fp_hex                           0x00000000   Number         0  stubs.o ABSOLUTE
    _printf_g                                0x00000000   Number         0  stubs.o ABSOLUTE
    _printf_i                                0x00000000   Number         0  stubs.o ABSOLUTE
    _printf_int_dec                          0x00000000   Number         0  stubs.o ABSOLUTE
    _printf_l                                0x00000000   Number         0  stubs.o ABSOLUTE
    _printf_lc                               0x00000000   Number         0  stubs.o ABSOLUTE
    _printf_ll                               0x00000000   Number         0  stubs.o ABSOLUTE
    _printf_lld                              0x00000000   Number         0  stubs.o ABSOLUTE
    _printf_lli                              0x00000000   Number         0  stubs.o ABSOLUTE
    _printf_llo                              0x00000000   Number         0  stubs.o ABSOLUTE
    _printf_llu                              0x00000000   Number         0  stubs.o ABSOLUTE
    _printf_llx                              0x00000000   Number         0  stubs.o ABSOLUTE
    _printf_longlong_dec                     0x00000000   Number         0  stubs.o ABSOLUTE
    _printf_longlong_hex                     0x00000000   Number         0  stubs.o ABSOLUTE
    _printf_longlong_oct                     0x00000000   Number         0  stubs.o ABSOLUTE
    _printf_ls                               0x00000000   Number         0  stubs.o ABSOLUTE
    _printf_mbtowc                           0x00000000   Number         0  stubs.o ABSOLUTE
    _printf_n                                0x00000000   Number         0  stubs.o ABSOLUTE
    _printf_o                                0x00000000   Number         0  stubs.o ABSOLUTE
    _printf_p                                0x00000000   Number         0  stubs.o ABSOLUTE
    _printf_percent                          0x00000000   Number         0  stubs.o ABSOLUTE
    _printf_pre_padding                      0x00000000   Number         0  stubs.o ABSOLUTE
    _printf_return_value                     0x00000000   Number         0  stubs.o ABSOLUTE
    _printf_s                                0x00000000   Number         0  stubs.o ABSOLUTE
    _printf_sizespec                         0x00000000   Number         0  stubs.o ABSOLUTE
    _printf_str                              0x00000000   Number         0  stubs.o ABSOLUTE
    _printf_truncate_signed                  0x00000000   Number         0  stubs.o ABSOLUTE
    _printf_truncate_unsigned                0x00000000   Number         0  stubs.o ABSOLUTE
    _printf_u                                0x00000000   Number         0  stubs.o ABSOLUTE
    _printf_wc                               0x00000000   Number         0  stubs.o ABSOLUTE
    _printf_wctomb                           0x00000000   Number         0  stubs.o ABSOLUTE
    _printf_widthprec                        0x00000000   Number         0  stubs.o ABSOLUTE
    _printf_x                                0x00000000   Number         0  stubs.o ABSOLUTE
    __ARM::default_unexpected_handler()       - Undefined Weak Reference
    __ARM_exceptions_buffer_required          - Undefined Weak Reference
    __cxa_finalize                            - Undefined Weak Reference
    _clock_init                               - Undefined Weak Reference
    _microlib_exit                            - Undefined Weak Reference
    _scanf_longlong                           - Undefined Weak Reference
    _scanf_real                               - Undefined Weak Reference
    _scanf_string                             - Undefined Weak Reference
    __Vectors_Size                           0x00000188   Number         0  startup_stm32f40_41xxx.o ABSOLUTE
    __Vectors                                0x08000000   Data           4  startup_stm32f40_41xxx.o(RESET)
    __Vectors_End                            0x08000188   Data           0  startup_stm32f40_41xxx.o(RESET)
    __main                                   0x08000189   Thumb Code     0  entry.o(.ARM.Collect$$$$00000000)
    _main_stk                                0x08000189   Thumb Code     0  entry2.o(.ARM.Collect$$$$00000001)
    _main_scatterload                        0x0800018d   Thumb Code     0  entry5.o(.ARM.Collect$$$$00000004)
    __main_after_scatterload                 0x08000191   Thumb Code     0  entry5.o(.ARM.Collect$$$$00000004)
    _main_clock                              0x08000191   Thumb Code     0  entry7b.o(.ARM.Collect$$$$00000008)
    _main_cpp_init$empty                     0x08000191   Thumb Code     0  entry8a.o(.ARM.Collect$$$$00000009)
    _main_cpp_init                           0x08000195   Thumb Code     0  entry8b.o(.ARM.Collect$$$$0000000A)
    _main_init                               0x08000195   Thumb Code     0  entry9a.o(.ARM.Collect$$$$0000000B)
    __rt_final_cpp                           0x0800019d   Thumb Code     0  entry10a.o(.ARM.Collect$$$$0000000D)
    __rt_final_exit                          0x0800019d   Thumb Code     0  entry11a.o(.ARM.Collect$$$$0000000F)
    fputc                                    0x080001a1   Thumb Code    32  cppforstm32.o(.text)
    delay_nms(unsigned short)                0x080001c5   Thumb Code    30  main.o(.text)
    main                                     0x080001e3   Thumb Code    76  main.o(.text)
    User_Activate()                          0x080002b1   Thumb Code    34  activate.o(.text)
    VRC_TakeControl()                        0x080002e5   Thumb Code    24  virtualrc.o(.text)
    VRCResetData()                           0x080002fd   Thumb Code    52  virtualrc.o(.text)
    tryHotpoint()                            0x0800033d   Thumb Code   160  hotpoint.o(.text)
    Hex2int(char, char)                      0x08000409   Thumb Code    56  receive.o(.text)
    Rx_buff_Handler()                        0x08000441   Thumb Code   854  receive.o(.text)
    USART2_Gpio_Config()                     0x08000829   Thumb Code    66  bspusart.o(.text)
    USART3_Gpio_Config()                     0x0800086b   Thumb Code    68  bspusart.o(.text)
    USART2_Config()                          0x080008af   Thumb Code    88  bspusart.o(.text)
    USART3_Config()                          0x08000907   Thumb Code    88  bspusart.o(.text)
    USARTxNVIC_Config()                      0x0800095f   Thumb Code    72  bspusart.o(.text)
    UsartConfig()                            0x080009a7   Thumb Code    16  bspusart.o(.text)
    USART3_IRQHandler                        0x080009b7   Thumb Code    34  bspusart.o(.text)
    USART2_IRQHandler                        0x080009d9   Thumb Code   118  bspusart.o(.text)
    Timer1Config()                           0x08000a79   Thumb Code   110  timer.o(.text)
    Timer2Config()                           0x08000ae7   Thumb Code   116  timer.o(.text)
    SystickConfig()                          0x08000b5b   Thumb Code    92  timer.o(.text)
    SysTick_Handler                          0x08000bb7   Thumb Code    34  timer.o(.text)
    TIM1_UP_TIM10_IRQHandler                 0x08000bd9   Thumb Code    60  timer.o(.text)
    TIM2_IRQHandler                          0x08000c15   Thumb Code    60  timer.o(.text)
    BSPinit()                                0x08000c7d   Thumb Code    20  bsp.o(.text)
    NVIC_PriorityGroupConfig                 0x08000c91   Thumb Code    10  misc.o(.text)
    NVIC_Init                                0x08000c9b   Thumb Code   106  misc.o(.text)
    NVIC_SetVectorTable                      0x08000d05   Thumb Code    14  misc.o(.text)
    NVIC_SystemLPConfig                      0x08000d13   Thumb Code    34  misc.o(.text)
    SysTick_CLKSourceConfig                  0x08000d35   Thumb Code    40  misc.o(.text)
    GPIO_DeInit                              0x08000d71   Thumb Code   220  stm32f4xx_gpio.o(.text)
    GPIO_Init                                0x08000e4d   Thumb Code   144  stm32f4xx_gpio.o(.text)
    GPIO_StructInit                          0x08000edd   Thumb Code    18  stm32f4xx_gpio.o(.text)
    GPIO_PinLockConfig                       0x08000eef   Thumb Code    34  stm32f4xx_gpio.o(.text)
    GPIO_ReadInputDataBit                    0x08000f11   Thumb Code    18  stm32f4xx_gpio.o(.text)
    GPIO_ReadInputData                       0x08000f23   Thumb Code     8  stm32f4xx_gpio.o(.text)
    GPIO_ReadOutputDataBit                   0x08000f2b   Thumb Code    18  stm32f4xx_gpio.o(.text)
    GPIO_ReadOutputData                      0x08000f3d   Thumb Code     8  stm32f4xx_gpio.o(.text)
    GPIO_SetBits                             0x08000f45   Thumb Code     4  stm32f4xx_gpio.o(.text)
    GPIO_ResetBits                           0x08000f49   Thumb Code     4  stm32f4xx_gpio.o(.text)
    GPIO_WriteBit                            0x08000f4d   Thumb Code    10  stm32f4xx_gpio.o(.text)
    GPIO_Write                               0x08000f57   Thumb Code     4  stm32f4xx_gpio.o(.text)
    GPIO_ToggleBits                          0x08000f5b   Thumb Code     8  stm32f4xx_gpio.o(.text)
    GPIO_PinAFConfig                         0x08000f63   Thumb Code    70  stm32f4xx_gpio.o(.text)
    RCC_DeInit                               0x08000fcd   Thumb Code    68  stm32f4xx_rcc.o(.text)
    RCC_HSEConfig                            0x08001011   Thumb Code    14  stm32f4xx_rcc.o(.text)
    RCC_GetFlagStatus                        0x0800101f   Thumb Code    60  stm32f4xx_rcc.o(.text)
    RCC_WaitForHSEStartUp                    0x0800105b   Thumb Code    56  stm32f4xx_rcc.o(.text)
    RCC_AdjustHSICalibrationValue            0x08001093   Thumb Code    20  stm32f4xx_rcc.o(.text)
    RCC_HSICmd                               0x080010a7   Thumb Code     6  stm32f4xx_rcc.o(.text)
    RCC_LSEConfig                            0x080010ad   Thumb Code    46  stm32f4xx_rcc.o(.text)
    RCC_LSICmd                               0x080010db   Thumb Code     6  stm32f4xx_rcc.o(.text)
    RCC_PLLConfig                            0x080010e1   Thumb Code    32  stm32f4xx_rcc.o(.text)
    RCC_PLLCmd                               0x08001101   Thumb Code     6  stm32f4xx_rcc.o(.text)
    RCC_PLLI2SConfig                         0x08001107   Thumb Code    14  stm32f4xx_rcc.o(.text)
    RCC_PLLI2SCmd                            0x08001115   Thumb Code     6  stm32f4xx_rcc.o(.text)
    RCC_ClockSecuritySystemCmd               0x0800111b   Thumb Code     6  stm32f4xx_rcc.o(.text)
    RCC_MCO1Config                           0x08001121   Thumb Code    28  stm32f4xx_rcc.o(.text)
    RCC_MCO2Config                           0x0800113d   Thumb Code    28  stm32f4xx_rcc.o(.text)
    RCC_SYSCLKConfig                         0x08001159   Thumb Code    20  stm32f4xx_rcc.o(.text)
    RCC_GetSYSCLKSource                      0x0800116d   Thumb Code    12  stm32f4xx_rcc.o(.text)
    RCC_HCLKConfig                           0x08001179   Thumb Code    20  stm32f4xx_rcc.o(.text)
    RCC_PCLK1Config                          0x0800118d   Thumb Code    20  stm32f4xx_rcc.o(.text)
    RCC_PCLK2Config                          0x080011a1   Thumb Code    22  stm32f4xx_rcc.o(.text)
    RCC_GetClocksFreq                        0x080011b7   Thumb Code   222  stm32f4xx_rcc.o(.text)
    RCC_RTCCLKConfig                         0x08001295   Thumb Code    54  stm32f4xx_rcc.o(.text)
    RCC_RTCCLKCmd                            0x080012cb   Thumb Code     8  stm32f4xx_rcc.o(.text)
    RCC_BackupResetCmd                       0x080012d3   Thumb Code     8  stm32f4xx_rcc.o(.text)
    RCC_I2SCLKConfig                         0x080012db   Thumb Code     6  stm32f4xx_rcc.o(.text)
    RCC_TIMCLKPresConfig                     0x080012e1   Thumb Code     6  stm32f4xx_rcc.o(.text)
    RCC_AHB1PeriphClockCmd                   0x080012e7   Thumb Code    34  stm32f4xx_rcc.o(.text)
    RCC_AHB2PeriphClockCmd                   0x08001309   Thumb Code    34  stm32f4xx_rcc.o(.text)
    RCC_AHB3PeriphClockCmd                   0x0800132b   Thumb Code    34  stm32f4xx_rcc.o(.text)
    RCC_APB1PeriphClockCmd                   0x0800134d   Thumb Code    34  stm32f4xx_rcc.o(.text)
    RCC_APB2PeriphClockCmd                   0x0800136f   Thumb Code    34  stm32f4xx_rcc.o(.text)
    RCC_AHB1PeriphResetCmd                   0x08001391   Thumb Code    84  stm32f4xx_rcc.o(.text)
    RCC_AHB2PeriphResetCmd                   0x080013e5   Thumb Code    26  stm32f4xx_rcc.o(.text)
    RCC_AHB3PeriphResetCmd                   0x080013ff   Thumb Code    34  stm32f4xx_rcc.o(.text)
    RCC_APB1PeriphResetCmd                   0x08001421   Thumb Code    34  stm32f4xx_rcc.o(.text)
    RCC_APB2PeriphResetCmd                   0x08001443   Thumb Code    34  stm32f4xx_rcc.o(.text)
    RCC_AHB1PeriphClockLPModeCmd             0x08001465   Thumb Code    34  stm32f4xx_rcc.o(.text)
    RCC_AHB2PeriphClockLPModeCmd             0x08001487   Thumb Code    34  stm32f4xx_rcc.o(.text)
    RCC_AHB3PeriphClockLPModeCmd             0x080014a9   Thumb Code    34  stm32f4xx_rcc.o(.text)
    RCC_APB1PeriphClockLPModeCmd             0x080014cb   Thumb Code    34  stm32f4xx_rcc.o(.text)
    RCC_APB2PeriphClockLPModeCmd             0x080014ed   Thumb Code    34  stm32f4xx_rcc.o(.text)
    RCC_ITConfig                             0x0800150f   Thumb Code    34  stm32f4xx_rcc.o(.text)
    RCC_ClearFlag                            0x08001531   Thumb Code    18  stm32f4xx_rcc.o(.text)
    RCC_GetITStatus                          0x08001543   Thumb Code    22  stm32f4xx_rcc.o(.text)
    RCC_ClearITPendingBit                    0x08001559   Thumb Code     8  stm32f4xx_rcc.o(.text)
    TIM_DeInit                               0x08001565   Thumb Code   346  stm32f4xx_tim.o(.text)
    TIM_TimeBaseInit                         0x080016bf   Thumb Code   104  stm32f4xx_tim.o(.text)
    TIM_TimeBaseStructInit                   0x08001727   Thumb Code    18  stm32f4xx_tim.o(.text)
    TIM_PrescalerConfig                      0x08001739   Thumb Code     6  stm32f4xx_tim.o(.text)
    TIM_CounterModeConfig                    0x0800173f   Thumb Code    18  stm32f4xx_tim.o(.text)
    TIM_SetCounter                           0x08001751   Thumb Code     4  stm32f4xx_tim.o(.text)
    TIM_SetAutoreload                        0x08001755   Thumb Code     4  stm32f4xx_tim.o(.text)
    TIM_GetCounter                           0x08001759   Thumb Code     6  stm32f4xx_tim.o(.text)
    TIM_GetPrescaler                         0x0800175f   Thumb Code     6  stm32f4xx_tim.o(.text)
    TIM_UpdateDisableConfig                  0x08001765   Thumb Code    24  stm32f4xx_tim.o(.text)
    TIM_UpdateRequestConfig                  0x0800177d   Thumb Code    24  stm32f4xx_tim.o(.text)
    TIM_ARRPreloadConfig                     0x08001795   Thumb Code    24  stm32f4xx_tim.o(.text)
    TIM_SelectOnePulseMode                   0x080017ad   Thumb Code    18  stm32f4xx_tim.o(.text)
    TIM_SetClockDivision                     0x080017bf   Thumb Code    18  stm32f4xx_tim.o(.text)
    TIM_Cmd                                  0x080017d1   Thumb Code    24  stm32f4xx_tim.o(.text)
    TIM_OC1Init                              0x080017e9   Thumb Code   114  stm32f4xx_tim.o(.text)
    TIM_OC2Init                              0x0800185b   Thumb Code   154  stm32f4xx_tim.o(.text)
    TIM_OC3Init                              0x080018f5   Thumb Code   204  stm32f4xx_tim.o(.text)
    TIM_OC4Init                              0x080019c1   Thumb Code   112  stm32f4xx_tim.o(.text)
    TIM_OCStructInit                         0x08001a31   Thumb Code    20  stm32f4xx_tim.o(.text)
    TIM_SelectOCxM                           0x08001a45   Thumb Code    86  stm32f4xx_tim.o(.text)
    TIM_SetCompare1                          0x08001a9b   Thumb Code     4  stm32f4xx_tim.o(.text)
    TIM_SetCompare2                          0x08001a9f   Thumb Code     4  stm32f4xx_tim.o(.text)
    TIM_SetCompare3                          0x08001aa3   Thumb Code     4  stm32f4xx_tim.o(.text)
    TIM_SetCompare4                          0x08001aa7   Thumb Code     4  stm32f4xx_tim.o(.text)
    TIM_ForcedOC1Config                      0x08001aab   Thumb Code    18  stm32f4xx_tim.o(.text)
    TIM_ForcedOC2Config                      0x08001abd   Thumb Code    26  stm32f4xx_tim.o(.text)
    TIM_ForcedOC3Config                      0x08001ad7   Thumb Code    18  stm32f4xx_tim.o(.text)
    TIM_ForcedOC4Config                      0x08001ae9   Thumb Code    26  stm32f4xx_tim.o(.text)
    TIM_OC1PreloadConfig                     0x08001b03   Thumb Code    18  stm32f4xx_tim.o(.text)
    TIM_OC2PreloadConfig                     0x08001b15   Thumb Code    26  stm32f4xx_tim.o(.text)
    TIM_OC3PreloadConfig                     0x08001b2f   Thumb Code    18  stm32f4xx_tim.o(.text)
    TIM_OC4PreloadConfig                     0x08001b41   Thumb Code    26  stm32f4xx_tim.o(.text)
    TIM_OC1FastConfig                        0x08001b5b   Thumb Code    18  stm32f4xx_tim.o(.text)
    TIM_OC2FastConfig                        0x08001b6d   Thumb Code    26  stm32f4xx_tim.o(.text)
    TIM_OC3FastConfig                        0x08001b87   Thumb Code    18  stm32f4xx_tim.o(.text)
    TIM_OC4FastConfig                        0x08001b99   Thumb Code    26  stm32f4xx_tim.o(.text)
    TIM_ClearOC1Ref                          0x08001bb3   Thumb Code    18  stm32f4xx_tim.o(.text)
    TIM_ClearOC2Ref                          0x08001bc5   Thumb Code    24  stm32f4xx_tim.o(.text)
    TIM_ClearOC3Ref                          0x08001bdd   Thumb Code    18  stm32f4xx_tim.o(.text)
    TIM_ClearOC4Ref                          0x08001bef   Thumb Code    24  stm32f4xx_tim.o(.text)
    TIM_OC1PolarityConfig                    0x08001c07   Thumb Code    18  stm32f4xx_tim.o(.text)
    TIM_OC1NPolarityConfig                   0x08001c19   Thumb Code    18  stm32f4xx_tim.o(.text)
    TIM_OC2PolarityConfig                    0x08001c2b   Thumb Code    26  stm32f4xx_tim.o(.text)
    TIM_OC2NPolarityConfig                   0x08001c45   Thumb Code    26  stm32f4xx_tim.o(.text)
    TIM_OC3PolarityConfig                    0x08001c5f   Thumb Code    26  stm32f4xx_tim.o(.text)
    TIM_OC3NPolarityConfig                   0x08001c79   Thumb Code    26  stm32f4xx_tim.o(.text)
    TIM_OC4PolarityConfig                    0x08001c93   Thumb Code    26  stm32f4xx_tim.o(.text)
    TIM_CCxCmd                               0x08001cad   Thumb Code    30  stm32f4xx_tim.o(.text)
    TIM_CCxNCmd                              0x08001ccb   Thumb Code    30  stm32f4xx_tim.o(.text)
    TIM_SetIC4Prescaler                      0x08001ce9   Thumb Code    26  stm32f4xx_tim.o(.text)
    TIM_SetIC3Prescaler                      0x08001d53   Thumb Code    18  stm32f4xx_tim.o(.text)
    TIM_SetIC2Prescaler                      0x08001dad   Thumb Code    26  stm32f4xx_tim.o(.text)
    TIM_SetIC1Prescaler                      0x08001e21   Thumb Code    18  stm32f4xx_tim.o(.text)
    TIM_ICInit                               0x08001e6d   Thumb Code   110  stm32f4xx_tim.o(.text)
    TIM_ICStructInit                         0x08001edb   Thumb Code    18  stm32f4xx_tim.o(.text)
    TIM_PWMIConfig                           0x08001eed   Thumb Code   124  stm32f4xx_tim.o(.text)
    TIM_GetCapture1                          0x08001f69   Thumb Code     6  stm32f4xx_tim.o(.text)
    TIM_GetCapture2                          0x08001f6f   Thumb Code     6  stm32f4xx_tim.o(.text)
    TIM_GetCapture3                          0x08001f75   Thumb Code     6  stm32f4xx_tim.o(.text)
    TIM_GetCapture4                          0x08001f7b   Thumb Code     6  stm32f4xx_tim.o(.text)
    TIM_BDTRConfig                           0x08001f81   Thumb Code    32  stm32f4xx_tim.o(.text)
    TIM_BDTRStructInit                       0x08001fa1   Thumb Code    18  stm32f4xx_tim.o(.text)
    TIM_CtrlPWMOutputs                       0x08001fb3   Thumb Code    30  stm32f4xx_tim.o(.text)
    TIM_SelectCOM                            0x08001fd1   Thumb Code    24  stm32f4xx_tim.o(.text)
    TIM_CCPreloadControl                     0x08001fe9   Thumb Code    24  stm32f4xx_tim.o(.text)
    TIM_ITConfig                             0x08002001   Thumb Code    18  stm32f4xx_tim.o(.text)
    TIM_GenerateEvent                        0x08002013   Thumb Code     4  stm32f4xx_tim.o(.text)
    TIM_GetFlagStatus                        0x08002017   Thumb Code    18  stm32f4xx_tim.o(.text)
    TIM_ClearFlag                            0x08002029   Thumb Code     6  stm32f4xx_tim.o(.text)
    TIM_GetITStatus                          0x0800202f   Thumb Code    34  stm32f4xx_tim.o(.text)
    TIM_ClearITPendingBit                    0x08002051   Thumb Code     6  stm32f4xx_tim.o(.text)
    TIM_DMAConfig                            0x08002057   Thumb Code    10  stm32f4xx_tim.o(.text)
    TIM_DMACmd                               0x08002061   Thumb Code    18  stm32f4xx_tim.o(.text)
    TIM_SelectCCDMA                          0x08002073   Thumb Code    24  stm32f4xx_tim.o(.text)
    TIM_InternalClockConfig                  0x0800208b   Thumb Code    12  stm32f4xx_tim.o(.text)
    TIM_SelectInputTrigger                   0x08002097   Thumb Code    18  stm32f4xx_tim.o(.text)
    TIM_ITRxExternalClockConfig              0x080020a9   Thumb Code    24  stm32f4xx_tim.o(.text)
    TIM_TIxExternalClockConfig               0x080020c1   Thumb Code    62  stm32f4xx_tim.o(.text)
    TIM_ETRConfig                            0x080020ff   Thumb Code    28  stm32f4xx_tim.o(.text)
    TIM_ETRClockMode1Config                  0x0800211b   Thumb Code    54  stm32f4xx_tim.o(.text)
    TIM_ETRClockMode2Config                  0x08002151   Thumb Code    32  stm32f4xx_tim.o(.text)
    TIM_SelectOutputTrigger                  0x08002171   Thumb Code    18  stm32f4xx_tim.o(.text)
    TIM_SelectSlaveMode                      0x08002183   Thumb Code    18  stm32f4xx_tim.o(.text)
    TIM_SelectMasterSlaveMode                0x08002195   Thumb Code    18  stm32f4xx_tim.o(.text)
    TIM_EncoderInterfaceConfig               0x080021a7   Thumb Code    66  stm32f4xx_tim.o(.text)
    TIM_SelectHallSensor                     0x080021e9   Thumb Code    24  stm32f4xx_tim.o(.text)
    TIM_RemapConfig                          0x08002201   Thumb Code     6  stm32f4xx_tim.o(.text)
    USART_DeInit                             0x08002209   Thumb Code   206  stm32f4xx_usart.o(.text)
    USART_Init                               0x080022d7   Thumb Code   204  stm32f4xx_usart.o(.text)
    USART_StructInit                         0x080023a3   Thumb Code    24  stm32f4xx_usart.o(.text)
    USART_ClockInit                          0x080023bb   Thumb Code    32  stm32f4xx_usart.o(.text)
    USART_ClockStructInit                    0x080023db   Thumb Code    12  stm32f4xx_usart.o(.text)
    USART_Cmd                                0x080023e7   Thumb Code    24  stm32f4xx_usart.o(.text)
    USART_SetPrescaler                       0x080023ff   Thumb Code    16  stm32f4xx_usart.o(.text)
    USART_OverSampling8Cmd                   0x0800240f   Thumb Code    22  stm32f4xx_usart.o(.text)
    USART_OneBitMethodCmd                    0x08002425   Thumb Code    24  stm32f4xx_usart.o(.text)
    USART_SendData                           0x0800243d   Thumb Code     8  stm32f4xx_usart.o(.text)
    USART_ReceiveData                        0x08002445   Thumb Code    10  stm32f4xx_usart.o(.text)
    USART_SetAddress                         0x0800244f   Thumb Code    18  stm32f4xx_usart.o(.text)
    USART_ReceiverWakeUpCmd                  0x08002461   Thumb Code    24  stm32f4xx_usart.o(.text)
    USART_WakeUpConfig                       0x08002479   Thumb Code    18  stm32f4xx_usart.o(.text)
    USART_LINBreakDetectLengthConfig         0x0800248b   Thumb Code    18  stm32f4xx_usart.o(.text)
    USART_LINCmd                             0x0800249d   Thumb Code    24  stm32f4xx_usart.o(.text)
    USART_SendBreak                          0x080024b5   Thumb Code    10  stm32f4xx_usart.o(.text)
    USART_HalfDuplexCmd                      0x080024bf   Thumb Code    24  stm32f4xx_usart.o(.text)
    USART_SetGuardTime                       0x080024d7   Thumb Code    16  stm32f4xx_usart.o(.text)
    USART_SmartCardCmd                       0x080024e7   Thumb Code    24  stm32f4xx_usart.o(.text)
    USART_SmartCardNACKCmd                   0x080024ff   Thumb Code    24  stm32f4xx_usart.o(.text)
    USART_IrDAConfig                         0x08002517   Thumb Code    18  stm32f4xx_usart.o(.text)
    USART_IrDACmd                            0x08002529   Thumb Code    24  stm32f4xx_usart.o(.text)
    USART_DMACmd                             0x08002541   Thumb Code    18  stm32f4xx_usart.o(.text)
    USART_ITConfig                           0x08002553   Thumb Code    74  stm32f4xx_usart.o(.text)
    USART_GetFlagStatus                      0x0800259d   Thumb Code    26  stm32f4xx_usart.o(.text)
    USART_ClearFlag                          0x080025b7   Thumb Code    18  stm32f4xx_usart.o(.text)
    USART_GetITStatus                        0x080025c9   Thumb Code   118  stm32f4xx_usart.o(.text)
    USART_ClearITPendingBit                  0x0800263f   Thumb Code    30  stm32f4xx_usart.o(.text)
    SystemInit                               0x08002739   Thumb Code    88  system_stm32f4xx.o(.text)
    SystemCoreClockUpdate                    0x08002791   Thumb Code   174  system_stm32f4xx.o(.text)
    Reset_Handler                            0x0800286d   Thumb Code     8  startup_stm32f40_41xxx.o(.text)
    NMI_Handler                              0x08002875   Thumb Code     2  startup_stm32f40_41xxx.o(.text)
    HardFault_Handler                        0x08002877   Thumb Code     2  startup_stm32f40_41xxx.o(.text)
    MemManage_Handler                        0x08002879   Thumb Code     2  startup_stm32f40_41xxx.o(.text)
    BusFault_Handler                         0x0800287b   Thumb Code     2  startup_stm32f40_41xxx.o(.text)
    UsageFault_Handler                       0x0800287d   Thumb Code     2  startup_stm32f40_41xxx.o(.text)
    SVC_Handler                              0x0800287f   Thumb Code     2  startup_stm32f40_41xxx.o(.text)
    DebugMon_Handler                         0x08002881   Thumb Code     2  startup_stm32f40_41xxx.o(.text)
    PendSV_Handler                           0x08002883   Thumb Code     2  startup_stm32f40_41xxx.o(.text)
    ADC_IRQHandler                           0x08002887   Thumb Code     0  startup_stm32f40_41xxx.o(.text)
    CAN1_RX0_IRQHandler                      0x08002887   Thumb Code     0  startup_stm32f40_41xxx.o(.text)
    CAN1_RX1_IRQHandler                      0x08002887   Thumb Code     0  startup_stm32f40_41xxx.o(.text)
    CAN1_SCE_IRQHandler                      0x08002887   Thumb Code     0  startup_stm32f40_41xxx.o(.text)
    CAN1_TX_IRQHandler                       0x08002887   Thumb Code     0  startup_stm32f40_41xxx.o(.text)
    CAN2_RX0_IRQHandler                      0x08002887   Thumb Code     0  startup_stm32f40_41xxx.o(.text)
    CAN2_RX1_IRQHandler                      0x08002887   Thumb Code     0  startup_stm32f40_41xxx.o(.text)
    CAN2_SCE_IRQHandler                      0x08002887   Thumb Code     0  startup_stm32f40_41xxx.o(.text)
    CAN2_TX_IRQHandler                       0x08002887   Thumb Code     0  startup_stm32f40_41xxx.o(.text)
    CRYP_IRQHandler                          0x08002887   Thumb Code     0  startup_stm32f40_41xxx.o(.text)
    DCMI_IRQHandler                          0x08002887   Thumb Code     0  startup_stm32f40_41xxx.o(.text)
    DMA1_Stream0_IRQHandler                  0x08002887   Thumb Code     0  startup_stm32f40_41xxx.o(.text)
    DMA1_Stream1_IRQHandler                  0x08002887   Thumb Code     0  startup_stm32f40_41xxx.o(.text)
    DMA1_Stream2_IRQHandler                  0x08002887   Thumb Code     0  startup_stm32f40_41xxx.o(.text)
    DMA1_Stream3_IRQHandler                  0x08002887   Thumb Code     0  startup_stm32f40_41xxx.o(.text)
    DMA1_Stream4_IRQHandler                  0x08002887   Thumb Code     0  startup_stm32f40_41xxx.o(.text)
    DMA1_Stream5_IRQHandler                  0x08002887   Thumb Code     0  startup_stm32f40_41xxx.o(.text)
    DMA1_Stream6_IRQHandler                  0x08002887   Thumb Code     0  startup_stm32f40_41xxx.o(.text)
    DMA1_Stream7_IRQHandler                  0x08002887   Thumb Code     0  startup_stm32f40_41xxx.o(.text)
    DMA2_Stream0_IRQHandler                  0x08002887   Thumb Code     0  startup_stm32f40_41xxx.o(.text)
    DMA2_Stream1_IRQHandler                  0x08002887   Thumb Code     0  startup_stm32f40_41xxx.o(.text)
    DMA2_Stream2_IRQHandler                  0x08002887   Thumb Code     0  startup_stm32f40_41xxx.o(.text)
    DMA2_Stream3_IRQHandler                  0x08002887   Thumb Code     0  startup_stm32f40_41xxx.o(.text)
    DMA2_Stream4_IRQHandler                  0x08002887   Thumb Code     0  startup_stm32f40_41xxx.o(.text)
    DMA2_Stream5_IRQHandler                  0x08002887   Thumb Code     0  startup_stm32f40_41xxx.o(.text)
    DMA2_Stream6_IRQHandler                  0x08002887   Thumb Code     0  startup_stm32f40_41xxx.o(.text)
    DMA2_Stream7_IRQHandler                  0x08002887   Thumb Code     0  startup_stm32f40_41xxx.o(.text)
    ETH_IRQHandler                           0x08002887   Thumb Code     0  startup_stm32f40_41xxx.o(.text)
    ETH_WKUP_IRQHandler                      0x08002887   Thumb Code     0  startup_stm32f40_41xxx.o(.text)
    EXTI0_IRQHandler                         0x08002887   Thumb Code     0  startup_stm32f40_41xxx.o(.text)
    EXTI15_10_IRQHandler                     0x08002887   Thumb Code     0  startup_stm32f40_41xxx.o(.text)
    EXTI1_IRQHandler                         0x08002887   Thumb Code     0  startup_stm32f40_41xxx.o(.text)
    EXTI2_IRQHandler                         0x08002887   Thumb Code     0  startup_stm32f40_41xxx.o(.text)
    EXTI3_IRQHandler                         0x08002887   Thumb Code     0  startup_stm32f40_41xxx.o(.text)
    EXTI4_IRQHandler                         0x08002887   Thumb Code     0  startup_stm32f40_41xxx.o(.text)
    EXTI9_5_IRQHandler                       0x08002887   Thumb Code     0  startup_stm32f40_41xxx.o(.text)
    FLASH_IRQHandler                         0x08002887   Thumb Code     0  startup_stm32f40_41xxx.o(.text)
    FPU_IRQHandler                           0x08002887   Thumb Code     0  startup_stm32f40_41xxx.o(.text)
    FSMC_IRQHandler                          0x08002887   Thumb Code     0  startup_stm32f40_41xxx.o(.text)
    HASH_RNG_IRQHandler                      0x08002887   Thumb Code     0  startup_stm32f40_41xxx.o(.text)
    I2C1_ER_IRQHandler                       0x08002887   Thumb Code     0  startup_stm32f40_41xxx.o(.text)
    I2C1_EV_IRQHandler                       0x08002887   Thumb Code     0  startup_stm32f40_41xxx.o(.text)
    I2C2_ER_IRQHandler                       0x08002887   Thumb Code     0  startup_stm32f40_41xxx.o(.text)
    I2C2_EV_IRQHandler                       0x08002887   Thumb Code     0  startup_stm32f40_41xxx.o(.text)
    I2C3_ER_IRQHandler                       0x08002887   Thumb Code     0  startup_stm32f40_41xxx.o(.text)
    I2C3_EV_IRQHandler                       0x08002887   Thumb Code     0  startup_stm32f40_41xxx.o(.text)
    OTG_FS_IRQHandler                        0x08002887   Thumb Code     0  startup_stm32f40_41xxx.o(.text)
    OTG_FS_WKUP_IRQHandler                   0x08002887   Thumb Code     0  startup_stm32f40_41xxx.o(.text)
    OTG_HS_EP1_IN_IRQHandler                 0x08002887   Thumb Code     0  startup_stm32f40_41xxx.o(.text)
    OTG_HS_EP1_OUT_IRQHandler                0x08002887   Thumb Code     0  startup_stm32f40_41xxx.o(.text)
    OTG_HS_IRQHandler                        0x08002887   Thumb Code     0  startup_stm32f40_41xxx.o(.text)
    OTG_HS_WKUP_IRQHandler                   0x08002887   Thumb Code     0  startup_stm32f40_41xxx.o(.text)
    PVD_IRQHandler                           0x08002887   Thumb Code     0  startup_stm32f40_41xxx.o(.text)
    RCC_IRQHandler                           0x08002887   Thumb Code     0  startup_stm32f40_41xxx.o(.text)
    RTC_Alarm_IRQHandler                     0x08002887   Thumb Code     0  startup_stm32f40_41xxx.o(.text)
    RTC_WKUP_IRQHandler                      0x08002887   Thumb Code     0  startup_stm32f40_41xxx.o(.text)
    SDIO_IRQHandler                          0x08002887   Thumb Code     0  startup_stm32f40_41xxx.o(.text)
    SPI1_IRQHandler                          0x08002887   Thumb Code     0  startup_stm32f40_41xxx.o(.text)
    SPI2_IRQHandler                          0x08002887   Thumb Code     0  startup_stm32f40_41xxx.o(.text)
    SPI3_IRQHandler                          0x08002887   Thumb Code     0  startup_stm32f40_41xxx.o(.text)
    TAMP_STAMP_IRQHandler                    0x08002887   Thumb Code     0  startup_stm32f40_41xxx.o(.text)
    TIM1_BRK_TIM9_IRQHandler                 0x08002887   Thumb Code     0  startup_stm32f40_41xxx.o(.text)
    TIM1_CC_IRQHandler                       0x08002887   Thumb Code     0  startup_stm32f40_41xxx.o(.text)
    TIM1_TRG_COM_TIM11_IRQHandler            0x08002887   Thumb Code     0  startup_stm32f40_41xxx.o(.text)
    TIM3_IRQHandler                          0x08002887   Thumb Code     0  startup_stm32f40_41xxx.o(.text)
    TIM4_IRQHandler                          0x08002887   Thumb Code     0  startup_stm32f40_41xxx.o(.text)
    TIM5_IRQHandler                          0x08002887   Thumb Code     0  startup_stm32f40_41xxx.o(.text)
    TIM6_DAC_IRQHandler                      0x08002887   Thumb Code     0  startup_stm32f40_41xxx.o(.text)
    TIM7_IRQHandler                          0x08002887   Thumb Code     0  startup_stm32f40_41xxx.o(.text)
    TIM8_BRK_TIM12_IRQHandler                0x08002887   Thumb Code     0  startup_stm32f40_41xxx.o(.text)
    TIM8_CC_IRQHandler                       0x08002887   Thumb Code     0  startup_stm32f40_41xxx.o(.text)
    TIM8_TRG_COM_TIM14_IRQHandler            0x08002887   Thumb Code     0  startup_stm32f40_41xxx.o(.text)
    TIM8_UP_TIM13_IRQHandler                 0x08002887   Thumb Code     0  startup_stm32f40_41xxx.o(.text)
    UART4_IRQHandler                         0x08002887   Thumb Code     0  startup_stm32f40_41xxx.o(.text)
    UART5_IRQHandler                         0x08002887   Thumb Code     0  startup_stm32f40_41xxx.o(.text)
    USART1_IRQHandler                        0x08002887   Thumb Code     0  startup_stm32f40_41xxx.o(.text)
    USART6_IRQHandler                        0x08002887   Thumb Code     0  startup_stm32f40_41xxx.o(.text)
    WWDG_IRQHandler                          0x08002887   Thumb Code     0  startup_stm32f40_41xxx.o(.text)
    DJI::onboardSDK::CoreAPI::init(DJI::onboardSDK::HardDriver*, DJI::onboardSDK::CallBackHandler, bool) 0x08002891   Thumb Code   122  dji_api.o(.text)
    DJI::onboardSDK::CoreAPI::CoreAPI(DJI::onboardSDK::HardDriver*, bool, void(*)(DJI::onboardSDK::CoreAPI*, DJI::onboardSDK::Header*, void*), void*) 0x0800290b   Thumb Code    42  dji_api.o(.text)
    DJI::onboardSDK::CoreAPI::CoreAPI__sub_object(DJI::onboardSDK::HardDriver*, bool, void(*)(DJI::onboardSDK::CoreAPI*, DJI::onboardSDK::Header*, void*), void*) 0x0800290b   Thumb Code     0  dji_api.o(.text)
    DJI::onboardSDK::CoreAPI::CoreAPI(DJI::onboardSDK::HardDriver*, DJI::onboardSDK::CallBackHandler, bool) 0x08002935   Thumb Code    30  dji_api.o(.text)
    DJI::onboardSDK::CoreAPI::CoreAPI__sub_object(DJI::onboardSDK::HardDriver*, DJI::onboardSDK::CallBackHandler, bool) 0x08002935   Thumb Code     0  dji_api.o(.text)
    DJI::onboardSDK::CoreAPI::ack(req_id_t, unsigned char*, int) 0x08002953   Thumb Code    90  dji_api.o(.text)
    DJI::onboardSDK::CoreAPI::send(unsigned char, unsigned char, DJI::onboardSDK::CMD_SET, unsigned char, void*, int, void(*)(DJI::onboardSDK::CoreAPI*, DJI::onboardSDK::Header*, void*), int, int) 0x080029ad   Thumb Code   128  dji_api.o(.text)
    DJI::onboardSDK::CoreAPI::send(unsigned char, bool, DJI::onboardSDK::CMD_SET, unsigned char, void*, unsigned, int, int, void(*)(DJI::onboardSDK::CoreAPI*, DJI::onboardSDK::Header*, void*), void*) 0x08002a2d   Thumb Code   128  dji_api.o(.text)
    DJI::onboardSDK::CoreAPI::send(DJI::onboardSDK::Command*) 0x08002aad   Thumb Code    16  dji_api.o(.text)
    DJI::onboardSDK::CoreAPI::getDriver() const 0x08002abd   Thumb Code    10  dji_api.o(.text)
    DJI::onboardSDK::CoreAPI::getVersionCallback(DJI::onboardSDK::CoreAPI*, DJI::onboardSDK::Header*, void*) 0x08002ac7   Thumb Code   250  dji_api.o(.text)
    DJI::onboardSDK::CoreAPI::getSDKVersion(void(*)(DJI::onboardSDK::CoreAPI*, DJI::onboardSDK::Header*, void*), void*) 0x08002bc1   Thumb Code    88  dji_api.o(.text)
    DJI::onboardSDK::CoreAPI::activateCallback(DJI::onboardSDK::CoreAPI*, DJI::onboardSDK::Header*, void*) 0x08002c19   Thumb Code   882  dji_api.o(.text)
    DJI::onboardSDK::CoreAPI::activate(ActivateData*, void(*)(DJI::onboardSDK::CoreAPI*, DJI::onboardSDK::Header*, void*), void*) 0x08002f8b   Thumb Code   108  dji_api.o(.text)
    DJI::onboardSDK::CoreAPI::setControlCallback(DJI::onboardSDK::CoreAPI*, DJI::onboardSDK::Header*, void*) 0x08002ff7   Thumb Code  1148  dji_api.o(.text)
    DJI::onboardSDK::CoreAPI::setControl(bool, void(*)(DJI::onboardSDK::CoreAPI*, DJI::onboardSDK::Header*, void*), void*) 0x08003473   Thumb Code    78  dji_api.o(.text)
    DJI::onboardSDK::CoreAPI::sendToMobileCallback(DJI::onboardSDK::CoreAPI*, DJI::onboardSDK::Header*, void*) 0x080034c1   Thumb Code   154  dji_api.o(.text)
    DJI::onboardSDK::CoreAPI::sendToMobile(unsigned char*, unsigned char, void(*)(DJI::onboardSDK::CoreAPI*, DJI::onboardSDK::Header*, void*), void*) 0x0800355b   Thumb Code   108  dji_api.o(.text)
    DJI::onboardSDK::CoreAPI::setFrequencyCallback(DJI::onboardSDK::CoreAPI*, DJI::onboardSDK::Header*, void*) 0x080035c7   Thumb Code   190  dji_api.o(.text)
    DJI::onboardSDK::CoreAPI::setBroadcastFreq(unsigned char*, void(*)(DJI::onboardSDK::CoreAPI*, DJI::onboardSDK::Header*, void*), void*) 0x08003685   Thumb Code    92  dji_api.o(.text)
    DJI::onboardSDK::CoreAPI::getTime() const 0x080036e1   Thumb Code    18  dji_api.o(.text)
    DJI::onboardSDK::CoreAPI::getFlightStatus() const 0x080036f3   Thumb Code     8  dji_api.o(.text)
    DJI::onboardSDK::CoreAPI::getAccountData() const 0x080036fb   Thumb Code    20  dji_api.o(.text)
    DJI::onboardSDK::CoreAPI::getSDKVersion() const 0x0800370f   Thumb Code     8  dji_api.o(.text)
    DJI::onboardSDK::CoreAPI::getHotPointData() const 0x08003717   Thumb Code    10  dji_api.o(.text)
    DJI::onboardSDK::CoreAPI::getWayPointData() const 0x08003721   Thumb Code    10  dji_api.o(.text)
    DJI::onboardSDK::CoreAPI::getFollowData() const 0x0800372b   Thumb Code    10  dji_api.o(.text)
    DJI::onboardSDK::CoreAPI::setHotPointData(bool) 0x08003735   Thumb Code     8  dji_api.o(.text)
    DJI::onboardSDK::CoreAPI::setWayPointData(bool) 0x0800373d   Thumb Code     8  dji_api.o(.text)
    DJI::onboardSDK::CoreAPI::setFollowData(bool) 0x08003745   Thumb Code     8  dji_api.o(.text)
    DJI::onboardSDK::CoreAPI::setDriver(DJI::onboardSDK::HardDriver*) 0x0800374d   Thumb Code     8  dji_api.o(.text)
    DJI::onboardSDK::CoreAPI::setAccountData(const ActivateData&) 0x08003755   Thumb Code    20  dji_api.o(.text)
    DJI::onboardSDK::CoreAPI::setVersion(const unsigned&) 0x08003769   Thumb Code     8  dji_api.o(.text)
    getCmdSet(DJI::onboardSDK::Header*)      0x08003805   Thumb Code    10  dji_app.o(.text)
    getCmdCode(DJI::onboardSDK::Header*)     0x0800380f   Thumb Code    12  dji_app.o(.text)
    DJI::onboardSDK::CoreAPI::getCtrlInfo() const 0x0800381b   Thumb Code    18  dji_app.o(.text)
    DJI::onboardSDK::CoreAPI::getBroadcastData() const 0x0800382d   Thumb Code    18  dji_app.o(.text)
    DJI::onboardSDK::CoreAPI::getBatteryCapacity() const 0x0800383f   Thumb Code     8  dji_app.o(.text)
    DJI::onboardSDK::CoreAPI::setBroadcastCallback(void(*)(DJI::onboardSDK::CoreAPI*, DJI::onboardSDK::Header*, void*), void*) 0x08003847   Thumb Code    12  dji_app.o(.text)
    DJI::onboardSDK::CoreAPI::setFromMobileCallback(DJI::onboardSDK::CallBackHandler) 0x08003853   Thumb Code    16  dji_app.o(.text)
    DJI::onboardSDK::CoreAPI::broadcast(DJI::onboardSDK::Header*) 0x08003863   Thumb Code   338  dji_app.o(.text)
    DJI::onboardSDK::CoreAPI::recvReqData(DJI::onboardSDK::Header*) 0x080039b5   Thumb Code   588  dji_app.o(.text)
    rj_xtime(unsigned char)                  0x08003d49   Thumb Code    22  dji_codec.o(.text)
    aes_subBytes(unsigned char*)             0x08003d5f   Thumb Code    24  dji_codec.o(.text)
    aes_subBytes_inv(unsigned char*)         0x08003d77   Thumb Code    24  dji_codec.o(.text)
    aes_addRoundKey(unsigned char*, unsigned char*) 0x08003d8f   Thumb Code    28  dji_codec.o(.text)
    aes_addRoundKey_cpy(unsigned char*, unsigned char*, unsigned char*) 0x08003dab   Thumb Code    38  dji_codec.o(.text)
    aes_shiftRows(unsigned char*)            0x08003dd1   Thumb Code    50  dji_codec.o(.text)
    aes_shiftRows_inv(unsigned char*)        0x08003e03   Thumb Code    50  dji_codec.o(.text)
    aes_mixColumns(unsigned char*)           0x08003e35   Thumb Code   124  dji_codec.o(.text)
    aes_mixColumns_inv(unsigned char*)       0x08003eb1   Thumb Code   182  dji_codec.o(.text)
    aes_expandEncKey(unsigned char*, unsigned char*) 0x08003f67   Thumb Code   244  dji_codec.o(.text)
    aes_expandDecKey(unsigned char*, unsigned char*) 0x0800405b   Thumb Code   254  dji_codec.o(.text)
    aes256_init(tagAES256Context*, unsigned char*) 0x08004159   Thumb Code    58  dji_codec.o(.text)
    aes256_done(tagAES256Context*)           0x08004193   Thumb Code    30  dji_codec.o(.text)
    aes256_encrypt_ecb(tagAES256Context*, unsigned char*) 0x080041b1   Thumb Code   116  dji_codec.o(.text)
    aes256_decrypt_ecb(tagAES256Context*, unsigned char*) 0x08004225   Thumb Code   108  dji_codec.o(.text)
    crc16_update(unsigned short, unsigned char) 0x08004291   Thumb Code    22  dji_codec.o(.text)
    crc32_update(unsigned, unsigned char)    0x080042a7   Thumb Code    22  dji_codec.o(.text)
    sdk_stream_crc16_calc(const unsigned char*, unsigned) 0x080042bd   Thumb Code    34  dji_codec.o(.text)
    sdk_stream_crc32_calc(const unsigned char*, unsigned) 0x080042df   Thumb Code    34  dji_codec.o(.text)
    sdk_stream_prepare_lambda(DJI::onboardSDK::SDKFilter*) 0x08004301   Thumb Code    34  dji_codec.o(.text)
    encodeData(DJI::onboardSDK::SDKFilter*, DJI::onboardSDK::Header*, void(*)(tagAES256Context*, unsigned char*)) 0x08004323   Thumb Code   136  dji_codec.o(.text)
    sdk_stream_shift_data_lambda(DJI::onboardSDK::SDKFilter*) 0x080043ab   Thumb Code    30  dji_codec.o(.text)
    sdk_stream_update_reuse_part_lambda(DJI::onboardSDK::SDKFilter*) 0x080043c9   Thumb Code    60  dji_codec.o(.text)
    calculateCRC(void*)                      0x08004405   Thumb Code   110  dji_codec.o(.text)
    transformTwoByte(const char*, unsigned char*) 0x08004473   Thumb Code    60  dji_codec.o(.text)
    DJI::onboardSDK::CoreAPI::callApp(DJI::onboardSDK::SDKFilter*) 0x080044af   Thumb Code    36  dji_codec.o(.text)
    DJI::onboardSDK::CoreAPI::verifyData(DJI::onboardSDK::SDKFilter*) 0x080044d3   Thumb Code    40  dji_codec.o(.text)
    DJI::onboardSDK::CoreAPI::verifyHead(DJI::onboardSDK::SDKFilter*) 0x080044fb   Thumb Code    84  dji_codec.o(.text)
    DJI::onboardSDK::CoreAPI::checkStream(DJI::onboardSDK::SDKFilter*) 0x0800454f   Thumb Code    56  dji_codec.o(.text)
    DJI::onboardSDK::CoreAPI::storeData(DJI::onboardSDK::SDKFilter*, unsigned char) 0x08004587   Thumb Code    78  dji_codec.o(.text)
    DJI::onboardSDK::CoreAPI::streamHandler(DJI::onboardSDK::SDKFilter*, unsigned char) 0x080045d5   Thumb Code    28  dji_codec.o(.text)
    DJI::onboardSDK::CoreAPI::byteHandler(unsigned char) 0x080045f1   Thumb Code    88  dji_codec.o(.text)
    DJI::onboardSDK::CoreAPI::byteStreamHandler(unsigned char*, unsigned) 0x08004649   Thumb Code     2  dji_codec.o(.text)
    DJI::onboardSDK::CoreAPI::encrypt(unsigned char*, const unsigned char*, unsigned short, unsigned char, unsigned char, unsigned char, unsigned short) 0x0800464b   Thumb Code   440  dji_codec.o(.text)
    DJI::onboardSDK::CoreAPI::decodeACKStatus(unsigned short) 0x08004803   Thumb Code   278  dji_codec.o(.text)
    DJI::onboardSDK::Flight::Flight(DJI::onboardSDK::CoreAPI*) 0x08004a35   Thumb Code     4  dji_flight.o(.text)
    DJI::onboardSDK::Flight::Flight__sub_object(DJI::onboardSDK::CoreAPI*) 0x08004a35   Thumb Code     0  dji_flight.o(.text)
    DJI::onboardSDK::Flight::taskCallback(DJI::onboardSDK::CoreAPI*, DJI::onboardSDK::Header*, void*) 0x08004a39   Thumb Code   138  dji_flight.o(.text)
    DJI::onboardSDK::Flight::task(DJI::onboardSDK::Flight::TASK, void(*)(DJI::onboardSDK::CoreAPI*, DJI::onboardSDK::Header*, void*), void*) 0x08004ac3   Thumb Code    82  dji_flight.o(.text)
    DJI::onboardSDK::Flight::armCallback(DJI::onboardSDK::CoreAPI*, DJI::onboardSDK::Header*, void*) 0x08004b15   Thumb Code   138  dji_flight.o(.text)
    DJI::onboardSDK::Flight::setArm(bool, void(*)(DJI::onboardSDK::CoreAPI*, DJI::onboardSDK::Header*, void*), void*) 0x08004b9f   Thumb Code    76  dji_flight.o(.text)
    DJI::onboardSDK::Flight::setFlight(DJI::onboardSDK::FlightData*) 0x08004beb   Thumb Code    58  dji_flight.o(.text)
    DJI::onboardSDK::Flight::getQuaternion() const 0x08004c25   Thumb Code    56  dji_flight.o(.text)
    DJI::onboardSDK::Flight::getPosition() const 0x08004c5d   Thumb Code    40  dji_flight.o(.text)
    DJI::onboardSDK::Flight::getVelocity() const 0x08004c85   Thumb Code    42  dji_flight.o(.text)
    DJI::onboardSDK::Flight::getAcceleration() const 0x08004caf   Thumb Code    58  dji_flight.o(.text)
    DJI::onboardSDK::Flight::getPalstance() const 0x08004ce9   Thumb Code    40  dji_flight.o(.text)
    DJI::onboardSDK::Flight::getMagnet() const 0x08004d11   Thumb Code    42  dji_flight.o(.text)
    DJI::onboardSDK::Flight::getApi() const  0x08004d3b   Thumb Code     6  dji_flight.o(.text)
    DJI::onboardSDK::Flight::setApi(DJI::onboardSDK::CoreAPI*) 0x08004d41   Thumb Code     4  dji_flight.o(.text)
    DJI::onboardSDK::HardDriver::displayLog(char*) 0x08004df1   Thumb Code    28  dji_harddriver.o(.text)
    DJI::onboardSDK::HotPoint::initData()    0x08004e15   Thumb Code   190  dji_hotpoint.o(.text)
    DJI::onboardSDK::HotPoint::HotPoint(DJI::onboardSDK::CoreAPI*) 0x08004ed3   Thumb Code    18  dji_hotpoint.o(.text)
    DJI::onboardSDK::HotPoint::HotPoint__sub_object(DJI::onboardSDK::CoreAPI*) 0x08004ed3   Thumb Code     0  dji_hotpoint.o(.text)
    DJI::onboardSDK::HotPoint::startCallback(DJI::onboardSDK::CoreAPI*, DJI::onboardSDK::Header*, void*) 0x08004ee5   Thumb Code   218  dji_hotpoint.o(.text)
    DJI::onboardSDK::HotPoint::start(void(*)(DJI::onboardSDK::CoreAPI*, DJI::onboardSDK::Header*, void*), void*) 0x08004fbf   Thumb Code    74  dji_hotpoint.o(.text)
    DJI::onboardSDK::HotPoint::stop(void(*)(DJI::onboardSDK::CoreAPI*, DJI::onboardSDK::Header*, void*), void*) 0x08005009   Thumb Code    76  dji_hotpoint.o(.text)
    DJI::onboardSDK::HotPoint::pause(bool, void(*)(DJI::onboardSDK::CoreAPI*, DJI::onboardSDK::Header*, void*), void*) 0x08005055   Thumb Code    80  dji_hotpoint.o(.text)
    DJI::onboardSDK::HotPoint::updatePalstance(DJI::onboardSDK::HotPoint::Palstance&, void(*)(DJI::onboardSDK::CoreAPI*, DJI::onboardSDK::Header*, void*), void*) 0x080050a5   Thumb Code    94  dji_hotpoint.o(.text)
    DJI::onboardSDK::HotPoint::updatePalstance(float, bool, void(*)(DJI::onboardSDK::CoreAPI*, DJI::onboardSDK::Header*, void*), void*) 0x08005103   Thumb Code    52  dji_hotpoint.o(.text)
    DJI::onboardSDK::HotPoint::updateRadius(float, void(*)(DJI::onboardSDK::CoreAPI*, DJI::onboardSDK::Header*, void*), void*) 0x08005137   Thumb Code    76  dji_hotpoint.o(.text)
    DJI::onboardSDK::HotPoint::resetYaw(void(*)(DJI::onboardSDK::CoreAPI*, DJI::onboardSDK::Header*, void*), void*) 0x08005183   Thumb Code    76  dji_hotpoint.o(.text)
    DJI::onboardSDK::HotPoint::readData(void(*)(DJI::onboardSDK::CoreAPI*, DJI::onboardSDK::Header*, void*), void*) 0x080051cf   Thumb Code    76  dji_hotpoint.o(.text)
    DJI::onboardSDK::HotPoint::setData(const DJI::onboardSDK::HotPointData&) 0x0800521b   Thumb Code    22  dji_hotpoint.o(.text)
    DJI::onboardSDK::HotPoint::setHotPoint(double, double, double) 0x08005231   Thumb Code    50  dji_hotpoint.o(.text)
    DJI::onboardSDK::HotPoint::setHotPoint(DJI::onboardSDK::GPSData) 0x08005263   Thumb Code   242  dji_hotpoint.o(.text)
    DJI::onboardSDK::HotPoint::setRadius(double) 0x08005355   Thumb Code    18  dji_hotpoint.o(.text)
    DJI::onboardSDK::HotPoint::setPalstance(float) 0x08005367   Thumb Code    10  dji_hotpoint.o(.text)
    DJI::onboardSDK::HotPoint::setClockwise(bool) 0x08005371   Thumb Code     6  dji_hotpoint.o(.text)
    DJI::onboardSDK::HotPoint::setCameraView(DJI::onboardSDK::HotPoint::View) 0x08005377   Thumb Code     6  dji_hotpoint.o(.text)
    DJI::onboardSDK::HotPoint::setYawMode(DJI::onboardSDK::HotPoint::YawMode) 0x0800537d   Thumb Code     6  dji_hotpoint.o(.text)
    DJI::onboardSDK::HotPoint::getData() const 0x08005383   Thumb Code    18  dji_hotpoint.o(.text)
    DJI::onboardSDK::HotPoint::readCallback(DJI::onboardSDK::CoreAPI*, DJI::onboardSDK::Header*, void*) 0x08005395   Thumb Code   180  dji_hotpoint.o(.text)
    calculateLength(unsigned short, unsigned short) 0x08005451   Thumb Code    46  dji_link.o(.text)
    DJI::onboardSDK::CoreAPI::sendData(unsigned char*) 0x0800547f   Thumb Code   104  dji_link.o(.text)
    DJI::onboardSDK::CoreAPI::sendPoll()     0x080054e7   Thumb Code   302  dji_link.o(.text)
    DJI::onboardSDK::CoreAPI::readPoll()     0x08005615   Thumb Code    56  dji_link.o(.text)
    DJI::onboardSDK::CoreAPI::callbackPoll() 0x0800564d   Thumb Code     2  dji_link.o(.text)
    DJI::onboardSDK::CoreAPI::setActivation(bool) 0x0800564f   Thumb Code    18  dji_link.o(.text)
    DJI::onboardSDK::CoreAPI::setSyncFreq(unsigned) 0x08005661   Thumb Code    46  dji_link.o(.text)
    DJI::onboardSDK::CoreAPI::setKey(const char*) 0x0800568f   Thumb Code    24  dji_link.o(.text)
    DJI::onboardSDK::CoreAPI::appHandler(DJI::onboardSDK::Header*) 0x080056a7   Thumb Code   676  dji_link.o(.text)
    DJI::onboardSDK::CoreAPI::sendInterface(DJI::onboardSDK::Command*) 0x0800594b   Thumb Code  1302  dji_link.o(.text)
    DJI::onboardSDK::CoreAPI::ackInterface(DJI::onboardSDK::Ack*) 0x08005e61   Thumb Code   326  dji_link.o(.text)
    DJI::onboardSDK::CoreAPI::setup()        0x08005fa7   Thumb Code    18  dji_link.o(.text)
    freeMemory(DJI::onboardSDK::MMU_Tab*)    0x08006039   Thumb Code    28  dji_memory.o(.text)
    DJI::onboardSDK::CoreAPI::setupMMU()     0x08006055   Thumb Code   150  dji_memory.o(.text)
    DJI::onboardSDK::CoreAPI::setupSession() 0x080060eb   Thumb Code   130  dji_memory.o(.text)
    DJI::onboardSDK::CoreAPI::allocMemory(unsigned short) 0x0800616d   Thumb Code   872  dji_memory.o(.text)
    DJI::onboardSDK::CoreAPI::freeSession(DJI::onboardSDK::CMDSession*) 0x080064d5   Thumb Code    30  dji_memory.o(.text)
    DJI::onboardSDK::CoreAPI::allocSession(unsigned short, unsigned short) 0x080064f3   Thumb Code   288  dji_memory.o(.text)
    DJI::onboardSDK::CoreAPI::freeACK(DJI::onboardSDK::ACKSession*) 0x08006613   Thumb Code    14  dji_memory.o(.text)
    DJI::onboardSDK::CoreAPI::allocACK(unsigned short, unsigned short) 0x08006621   Thumb Code    86  dji_memory.o(.text)
    DJI::onboardSDK::CoreAPI::decodeMissionStatus(unsigned char) 0x08006679   Thumb Code    88  dji_mission.o(.text)
    DJI::onboardSDK::missionCallback(DJI::onboardSDK::CoreAPI*, DJI::onboardSDK::Header*, void*) 0x080066d1   Thumb Code   152  dji_mission.o(.text)
    DJI::onboardSDK::VirtualRC::resetData()  0x08006805   Thumb Code    40  dji_virtualrc.o(.text)
    DJI::onboardSDK::VirtualRC::VirtualRC(DJI::onboardSDK::CoreAPI*) 0x0800682d   Thumb Code    18  dji_virtualrc.o(.text)
    DJI::onboardSDK::VirtualRC::VirtualRC__sub_object(DJI::onboardSDK::CoreAPI*) 0x0800682d   Thumb Code     0  dji_virtualrc.o(.text)
    DJI::onboardSDK::VirtualRC::setControl(bool, DJI::onboardSDK::VirtualRC::CutOff) 0x0800683f   Thumb Code    82  dji_virtualrc.o(.text)
    DJI::onboardSDK::VirtualRC::sendData()   0x08006891   Thumb Code    56  dji_virtualrc.o(.text)
    DJI::onboardSDK::VirtualRC::sendData(DJI::onboardSDK::VirtualRCData) 0x080068c9   Thumb Code    28  dji_virtualrc.o(.text)
    DJI::onboardSDK::VirtualRC::sendSafeModeData() 0x080068e5   Thumb Code    18  dji_virtualrc.o(.text)
    DJI::onboardSDK::VirtualRC::getControlDevice() 0x080068f7   Thumb Code    42  dji_virtualrc.o(.text)
    DJI::onboardSDK::VirtualRC::getRCData() const 0x08006921   Thumb Code    48  dji_virtualrc.o(.text)
    DJI::onboardSDK::VirtualRC::getVRCData() const 0x08006951   Thumb Code    18  dji_virtualrc.o(.text)
    DJI::onboardSDK::VirtualRC::setVRCData(const DJI::onboardSDK::VirtualRCData&) 0x08006963   Thumb Code    18  dji_virtualrc.o(.text)
    DJI::onboardSDK::VirtualRC::toRadioData(DJI::onboardSDK::VirtualRCData&) 0x08006975   Thumb Code   166  dji_virtualrc.o(.text)
    DJI::onboardSDK::VirtualRC::toVirtualRCData(DJI::onboardSDK::RadioData&) 0x08006a1b   Thumb Code   192  dji_virtualrc.o(.text)
    DJI::onboardSDK::VirtualRC::getApi() const 0x08006adb   Thumb Code     6  dji_virtualrc.o(.text)
    DJI::onboardSDK::VirtualRC::setApi(DJI::onboardSDK::CoreAPI*) 0x08006ae1   Thumb Code     4  dji_virtualrc.o(.text)
    ___aeabi_memcpy8$move                    0x08006af1   Thumb Code     0  memmovea.o(.text)
    __aeabi_memcpy                           0x08006af1   Thumb Code    64  memmovea.o(.text)
    __aeabi_memcpy4                          0x08006af1   Thumb Code     0  memmovea.o(.text)
    __aeabi_memmove                          0x08006af1   Thumb Code     0  memmovea.o(.text)
    __aeabi_memmove4                         0x08006af1   Thumb Code     0  memmovea.o(.text)
    __aeabi_memmove8                         0x08006af1   Thumb Code     0  memmovea.o(.text)
    __aeabi_memset                           0x08006b31   Thumb Code    14  memseta.o(.text)
    __aeabi_memset4                          0x08006b31   Thumb Code     0  memseta.o(.text)
    __aeabi_memset8                          0x08006b31   Thumb Code     0  memseta.o(.text)
    __aeabi_memclr                           0x08006b3f   Thumb Code     4  memseta.o(.text)
    __aeabi_memclr4                          0x08006b3f   Thumb Code     0  memseta.o(.text)
    __aeabi_memclr8                          0x08006b3f   Thumb Code     0  memseta.o(.text)
    _memset$wrapper                          0x08006b43   Thumb Code    18  memseta.o(.text)
    __0sscanf                                0x08006b55   Thumb Code    48  __0sscanf.o(.text)
    _scanf_int                               0x08006b8d   Thumb Code   332  _scanf_int.o(.text)
    __cpp_initialize__aeabi_                 0x08006cd9   Thumb Code    22  cpp_init.o(.text)
    __aeabi_f2d                              0x08006cf9   Thumb Code    38  f2d.o(.text)
    __default_new_handler()                  0x08006d1f   Thumb Code     4  arm_newhandler_noexceptions.o(.text)
    __aeabi_uidiv                            0x08006d23   Thumb Code     0  uidiv.o(.text)
    __aeabi_uidivmod                         0x08006d23   Thumb Code    44  uidiv.o(.text)
    __aeabi_uldivmod                         0x08006d4f   Thumb Code    98  uldiv.o(.text)
    _chval                                   0x08006db1   Thumb Code    28  _chval.o(.text)
    __vfscanf_char                           0x08006dd9   Thumb Code    20  scanf_char.o(.text)
    _sgetc                                   0x08006df5   Thumb Code    30  _sgetc.o(.text)
    _sbackspace                              0x08006e13   Thumb Code    34  _sgetc.o(.text)
    __I$use$fp                               0x08006e35   Thumb Code     0  iusefp.o(.text)
    __rt_new_handler_addr                    0x08006e35   Thumb Code     4  cpp_memory.o(.text)
    __rt_SIGPVFN                             0x08006e3d   Thumb Code     2  cpp_signal.o(.text)
    __aeabi_unwind_cpp_pr0                   0x08006e41   Thumb Code     4  cpp_unwinder.o(.text)
    __aeabi_unwind_cpp_pr1                   0x08006e45   Thumb Code     4  cpp_unwinder.o(.text)
    _Unwind_DeleteException                  0x08006e49   Thumb Code     2  cpp_unwinder.o(.text)
    _Unwind_Activity                         0x08006e4b   Thumb Code     2  cpp_unwinder.o(.text)
    _Unwind_RaiseException                   0x08006e4d   Thumb Code     4  cpp_unwinder.o(.text)
    __rt_eh_globals_addr                     0x08006e51   Thumb Code    10  cpp_unwinder.o(.text)
    __aeabi_dadd                             0x08006e61   Thumb Code   322  dadd.o(.text)
    __aeabi_dsub                             0x08006fa3   Thumb Code     6  dadd.o(.text)
    __aeabi_drsub                            0x08006fa9   Thumb Code     6  dadd.o(.text)
    __aeabi_dmul                             0x08006faf   Thumb Code   228  dmul.o(.text)
    __aeabi_ddiv                             0x08007093   Thumb Code   222  ddiv.o(.text)
    __aeabi_d2ulz                            0x08007171   Thumb Code    48  dfixul.o(.text)
    __aeabi_cdrcmple                         0x080071a1   Thumb Code    48  cdrcmple.o(.text)
    std::terminate()                         0x080071d1   Thumb Code    26  arm_exceptions_terminate.o(.text)
    __cxa_get_globals                        0x080071f3   Thumb Code    62  arm_exceptions_globs.o(.text)
    __scatterload                            0x0800723d   Thumb Code    28  init.o(.text)
    __scatterload_rt2                        0x0800723d   Thumb Code     0  init.o(.text)
    __aeabi_llsl                             0x08007261   Thumb Code    30  llshl.o(.text)
    _ll_shift_l                              0x08007261   Thumb Code     0  llshl.o(.text)
    __aeabi_llsr                             0x0800727f   Thumb Code    32  llushr.o(.text)
    _ll_ushift_r                             0x0800727f   Thumb Code     0  llushr.o(.text)
    __aeabi_lasr                             0x0800729f   Thumb Code    36  llsshr.o(.text)
    _ll_sshift_r                             0x0800729f   Thumb Code     0  llsshr.o(.text)
    isspace                                  0x080072c3   Thumb Code    10  isspace_c.o(.text)
    __vfscanf                                0x080072cd   Thumb Code   808  _scanf.o(.text)
    _double_round                            0x080075f9   Thumb Code    30  depilogue.o(.text)
    _double_epilogue                         0x08007617   Thumb Code   156  depilogue.o(.text)
    __ARM_exceptions_buffer_init             0x080076b3   Thumb Code    18  arm_exceptions_mem.o(.text)
    __ARM_exceptions_buffer_allocate         0x080076c5   Thumb Code    22  arm_exceptions_mem.o(.text)
    __ARM_exceptions_buffer_free             0x080076db   Thumb Code    20  arm_exceptions_mem.o(.text)
    __ctype_lookup                           0x080076f1   Thumb Code    34  ctype_c.o(.text)
    __decompress                             0x08007719   Thumb Code     0  __dczerorl2.o(.text)
    __decompress1                            0x08007719   Thumb Code    86  __dczerorl2.o(.text)
    passData(unsigned short, unsigned short, void*, unsigned char*, unsigned, unsigned&) 0x0800776f   Thumb Code    46  dji_app.o(i._Z8passDatattPvPhjRj)
    STM32F4::freeMemory()                    0x0800779d   Thumb Code     2  main.o(i._ZN7STM32F410freeMemoryEv)
    STM32F4::lockMemory()                    0x0800779f   Thumb Code     2  main.o(i._ZN7STM32F410lockMemoryEv)
    STM32F4::getTimeStamp()                  0x080077a1   Thumb Code    10  main.o(i._ZN7STM32F412getTimeStampEv)
    STM32F4::send(const unsigned char*, unsigned) 0x080077b1   Thumb Code    58  main.o(i._ZN7STM32F44sendEPKhj)
    STM32F4::freeMSG()                       0x080077f1   Thumb Code     2  main.o(i._ZN7STM32F47freeMSGEv)
    STM32F4::lockMSG()                       0x080077f3   Thumb Code     2  main.o(i._ZN7STM32F47lockMSGEv)
    STM32F4::readall(unsigned char*, unsigned) 0x080077f5   Thumb Code     6  main.o(i._ZN7STM32F47readallEPhj)
    operator new(unsigned)                   0x080077fd   Thumb Code    34  new.o(i._Znwj)
    __0printf                                0x08007825   Thumb Code    22  printfa.o(i.__0printf)
    __1printf                                0x08007825   Thumb Code     0  printfa.o(i.__0printf)
    __2printf                                0x08007825   Thumb Code     0  printfa.o(i.__0printf)
    __c89printf                              0x08007825   Thumb Code     0  printfa.o(i.__0printf)
    printf                                   0x08007825   Thumb Code     0  printfa.o(i.__0printf)
    __0sprintf                               0x08007845   Thumb Code    34  printfa.o(i.__0sprintf)
    __1sprintf                               0x08007845   Thumb Code     0  printfa.o(i.__0sprintf)
    __2sprintf                               0x08007845   Thumb Code     0  printfa.o(i.__0sprintf)
    __c89sprintf                             0x08007845   Thumb Code     0  printfa.o(i.__0sprintf)
    sprintf                                  0x08007845   Thumb Code     0  printfa.o(i.__0sprintf)
    __cxa_pure_virtual                       0x0800786d   Thumb Code     6  pure_virt.o(i.__cxa_pure_virtual)
    __scatterload_copy                       0x08007873   Thumb Code    14  handlers.o(i.__scatterload_copy)
    __scatterload_null                       0x08007881   Thumb Code     2  handlers.o(i.__scatterload_null)
    __scatterload_zeroinit                   0x08007883   Thumb Code    14  handlers.o(i.__scatterload_zeroinit)
    malloc                                   0x0800812d   Thumb Code    92  malloc.o(i.malloc)
    __ctype_categories                       0x080084f1   Data          64  ctype_c.o(.constdata)
    vtable for STM32F4                       0x08008534   Data          44  main.o(.constdata__ZTV7STM32F4)
    vtable for DJI::onboardSDK::HardDriver   0x08008560   Data          44  dji_harddriver.o(.constdata__ZTVN3DJI10onboardSDK10HardDriverE)
    Region$$Table$$Base                      0x08008cf8   Number         0  anon$$obj.o(Region$$Table)
    Region$$Table$$Limit                     0x08008d18   Number         0  anon$$obj.o(Region$$Table)
    SHT$$INIT_ARRAY$$Base                    0x08008d18   Number         0  main.o(.init_array)
    SHT$$INIT_ARRAY$$Limit                   0x08008d20   Number         0  cpp_init.o(.init_array)
    driver                                   0x20000000   Data           4  main.o(.data)
    coreApi                                  0x20000004   Data           4  main.o(.data)
    flight                                   0x20000008   Data           8  main.o(.data)
    myVRCdata                                0x20000010   Data          64  main.o(.data)
    VRCdataTurnF                             0x20000091   Data          64  virtualrc.o(.data)
    come_data                                0x200000d4   Data           1  receive.o(.data)
    Rx_length                                0x200000d5   Data           1  receive.o(.data)
    Rx_adr                                   0x200000d8   Data           4  receive.o(.data)
    Rx_Handle_Flag                           0x200000dc   Data           4  receive.o(.data)
    tick                                     0x200000e0   Data           4  timer.o(.data)
    SystemCoreClock                          0x200000f4   Data           4  system_stm32f4xx.o(.data)
    AHBPrescTable                            0x200000f8   Data          16  system_stm32f4xx.o(.data)
    DJI::onboardSDK::encrypt                 0x20000108   Data           1  dji_api.o(.data)
    crc_tab16                                0x2000010c   Data         512  dji_codec.o(.data)
    crc_tab32                                0x2000030c   Data        1024  dji_codec.o(.data)
    DJI::onboardSDK::missionACK              0x2000070c   Data         480  dji_mission.o(.data)
    __stdout                                 0x200008ec   Data           4  stdout.o(.data)
    __microlib_freelist                      0x200008fc   Data           4  mvars.o(.data)
    __microlib_freelist_initialised          0x20000900   Data           4  mvars.o(.data)
    defaultAPI                               0x20000908   Data        5024  main.o(.bss)
    flightData                               0x20001ca8   Data          17  main.o(.bss)
    virtualrc                                0x20001cbc   Data          68  main.o(.bss)
    hotpoint                                 0x20001d00   Data          56  hotpoint.o(.bss)
    myGPSData                                0x20001d38   Data          24  hotpoint.o(.bss)
    myHotPointData                           0x20001d50   Data          51  hotpoint.o(.bss)
    Rx_buff                                  0x20001d83   Data          50  receive.o(.bss)
    broadcastdata                            0x20001db5   Data         126  receive.o(.bss)
    DJI::onboardSDK::buffer                  0x20001e33   Data        1024  dji_harddriver.o(.bss)
    __heap_base                              0x20002238   Data           0  startup_stm32f40_41xxx.o(HEAP)
    __heap_limit                             0x20006238   Data           0  startup_stm32f40_41xxx.o(HEAP)
    __initial_sp                             0x20006638   Data           0  startup_stm32f40_41xxx.o(STACK)



==============================================================================

Memory Map of the image

  Image Entry point : 0x08000189

  Load Region LR_IROM1 (Base: 0x08000000, Size: 0x00009624, Max: 0x00080000, ABSOLUTE, COMPRESSED[0x000094e0])

    Execution Region ER_IROM1 (Base: 0x08000000, Size: 0x00008d20, Max: 0x00080000, ABSOLUTE)

    Base Addr    Size         Type   Attr      Idx    E Section Name        Object

    0x08000000   0x00000188   Data   RO         1100    RESET               startup_stm32f40_41xxx.o
    0x08000188   0x00000000   Code   RO         1592  * .ARM.Collect$$$$00000000  mc_w.l(entry.o)
    0x08000188   0x00000004   Code   RO         1906    .ARM.Collect$$$$00000001  mc_w.l(entry2.o)
    0x0800018c   0x00000004   Code   RO         1909    .ARM.Collect$$$$00000004  mc_w.l(entry5.o)
    0x08000190   0x00000000   Code   RO         1911    .ARM.Collect$$$$00000008  mc_w.l(entry7b.o)
    0x08000190   0x00000004   Code   RO         1912    .ARM.Collect$$$$00000009  mc_w.l(entry8a.o)
    0x08000194   0x00000000   Code   RO         1913    .ARM.Collect$$$$0000000A  mc_w.l(entry8b.o)
    0x08000194   0x00000008   Code   RO         1914    .ARM.Collect$$$$0000000B  mc_w.l(entry9a.o)
    0x0800019c   0x00000000   Code   RO         1916    .ARM.Collect$$$$0000000D  mc_w.l(entry10a.o)
    0x0800019c   0x00000000   Code   RO         1918    .ARM.Collect$$$$0000000F  mc_w.l(entry11a.o)
    0x0800019c   0x00000004   Code   RO         1907    .ARM.Collect$$$$00002712  mc_w.l(entry2.o)
    0x080001a0   0x00000024   Code   RO            3    .text               cppforstm32.o
    0x080001c4   0x000000ec   Code   RO           98    .text               main.o
    0x080002b0   0x00000034   Code   RO          248    .text               activate.o
    0x080002e4   0x00000058   Code   RO          291    .text               virtualrc.o
    0x0800033c   0x000000cc   Code   RO          322    .text               hotpoint.o
    0x08000408   0x00000420   Code   RO          370    .text               receive.o
    0x08000828   0x00000250   Code   RO          408    .text               bspusart.o
    0x08000a78   0x00000204   Code   RO          442    .text               timer.o
    0x08000c7c   0x00000014   Code   RO          495    .text               bsp.o
    0x08000c90   0x000000e0   Code   RO          516    .text               misc.o
    0x08000d70   0x0000025c   Code   RO          791    .text               stm32f4xx_gpio.o
    0x08000fcc   0x00000598   Code   RO          877    .text               stm32f4xx_rcc.o
    0x08001564   0x00000ca2   Code   RO         1011    .text               stm32f4xx_tim.o
    0x08002206   0x00000002   PAD
    0x08002208   0x00000454   Code   RO         1031    .text               stm32f4xx_usart.o
    0x0800265c   0x00000210   Code   RO         1074    .text               system_stm32f4xx.o
    0x0800286c   0x00000024   Code   RO         1101    .text               startup_stm32f40_41xxx.o
    0x08002890   0x00000f74   Code   RO         1105    .text               dji_api.o
    0x08003804   0x00000544   Code   RO         1131    .text               dji_app.o
    0x08003d48   0x00000cec   Code   RO         1186    .text               dji_codec.o
    0x08004a34   0x000003bc   Code   RO         1276    .text               dji_flight.o
    0x08004df0   0x00000024   Code   RO         1319    .text               dji_harddriver.o
    0x08004e14   0x0000063c   Code   RO         1352    .text               dji_hotpoint.o
    0x08005450   0x00000be8   Code   RO         1378    .text               dji_link.o
    0x08006038   0x0000063e   Code   RO         1408    .text               dji_memory.o
    0x08006676   0x00000002   PAD
    0x08006678   0x0000018c   Code   RO         1426    .text               dji_mission.o
    0x08006804   0x000002ec   Code   RO         1443    .text               dji_virtualrc.o
    0x08006af0   0x00000040   Code   RO         1597    .text               mc_w.l(memmovea.o)
    0x08006b30   0x00000024   Code   RO         1599    .text               mc_w.l(memseta.o)
    0x08006b54   0x00000038   Code   RO         1866    .text               mc_w.l(__0sscanf.o)
    0x08006b8c   0x0000014c   Code   RO         1868    .text               mc_w.l(_scanf_int.o)
    0x08006cd8   0x00000020   Code   RO         1873    .text               mc_w.l(cpp_init.o)
    0x08006cf8   0x00000026   Code   RO         1875    .text               mf_w.l(f2d.o)
    0x08006d1e   0x00000004   Code   RO         1880    .text               cpprt_w.l(arm_newhandler_noexceptions.o)
    0x08006d22   0x0000002c   Code   RO         1921    .text               mc_w.l(uidiv.o)
    0x08006d4e   0x00000062   Code   RO         1923    .text               mc_w.l(uldiv.o)
    0x08006db0   0x0000001c   Code   RO         1953    .text               mc_w.l(_chval.o)
    0x08006dcc   0x00000028   Code   RO         1955    .text               mc_w.l(scanf_char.o)
    0x08006df4   0x00000040   Code   RO         1957    .text               mc_w.l(_sgetc.o)
    0x08006e34   0x00000000   Code   RO         1959    .text               mc_w.l(iusefp.o)
    0x08006e34   0x00000008   Code   RO         1960    .text               mc_w.l(cpp_memory.o)
    0x08006e3c   0x00000002   Code   RO         1963    .text               mc_w.l(cpp_signal.o)
    0x08006e3e   0x00000002   PAD
    0x08006e40   0x00000020   Code   RO         1965    .text               mc_w.l(cpp_unwinder.o)
    0x08006e60   0x0000014e   Code   RO         1968    .text               mf_w.l(dadd.o)
    0x08006fae   0x000000e4   Code   RO         1970    .text               mf_w.l(dmul.o)
    0x08007092   0x000000de   Code   RO         1972    .text               mf_w.l(ddiv.o)
    0x08007170   0x00000030   Code   RO         1974    .text               mf_w.l(dfixul.o)
    0x080071a0   0x00000030   Code   RO         1976    .text               mf_w.l(cdrcmple.o)
    0x080071d0   0x0000001a   Code   RO         1998    .text               cpprt_w.l(arm_exceptions_terminate.o)
    0x080071ea   0x00000002   PAD
    0x080071ec   0x00000050   Code   RO         2001    .text               cpprt_w.l(arm_exceptions_globs.o)
    0x0800723c   0x00000024   Code   RO         2004    .text               mc_w.l(init.o)
    0x08007260   0x0000001e   Code   RO         2006    .text               mc_w.l(llshl.o)
    0x0800727e   0x00000020   Code   RO         2008    .text               mc_w.l(llushr.o)
    0x0800729e   0x00000024   Code   RO         2010    .text               mc_w.l(llsshr.o)
    0x080072c2   0x0000000a   Code   RO         2012    .text               mc_w.l(isspace_c.o)
    0x080072cc   0x0000032c   Code   RO         2016    .text               mc_w.l(_scanf.o)
    0x080075f8   0x000000ba   Code   RO         2018    .text               mf_w.l(depilogue.o)
    0x080076b2   0x0000003c   Code   RO         2023    .text               cpprt_w.l(arm_exceptions_mem.o)
    0x080076ee   0x00000002   PAD
    0x080076f0   0x00000028   Code   RO         2026    .text               mc_w.l(ctype_c.o)
    0x08007718   0x00000056   Code   RO         2039    .text               mc_w.l(__dczerorl2.o)
    0x0800776e   0x0000002e   Code   RO         1143    i._Z8passDatattPvPhjRj  dji_app.o
    0x0800779c   0x00000002   Code   RO          153    i._ZN7STM32F410freeMemoryEv  main.o
    0x0800779e   0x00000002   Code   RO          147    i._ZN7STM32F410lockMemoryEv  main.o
    0x080077a0   0x00000010   Code   RO          129    i._ZN7STM32F412getTimeStampEv  main.o
    0x080077b0   0x00000040   Code   RO          123    i._ZN7STM32F44sendEPKhj  main.o
    0x080077f0   0x00000002   Code   RO          165    i._ZN7STM32F47freeMSGEv  main.o
    0x080077f2   0x00000002   Code   RO          159    i._ZN7STM32F47lockMSGEv  main.o
    0x080077f4   0x00000006   Code   RO          141    i._ZN7STM32F47readallEPhj  main.o
    0x080077fa   0x00000002   PAD
    0x080077fc   0x00000028   Code   RO         1479    i._Znwj             cpprt_w.l(new.o)
    0x08007824   0x00000020   Code   RO         1838    i.__0printf         mc_w.l(printfa.o)
    0x08007844   0x00000028   Code   RO         1840    i.__0sprintf        mc_w.l(printfa.o)
    0x0800786c   0x00000006   Code   RO         1483    i.__cxa_pure_virtual  cpprt_w.l(pure_virt.o)
    0x08007872   0x0000000e   Code   RO         2033    i.__scatterload_copy  mc_w.l(handlers.o)
    0x08007880   0x00000002   Code   RO         2034    i.__scatterload_null  mc_w.l(handlers.o)
    0x08007882   0x0000000e   Code   RO         2035    i.__scatterload_zeroinit  mc_w.l(handlers.o)
    0x08007890   0x00000164   Code   RO         1845    i._fp_digits        mc_w.l(printfa.o)
    0x080079f4   0x000006dc   Code   RO         1846    i._printf_core      mc_w.l(printfa.o)
    0x080080d0   0x00000024   Code   RO         1847    i._printf_post_padding  mc_w.l(printfa.o)
    0x080080f4   0x0000002e   Code   RO         1848    i._printf_pre_padding  mc_w.l(printfa.o)
    0x08008122   0x0000000a   Code   RO         1850    i._sputc            mc_w.l(printfa.o)
    0x0800812c   0x0000006c   Code   RO         1926    i.malloc            mc_w.l(malloc.o)
    0x08008198   0x00000077   Data   RO         1108    .constdata          dji_api.o
    0x0800820f   0x0000000c   Data   RO         1134    .constdata          dji_app.o
    0x0800821b   0x00000222   Data   RO         1189    .constdata          dji_codec.o
    0x0800843d   0x00000019   Data   RO         1279    .constdata          dji_flight.o
    0x08008456   0x0000001b   Data   RO         1355    .constdata          dji_hotpoint.o
    0x08008471   0x00000038   Data   RO         1381    .constdata          dji_link.o
    0x080084a9   0x00000003   PAD
    0x080084ac   0x00000021   Data   RO         1411    .constdata          dji_memory.o
    0x080084cd   0x00000024   Data   RO         1429    .constdata          dji_mission.o
    0x080084f1   0x00000040   Data   RO         2027    .constdata          mc_w.l(ctype_c.o)
    0x08008531   0x00000003   PAD
    0x08008534   0x0000002c   Data   RO          120    .constdata__ZTV7STM32F4  main.o
    0x08008560   0x0000002c   Data   RO         1331    .constdata__ZTVN3DJI10onboardSDK10HardDriverE  dji_harddriver.o
    0x0800858c   0x000000f3   Data   RO         1109    .conststring        dji_api.o
    0x0800867f   0x00000001   PAD
    0x08008680   0x00000677   Data   RO         1430    .conststring        dji_mission.o
    0x08008cf7   0x00000001   PAD
    0x08008cf8   0x00000020   Data   RO         2031    Region$$Table       anon$$obj.o
    0x08008d18   0x00000004   Data   RO          102    .init_array         main.o
    0x08008d1c   0x00000004   Data   RO          325    .init_array         hotpoint.o
    0x08008d20   0x00000000   Data   RO         1871    .init_array         mc_w.l(cpp_init.o)


    Execution Region RW_IRAM1 (Base: 0x20000000, Size: 0x00006638, Max: 0x00020000, ABSOLUTE, COMPRESSED[0x000007c0])

    Base Addr    Size         Type   Attr      Idx    E Section Name        Object

    0x20000000   0x00000050   Data   RW          101    .data               main.o
    0x20000050   0x00000041   Data   RW          250    .data               activate.o
    0x20000091   0x00000040   Data   RW          293    .data               virtualrc.o
    0x200000d1   0x00000003   PAD
    0x200000d4   0x0000000c   Data   RW          373    .data               receive.o
    0x200000e0   0x00000004   Data   RW          444    .data               timer.o
    0x200000e4   0x00000010   Data   RW          878    .data               stm32f4xx_rcc.o
    0x200000f4   0x00000014   Data   RW         1075    .data               system_stm32f4xx.o
    0x20000108   0x00000001   Data   RW         1110    .data               dji_api.o
    0x20000109   0x00000003   PAD
    0x2000010c   0x00000600   Data   RW         1190    .data               dji_codec.o
    0x2000070c   0x000001e0   Data   RW         1431    .data               dji_mission.o
    0x200008ec   0x00000004   Data   RW         1920    .data               mc_w.l(stdout.o)
    0x200008f0   0x00000004   Data   RW         1961    .data               mc_w.l(cpp_memory.o)
    0x200008f4   0x00000008   Data   RW         1966    .data               mc_w.l(cpp_unwinder.o)
    0x200008fc   0x00000004   Data   RW         2014    .data               mc_w.l(mvars.o)
    0x20000900   0x00000004   Data   RW         2015    .data               mc_w.l(mvars.o)
    0x20000904   0x00000004   PAD
    0x20000908   0x000013f8   Zero   RW          100    .bss                main.o
    0x20001d00   0x00000083   Zero   RW          324    .bss                hotpoint.o
    0x20001d83   0x000000b0   Zero   RW          372    .bss                receive.o
    0x20001e33   0x00000400   Zero   RW         1321    .bss                dji_harddriver.o
    0x20002233   0x00000005   PAD
    0x20002238   0x00004000   Zero   RW         1099    HEAP                startup_stm32f40_41xxx.o
    0x20006238   0x00000400   Zero   RW         1098    STACK               startup_stm32f40_41xxx.o


==============================================================================

Image component sizes


      Code (inc. data)   RO Data    RW Data    ZI Data      Debug   Object Name

        52         18          0         65          0      16144   activate.o
        20          0          0          0          0        478   bsp.o
       592         42          0          0          0       1822   bspusart.o
        36          4          0          0          0     250980   cppforstm32.o
      3956       1026        362          1          0      21400   dji_api.o
      1394        340         12          0          0      15674   dji_app.o
      3308        418        546       1536          0      25064   dji_codec.o
       956        172         25          0          0       4724   dji_flight.o
         0          0          0          0          0      11536   dji_follow.o
        36          8         44          0       1024       9104   dji_harddriver.o
      1596        204         27          0          0      19700   dji_hotpoint.o
      3048        462         56          0          0       5534   dji_link.o
      1598         58         33          0          0       4481   dji_memory.o
       396        156       1691        480          0       2400   dji_mission.o
       748         12          0          0          0       4352   dji_virtualrc.o
       204         30          4          0        131      15070   hotpoint.o
       330         78         48         80       5112      22387   main.o
       224         20          0          0          0     264773   misc.o
      1056        146          0         12        176       2848   receive.o
        36          8        392          0      17408        860   startup_stm32f40_41xxx.o
       604         36          0          0          0       4213   stm32f4xx_gpio.o
      1432         54          0         16          0      11432   stm32f4xx_rcc.o
      3234         60          0          0          0      22448   stm32f4xx_tim.o
      1108         34          0          0          0       7944   stm32f4xx_usart.o
       528         46          0         20          0       1907   system_stm32f4xx.o
       516         44          0          4          0      28365   timer.o
        88         12          0         64          0      12838   virtualrc.o

    ----------------------------------------------------------------------
     27102       3488       3277       2284      23856     788478   Object Totals
         0          0         32          0          0          0   (incl. Generated)
         6          0          5          6          5          0   (incl. Padding)

    ----------------------------------------------------------------------

      Code (inc. data)   RO Data    RW Data    ZI Data      Debug   Library Member Name

        80         12          0          0          0        104   arm_exceptions_globs.o
        60          0          0          0          0        108   arm_exceptions_mem.o
        26          0          0          0          0         76   arm_exceptions_terminate.o
         4          0          0          0          0         68   arm_newhandler_noexceptions.o
        40          6          0          0          0         76   new.o
         6          0          0          0          0         68   pure_virt.o
        56          8          0          0          0         84   __0sscanf.o
        86          0          0          0          0          0   __dczerorl2.o
        28          0          0          0          0         68   _chval.o
       812          4          0          0          0        112   _scanf.o
       332          0          0          0          0         96   _scanf_int.o
        64          0          0          0          0         84   _sgetc.o
        32         10          0          0          0         80   cpp_init.o
         8          4          0          4          0         68   cpp_memory.o
         2          0          0          0          0         68   cpp_signal.o
        32          6          0          8          0        252   cpp_unwinder.o
        40          6         64          0          0         68   ctype_c.o
         0          0          0          0          0          0   entry.o
         0          0          0          0          0          0   entry10a.o
         0          0          0          0          0          0   entry11a.o
         8          4          0          0          0          0   entry2.o
         4          0          0          0          0          0   entry5.o
         0          0          0          0          0          0   entry7b.o
         4          0          0          0          0          0   entry8a.o
         0          0          0          0          0          0   entry8b.o
         8          4          0          0          0          0   entry9a.o
        30          0          0          0          0          0   handlers.o
        36          8          0          0          0         68   init.o
        10          0          0          0          0         68   isspace_c.o
         0          0          0          0          0          0   iusefp.o
        30          0          0          0          0         68   llshl.o
        36          0          0          0          0         68   llsshr.o
        32          0          0          0          0         68   llushr.o
       108         16          0          0          0         84   malloc.o
        64          0          0          0          0         76   memmovea.o
        36          0          0          0          0        108   memseta.o
         0          0          0          8          0          0   mvars.o
      2276         96          0          0          0        596   printfa.o
        40          8          0          0          0         84   scanf_char.o
         0          0          0          4          0          0   stdout.o
        44          0          0          0          0         80   uidiv.o
        98          0          0          0          0         92   uldiv.o
        48          0          0          0          0         68   cdrcmple.o
       334          0          0          0          0        148   dadd.o
       222          0          0          0          0        100   ddiv.o
       186          0          0          0          0        176   depilogue.o
        48          0          0          0          0         68   dfixul.o
       228          0          0          0          0         96   dmul.o
        38          0          0          0          0         68   f2d.o

    ----------------------------------------------------------------------
      5682        192         67         24          4       3664   Library Totals
         6          0          3          0          4          0   (incl. Padding)

    ----------------------------------------------------------------------

      Code (inc. data)   RO Data    RW Data    ZI Data      Debug   Library Name

       216         18          0          0          0        500   cpprt_w.l
      4356        174         64         24          0       2440   mc_w.l
      1104          0          0          0          0        724   mf_w.l

    ----------------------------------------------------------------------
      5682        192         67         24          4       3664   Library Totals

    ----------------------------------------------------------------------

==============================================================================


      Code (inc. data)   RO Data    RW Data    ZI Data      Debug   

     32784       3680       3344       2308      23860     784050   Grand Totals
     32784       3680       3344       1984      23860     784050   ELF Image Totals (compressed)
     32784       3680       3344       1984          0          0   ROM Totals

==============================================================================

    Total RO  Size (Code + RO Data)                36128 (  35.28kB)
    Total RW  Size (RW Data + ZI Data)             26168 (  25.55kB)
    Total ROM Size (Code + RO Data + RW Data)      38112 (  37.22kB)

==============================================================================

